Archive member included because of file (symbol)

c:/Espressif/ESP8266_RTOS_SDK/lib\libmain.a(xtensa_vectors.o)
                              (call_user_start)
c:/Espressif/ESP8266_RTOS_SDK/lib\libmain.a(app_main.o)
                              c:/Espressif/ESP8266_RTOS_SDK/lib\libmain.a(xtensa_vectors.o) (user_fatal_exception_handler)
c:/Espressif/ESP8266_RTOS_SDK/lib\libmain.a(ets_timer.o)
                              c:/Espressif/ESP8266_RTOS_SDK/lib\libmain.a(app_main.o) (ets_timer_init)
c:/Espressif/ESP8266_RTOS_SDK/lib\libmain.a(misc.o)
                              c:/Espressif/ESP8266_RTOS_SDK/lib\libmain.a(app_main.o) (_putc1)
c:/Espressif/ESP8266_RTOS_SDK/lib\libmain.a(printf-stdarg.o)
                              c:/Espressif/ESP8266_RTOS_SDK/lib\libmain.a(app_main.o) (printf)
c:/Espressif/ESP8266_RTOS_SDK/lib\libmain.a(spi_flash.o)
                              c:/Espressif/ESP8266_RTOS_SDK/lib\libmain.a(app_main.o) (flashchip)
c:/Espressif/ESP8266_RTOS_SDK/lib\libmain.a(uart.o)
                              c:/Espressif/ESP8266_RTOS_SDK/lib\libmain.a(app_main.o) (uart_div_modify)
c:/Espressif/ESP8266_RTOS_SDK/lib\libmain.a(user_interface.o)
                              c:/Espressif/ESP8266_RTOS_SDK/lib\libmain.a(app_main.o) (rst_if)
c:/Espressif/ESP8266_RTOS_SDK/lib\libmain.a(os_cpu_a.o)
                              c:/Espressif/ESP8266_RTOS_SDK/lib\libmain.a(xtensa_vectors.o) (_xt_int_enter)
c:/Espressif/ESP8266_RTOS_SDK/lib\libmain.a(xtensa_context.o)
                              c:/Espressif/ESP8266_RTOS_SDK/lib\libmain.a(os_cpu_a.o) (_xt_context_save)
c:/Espressif/ESP8266_RTOS_SDK/lib\libfreertos.a(heap_4.o)
                              c:/Espressif/ESP8266_RTOS_SDK/lib\libmain.a(printf-stdarg.o) (xPortWantedSizeAlign)
c:/Espressif/ESP8266_RTOS_SDK/lib\libfreertos.a(port.o)
                              c:/Espressif/ESP8266_RTOS_SDK/lib\libmain.a(ets_timer.o) (PendSV)
c:/Espressif/ESP8266_RTOS_SDK/lib\libfreertos.a(queue.o)
                              c:/Espressif/ESP8266_RTOS_SDK/lib\libmain.a(ets_timer.o) (xQueueGenericCreate)
c:/Espressif/ESP8266_RTOS_SDK/lib\libfreertos.a(tasks.o)
                              c:/Espressif/ESP8266_RTOS_SDK/lib\libmain.a(os_cpu_a.o) (pxCurrentTCB)
c:/Espressif/ESP8266_RTOS_SDK/lib\libfreertos.a(timers.o)
                              c:/Espressif/ESP8266_RTOS_SDK/lib\libfreertos.a(tasks.o) (xTimerCreateTimerTask)
c:/Espressif/ESP8266_RTOS_SDK/lib\libfreertos.a(list.o)
                              c:/Espressif/ESP8266_RTOS_SDK/lib\libfreertos.a(queue.o) (vListInitialise)
c:/Espressif/ESP8266_RTOS_SDK/lib\liblwip.a(dhcp.o)
                              c:/Espressif/ESP8266_RTOS_SDK/lib\libmain.a(user_interface.o) (dhcp_cleanup)
c:/Espressif/ESP8266_RTOS_SDK/lib\liblwip.a(dhcpserver.o)
                              c:/Espressif/ESP8266_RTOS_SDK/lib\libmain.a(user_interface.o) (dhcps_start)
c:/Espressif/ESP8266_RTOS_SDK/lib\liblwip.a(dns.o)
                              c:/Espressif/ESP8266_RTOS_SDK/lib\liblwip.a(dhcp.o) (dns_setserver)
c:/Espressif/ESP8266_RTOS_SDK/lib\liblwip.a(etharp.o)
                              c:/Espressif/ESP8266_RTOS_SDK/lib\libmain.a(user_interface.o) (ethbroadcast)
c:/Espressif/ESP8266_RTOS_SDK/lib\liblwip.a(ip4_addr.o)
                              c:/Espressif/ESP8266_RTOS_SDK/lib\liblwip.a(dhcp.o) (ip_addr_any)
c:/Espressif/ESP8266_RTOS_SDK/lib\liblwip.a(ip4.o)
                              c:/Espressif/ESP8266_RTOS_SDK/lib\liblwip.a(etharp.o) (ip_input)
c:/Espressif/ESP8266_RTOS_SDK/lib\liblwip.a(ip6.o)
                              c:/Espressif/ESP8266_RTOS_SDK/lib\liblwip.a(etharp.o) (ip6_input)
c:/Espressif/ESP8266_RTOS_SDK/lib\liblwip.a(memp.o)
                              c:/Espressif/ESP8266_RTOS_SDK/lib\liblwip.a(etharp.o) (memp_sizes)
c:/Espressif/ESP8266_RTOS_SDK/lib\liblwip.a(mld6.o)
                              c:/Espressif/ESP8266_RTOS_SDK/lib\liblwip.a(ip6.o) (mld6_lookfor_group)
c:/Espressif/ESP8266_RTOS_SDK/lib\liblwip.a(nd6.o)
                              c:/Espressif/ESP8266_RTOS_SDK/lib\liblwip.a(ip6.o) (default_router_list)
c:/Espressif/ESP8266_RTOS_SDK/lib\liblwip.a(netif.o)
                              c:/Espressif/ESP8266_RTOS_SDK/lib\liblwip.a(dhcp.o) (netif_list)
c:/Espressif/ESP8266_RTOS_SDK/lib\liblwip.a(pbuf.o)
                              c:/Espressif/ESP8266_RTOS_SDK/lib\liblwip.a(dhcp.o) (pbuf_alloc)
c:/Espressif/ESP8266_RTOS_SDK/lib\liblwip.a(raw.o)
                              c:/Espressif/ESP8266_RTOS_SDK/lib\liblwip.a(ip4.o) (raw_input)
c:/Espressif/ESP8266_RTOS_SDK/lib\liblwip.a(sys_arch.o)
                              c:/Espressif/ESP8266_RTOS_SDK/lib\liblwip.a(pbuf.o) (sys_arch_protect)
c:/Espressif/ESP8266_RTOS_SDK/lib\liblwip.a(tcp_in.o)
                              c:/Espressif/ESP8266_RTOS_SDK/lib\liblwip.a(ip4.o) (tcp_input)
c:/Espressif/ESP8266_RTOS_SDK/lib\liblwip.a(tcpip.o)
[...]
Memory Configuration

Name             Origin             Length             Attributes
dport0_0_seg     0x3ff00000         0x00000010
dram0_0_seg      0x3ffe8000         0x00018000
iram1_0_seg      0x40100000         0x00008000
irom0_0_seg      0x40209000         0x00052000
*default*        0x00000000         0xffffffff

Linker script and memory map

START GROUP
LOAD c:/Espressif/ESP8266_RTOS_SDK/lib\libmicroc.a
LOAD c:/Espressif/ESP8266_RTOS_SDK/lib\libmicrogcc.a
LOAD c:/Espressif/ESP8266_RTOS_SDK/lib\libgcc.a
LOAD c:/espressif/xtensa-lx106-elf/bin/../lib/gcc/xtensa-lx106-elf/5.1.0/../../../../xtensa-lx106-elf/lib\libhal.a
LOAD c:/Espressif/ESP8266_RTOS_SDK/lib\libphy.a
LOAD c:/Espressif/ESP8266_RTOS_SDK/lib\libpp.a
LOAD c:/Espressif/ESP8266_RTOS_SDK/lib\libnet80211.a
LOAD c:/Espressif/ESP8266_RTOS_SDK/lib\libwpa.a
LOAD c:/Espressif/ESP8266_RTOS_SDK/lib\libcrypto.a
LOAD c:/Espressif/ESP8266_RTOS_SDK/lib\libmain.a
LOAD c:/Espressif/ESP8266_RTOS_SDK/lib\libfreertos.a
LOAD c:/Espressif/ESP8266_RTOS_SDK/lib\liblwip.a
LOAD c:/Espressif/ESP8266_RTOS_SDK/lib\libminic.a
LOAD build/app_app.a
END GROUP
                0x40000000                PROVIDE (_memmap_vecbase_reset, 0x40000000)
                0x00000110                _memmap_cacheattr_wb_base = 0x110
                0x00000110                _memmap_cacheattr_wt_base = 0x110
                0x00000220                _memmap_cacheattr_bp_base = 0x220
                0xfffff00f                _memmap_cacheattr_unused_mask = 0xfffff00f
                0x2222211f                _memmap_cacheattr_wb_trapnull = 0x2222211f
                0x2222211f                _memmap_cacheattr_wba_trapnull = 0x2222211f
                0x2222211f                _memmap_cacheattr_wbna_trapnull = 0x2222211f
                0x2222211f                _memmap_cacheattr_wt_trapnull = 0x2222211f
                0x2222222f                _memmap_cacheattr_bp_trapnull = 0x2222222f
                0xfffff11f                _memmap_cacheattr_wb_strict = 0xfffff11f
                0xfffff11f                _memmap_cacheattr_wt_strict = 0xfffff11f
                0xfffff22f                _memmap_cacheattr_bp_strict = 0xfffff22f
                0x22222112                _memmap_cacheattr_wb_allvalid = 0x22222112
                0x22222112                _memmap_cacheattr_wt_allvalid = 0x22222112
                0x22222222                _memmap_cacheattr_bp_allvalid = 0x22222222
                0x2222211f                PROVIDE (_memmap_cacheattr_reset, _memmap_cacheattr_wb_trapnull)

.dport0.rodata  0x3ff00000        0x0
                0x3ff00000                _dport0_rodata_start = ABSOLUTE (.)
 *(.dport0.rodata)
 *(.dport.rodata)
                0x3ff00000                _dport0_rodata_end = ABSOLUTE (.)

.dport0.literal
                0x3ff00000        0x0
                0x3ff00000                _dport0_literal_start = ABSOLUTE (.)
 *(.dport0.literal)
 *(.dport.literal)
                0x3ff00000                _dport0_literal_end = ABSOLUTE (.)

.dport0.data    0x3ff00000        0x0
                0x3ff00000                _dport0_data_start = ABSOLUTE (.)
 *(.dport0.data)
 *(.dport.data)
                0x3ff00000                _dport0_data_end = ABSOLUTE (.)

.data           0x3ffe8000      0x3a4
                0x3ffe8000                _data_start = ABSOLUTE (.)
 *(.data)
 .data          0x3ffe8000        0x8 c:/Espressif/ESP8266_RTOS_SDK/lib\libmain.a(xtensa_vectors.o)
                0x3ffe8000                _Pri_3_HandlerAddress
                0x3ffe8004                _Pri_3_NMICount
 .data          0x3ffe8008        0x2 c:/Espressif/ESP8266_RTOS_SDK/lib\libmain.a(app_main.o)
                0x3ffe8009                init_hw_wdt
 .data          0x3ffe800a        0x0 c:/Espressif/ESP8266_RTOS_SDK/lib\libmain.a(ets_timer.o)
 *fill*         0x3ffe800a        0x2 
 .data          0x3ffe800c        0x4 c:/Espressif/ESP8266_RTOS_SDK/lib\libmain.a(misc.o)
 .data          0x3ffe8010        0x0 c:/Espressif/ESP8266_RTOS_SDK/lib\libmain.a(printf-stdarg.o)
 .data          0x3ffe8010       0x18 c:/Espressif/ESP8266_RTOS_SDK/lib\libmain.a(spi_flash.o)
                0x3ffe8010                flashchip
 .data          0x3ffe8028        0x0 c:/Espressif/ESP8266_RTOS_SDK/lib\libmain.a(uart.o)
 .data          0x3ffe8028        0x3 c:/Espressif/ESP8266_RTOS_SDK/lib\libmain.a(user_interface.o)
                0x3ffe8028                dhcps_flag
                0x3ffe8029                dhcpc_flag
                0x3ffe802a                reconnect_internal
 .data          0x3ffe802b        0x0 c:/Espressif/ESP8266_RTOS_SDK/lib\libmain.a(os_cpu_a.o)
 .data          0x3ffe802b        0x0 c:/Espressif/ESP8266_RTOS_SDK/lib\libmain.a(xtensa_context.o)
 .data          0x3ffe802b        0x0 c:/Espressif/ESP8266_RTOS_SDK/lib\libfreertos.a(heap_4.o)
 .data          0x3ffe802b        0x0 c:/Espressif/ESP8266_RTOS_SDK/lib\libfreertos.a(port.o)
 .data          0x3ffe802b        0x0 c:/Espressif/ESP8266_RTOS_SDK/lib\libfreertos.a(queue.o)
 *fill*         0x3ffe802b        0x1 
 .data          0x3ffe802c        0x4 c:/Espressif/ESP8266_RTOS_SDK/lib\libfreertos.a(tasks.o)
 .data          0x3ffe8030        0x0 c:/Espressif/ESP8266_RTOS_SDK/lib\libfreertos.a(timers.o)
 .data          0x3ffe8030        0x0 c:/Espressif/ESP8266_RTOS_SDK/lib\libfreertos.a(list.o)
 .data          0x3ffe8030        0x0 c:/Espressif/ESP8266_RTOS_SDK/lib\liblwip.a(dhcp.o)
 .data          0x3ffe8030        0x5 c:/Espressif/ESP8266_RTOS_SDK/lib\liblwip.a(dhcpserver.o)
                0x3ffe8030                dhcps_lease_time
 .data          0x3ffe8035        0x0 c:/Espressif/ESP8266_RTOS_SDK/lib\liblwip.a(dns.o)
 .data          0x3ffe8035        0x0 c:/Espressif/ESP8266_RTOS_SDK/lib\liblwip.a(etharp.o)
 .data          0x3ffe8035        0x0 c:/Espressif/ESP8266_RTOS_SDK/lib\liblwip.a(ip4_addr.o)
 .data          0x3ffe8035        0x0 c:/Espressif/ESP8266_RTOS_SDK/lib\liblwip.a(ip4.o)
 .data          0x3ffe8035        0x0 c:/Espressif/ESP8266_RTOS_SDK/lib\liblwip.a(ip6.o)
 .data          0x3ffe8035        0x0 c:/Espressif/ESP8266_RTOS_SDK/lib\liblwip.a(memp.o)
 .data          0x3ffe8035        0x0 c:/Espressif/ESP8266_RTOS_SDK/lib\liblwip.a(mld6.o)
 *fill*         0x3ffe8035        0x3 
 .data          0x3ffe8038        0x8 c:/Espressif/ESP8266_RTOS_SDK/lib\liblwip.a(nd6.o)
                0x3ffe8038                reachable_time
                0x3ffe803c                retrans_timer
 .data          0x3ffe8040        0x0 c:/Espressif/ESP8266_RTOS_SDK/lib\liblwip.a(netif.o)
 .data          0x3ffe8040        0x0 c:/Espressif/ESP8266_RTOS_SDK/lib\liblwip.a(pbuf.o)
 .data          0x3ffe8040        0x0 c:/Espressif/ESP8266_RTOS_SDK/lib\liblwip.a(raw.o)
 .data          0x3ffe8040        0x0 c:/Espressif/ESP8266_RTOS_SDK/lib\liblwip.a(sys_arch.o)
 .data          0x3ffe8040        0x0 c:/Espressif/ESP8266_RTOS_SDK/lib\liblwip.a(tcp_in.o)
 .data          0x3ffe8040        0x0 c:/Espressif/ESP8266_RTOS_SDK/lib\liblwip.a(tcpip.o)
 .data          0x3ffe8040        0x8 c:/Espressif/ESP8266_RTOS_SDK/lib\liblwip.a(tcp.o)
 .data          0x3ffe8048        0x0 c:/Espressif/ESP8266_RTOS_SDK/lib\liblwip.a(tcp_out.o)
 .data          0x3ffe8048        0x0 c:/Espressif/ESP8266_RTOS_SDK/lib\liblwip.a(timers.o)
 .data          0x3ffe8048        0x2 c:/Espressif/ESP8266_RTOS_SDK/lib\liblwip.a(udp.o)
 .data          0x3ffe804a        0x0 c:/Espressif/ESP8266_RTOS_SDK/lib\liblwip.a(api_msg.o)
 .data          0x3ffe804a        0x0 c:/Espressif/ESP8266_RTOS_SDK/lib\liblwip.a(icmp6.o)
 .data          0x3ffe804a        0x0 c:/Espressif/ESP8266_RTOS_SDK/lib\liblwip.a(icmp.o)
 .data          0x3ffe804a        0x0 c:/Espressif/ESP8266_RTOS_SDK/lib\liblwip.a(inet_chksum.o)
 .data          0x3ffe804a        0x0 c:/Espressif/ESP8266_RTOS_SDK/lib\liblwip.a(init.o)
 .data          0x3ffe804a        0x0 c:/Espressif/ESP8266_RTOS_SDK/lib\liblwip.a(ip6_addr.o)
 .data          0x3ffe804a        0x0 c:/Espressif/ESP8266_RTOS_SDK/lib\liblwip.a(ip6_frag.o)
 .data          0x3ffe804a        0x0 c:/Espressif/ESP8266_RTOS_SDK/lib\liblwip.a(netbuf.o)
 .data          0x3ffe804a        0x0 c:/Espressif/ESP8266_RTOS_SDK/lib\liblwip.a(sockets.o)
 .data          0x3ffe804a        0x0 c:/Espressif/ESP8266_RTOS_SDK/lib\liblwip.a(api_lib.o)
 *fill*         0x3ffe804a        0x2 
 .data          0x3ffe804c        0x4 c:/Espressif/ESP8266_RTOS_SDK/lib\libminic.a(minic.o)
                0x3ffe804c                __ctype_ptr__
 .data          0x3ffe8050        0x0 build/app_app.a(user_main_sming.o)
 .data          0x3ffe8050        0x0 build/app_app.a(Digital.o)
 .data          0x3ffe8050        0x0 build/app_app.a(Temp_HardwareSerial.o)
 .data          0x3ffe8050        0x0 build/app_app.a(Timer.o)
 .data          0x3ffe8050        0x0 build/app_app.a(WifiStation.o)
 .data          0x3ffe8050        0x0 build/app_app.a(CQueue.o)
 .data          0x3ffe8050        0x0 build/app_app.a(CTask.o)
 .data          0x3ffe8050        0x0 build/app_app.a(IPAddress.o)
 .data          0x3ffe8050        0x0 build/app_app.a(Print.o)
 .data          0x3ffe8050        0x0 build/app_app.a(WString.o)
 .data          0x3ffe8050        0x0 build/app_app.a(HttpResponse.o)
 .data          0x3ffe8050        0x0 build/app_app.a(HttpServer.o)
 .data          0x3ffe8050        0x0 build/app_app.a(HttpServerConnection.o)
 .data          0x3ffe8050        0x0 build/app_app.a(TcpClient.o)
 .data          0x3ffe8050        0x0 build/app_app.a(TcpConnection.o)
 .data          0x3ffe8050        0x0 build/app_app.a(TcpServer.o)
 .data          0x3ffe8050        0x0 build/app_app.a(TelnetServer.o)
 .data          0x3ffe8050        0x0 build/app_app.a(UdpConnection.o)
 .data          0x3ffe8050        0x0 build/app_app.a(WebSocket.o)
 .data          0x3ffe8050        0x0 build/app_app.a(CommandExecutor.o)
 .data          0x3ffe8050        0x0 build/app_app.a(CommandHandler.o)
 .data          0x3ffe8050        0x0 build/app_app.a(CommandOutput.o)
 .data          0x3ffe8050        0x0 build/app_app.a(base64.o)
 .data          0x3ffe8050        0x0 build/app_app.a(websocket.o)
 .data          0x3ffe8050        0x0 build/app_app.a(m_printf.o)
 .data          0x3ffe8050        0x0 build/app_app.a(uart.o)
 .data          0x3ffe8050        0x0 build/app_app.a(DataSourceStream.o)
 .data          0x3ffe8050        0x0 build/app_app.a(FileSystem.o)
 .data          0x3ffe8050        0x0 build/app_app.a(SystemClock.o)
 .data          0x3ffe8050        0x0 build/app_app.a(stringconversion.o)
 .data          0x3ffe8050        0x0 build/app_app.a(SplitString.o)
 .data          0x3ffe8050        0x0 build/app_app.a(RTC.o)
 .data          0x3ffe8050        0x0 build/app_app.a(HttpRequest.o)
 .data          0x3ffe8050        0x0 build/app_app.a(NetUtils.o)
 .data          0x3ffe8050        0x0 build/app_app.a(ArduinoJson.o)
 .data          0x3ffe8050        0x0 build/app_app.a(CommandDelegate.o)
 .data          0x3ffe8050        0x0 build/app_app.a(DateTime.o)
 .data          0x3ffe8050        0x0 build/app_app.a(spiffs_hydrogen.o)
 .data          0x3ffe8050        0x0 build/app_app.a(spiffs_nucleus.o)
 .data          0x3ffe8050        0x0 build/app_app.a(spiffs_sming.o)
 .data          0x3ffe8050        0x0 build/app_app.a(escape.o)
 .data          0x3ffe8050        0x0 build/app_app.a(flashmem.o)
 .data          0x3ffe8050        0x0 build/app_app.a(spiffs_cache.o)
 .data          0x3ffe8050        0x0 build/app_app.a(spiffs_check.o)
 .data          0x3ffe8050        0x0 build/app_app.a(spiffs_gc.o)
 .data          0x3ffe8050        0x0 c:/Espressif/ESP8266_RTOS_SDK/lib\libmicroc.a(isprint.o)
 .data          0x3ffe8050        0x0 c:/Espressif/ESP8266_RTOS_SDK/lib\libmicroc.a(isspace.o)
 .data          0x3ffe8050        0x0 c:/Espressif/ESP8266_RTOS_SDK/lib\libmicroc.a(tolower.o)
 .data          0x3ffe8050        0x0 c:/Espressif/ESP8266_RTOS_SDK/lib\libmicroc.a(toupper.o)
 .data          0x3ffe8050        0x0 c:/Espressif/ESP8266_RTOS_SDK/lib\libmicroc.a(isxdigit.o)
 .data          0x3ffe8050        0x0 c:/Espressif/ESP8266_RTOS_SDK/lib\libmicroc.a(atof.o)
 .data          0x3ffe8050        0x0 c:/Espressif/ESP8266_RTOS_SDK/lib\libmicroc.a(strtod.o)
 .data          0x3ffe8050        0x0 c:/Espressif/ESP8266_RTOS_SDK/lib\libmicroc.a(__fpclassify.o)
 .data          0x3ffe8050        0x0 c:/Espressif/ESP8266_RTOS_SDK/lib\libmicroc.a(memchr.o)
 .data          0x3ffe8050        0x0 c:/Espressif/ESP8266_RTOS_SDK/lib\libmicroc.a(__errno_location.o)
 .data          0x3ffe8050        0x0 c:/Espressif/ESP8266_RTOS_SDK/lib\libmicroc.a(floatscan.o)
 .data          0x3ffe8050        0x0 c:/Espressif/ESP8266_RTOS_SDK/lib\libmicroc.a(shgetc.o)
 .data          0x3ffe8050        0x0 c:/Espressif/ESP8266_RTOS_SDK/lib\libmicroc.a(__uflow.o)
 .data          0x3ffe8050        0x0 c:/Espressif/ESP8266_RTOS_SDK/lib\libmicroc.a(__toread.o)
 .data          0x3ffe8050        0x0 c:/Espressif/ESP8266_RTOS_SDK/lib\libmicroc.a(__stdio_exit.o)
 .data          0x3ffe8050        0x0 c:/Espressif/ESP8266_RTOS_SDK/lib\libmicroc.a(fmodl.o)
 .data          0x3ffe8050        0x0 c:/Espressif/ESP8266_RTOS_SDK/lib\libmicroc.a(scalbn.o)
 .data          0x3ffe8050        0x0 c:/Espressif/ESP8266_RTOS_SDK/lib\libmicroc.a(scalbnl.o)
 .data          0x3ffe8050        0x0 c:/Espressif/ESP8266_RTOS_SDK/lib\libmicroc.a(fmod.o)
 .data          0x3ffe8050        0x0 c:/Espressif/ESP8266_RTOS_SDK/lib\libmicrogcc.a(_ashldi3.o)
 .data          0x3ffe8050        0x0 c:/Espressif/ESP8266_RTOS_SDK/lib\libmicrogcc.a(_cmpdf2.o)
 .data          0x3ffe8050        0x0 c:/Espressif/ESP8266_RTOS_SDK/lib\libmicrogcc.a(_lshrdi3.o)
 .data          0x3ffe8050        0x0 c:/Espressif/ESP8266_RTOS_SDK/lib\libmicrogcc.a(_modsi3.o)
 .data          0x3ffe8050        0x0 c:/Espressif/ESP8266_RTOS_SDK/lib\libgcc.a(_mulsf3.o)
 .data          0x3ffe8050        0x0 c:/espressif/xtensa-lx106-elf/bin/../lib/gcc/xtensa-lx106-elf/5.1.0/../../../../xtensa-lx106-elf/lib\libhal.a(clock.o)
 .data          0x3ffe8050        0x0 c:/espressif/xtensa-lx106-elf/bin/../lib/gcc/xtensa-lx106-elf/5.1.0/../../../../xtensa-lx106-elf/lib\libhal.a(int_asm--set_intset.o)
 .data          0x3ffe8050        0x0 c:/Espressif/ESP8266_RTOS_SDK/lib\libphy.a(phy.o)
 .data          0x3ffe8050        0x0 c:/Espressif/ESP8266_RTOS_SDK/lib\libphy.a(phy_chip_v6_ana.o)
 .data          0x3ffe8050       0x53 c:/Espressif/ESP8266_RTOS_SDK/lib\libphy.a(phy_chip_v6.o)
                0x3ffe8052                tx_rf_ana_gain
                0x3ffe8080                rx_gain_swp
                0x3ffe80a0                test_rffreq_txcap
 .data          0x3ffe80a3        0x0 c:/Espressif/ESP8266_RTOS_SDK/lib\libphy.a(phy_chip_v6_cal.o)
 .data          0x3ffe80a3        0x0 c:/Espressif/ESP8266_RTOS_SDK/lib\libphy.a(phy_chip_v6_unused.o)
 *fill*         0x3ffe80a3        0x1 
 .data          0x3ffe80a4        0x4 c:/Espressif/ESP8266_RTOS_SDK/lib\libphy.a(phy_sleep.o)
                0x3ffe80a4                chip_version
 .data          0x3ffe80a8        0x4 c:/Espressif/ESP8266_RTOS_SDK/lib\libphy.a(phy_chip_v5_romfunc.o)
                0x3ffe80a8                g_phyFuns
 .data          0x3ffe80ac        0x0 c:/Espressif/ESP8266_RTOS_SDK/lib\libphy.a(phy_chip_v5_ana_romfunc.o)
 *fill*         0x3ffe80ac        0x4 
 .data          0x3ffe80b0        0x7 c:/Espressif/ESP8266_RTOS_SDK/lib\libphy.a(phy_chip_v5_cal_romfunc.o)
 .data          0x3ffe80b7        0x0 c:/Espressif/ESP8266_RTOS_SDK/lib\libpp.a(if_hwctrl.o)
 .data          0x3ffe80b7        0x0 c:/Espressif/ESP8266_RTOS_SDK/lib\libpp.a(lmac.o)
 *fill*         0x3ffe80b7        0x1 
 .data          0x3ffe80b8        0x1 c:/Espressif/ESP8266_RTOS_SDK/lib\libpp.a(pm.o)
 *fill*         0x3ffe80b9        0x3 
 .data          0x3ffe80bc        0x1 c:/Espressif/ESP8266_RTOS_SDK/lib\libpp.a(pm_for_bcn_only_mode.o)
 *fill*         0x3ffe80bd        0x3 
 .data          0x3ffe80c0       0x11 c:/Espressif/ESP8266_RTOS_SDK/lib\libpp.a(pp.o)
                0x3ffe80c0                NoiseTimerInterval
                0x3ffe80c8                sleep_start_wait_time
                0x3ffe80d0                CanDoFreqCal
 *fill*         0x3ffe80d1        0xf 
 .data          0x3ffe80e0       0x40 c:/Espressif/ESP8266_RTOS_SDK/lib\libpp.a(rate_control.o)
 .data          0x3ffe8120      0x24c c:/Espressif/ESP8266_RTOS_SDK/lib\libpp.a(trc.o)
 .data          0x3ffe836c        0xc c:/Espressif/ESP8266_RTOS_SDK/lib\libpp.a(wdev.o)
                0x3ffe8374                WDEV_INTEREST_EVENT
 .data          0x3ffe8378        0x0 c:/Espressif/ESP8266_RTOS_SDK/lib\libpp.a(esf_buf.o)
 .data          0x3ffe8378        0x0 c:/Espressif/ESP8266_RTOS_SDK/lib\libnet80211.a(ieee80211.o)
 .data          0x3ffe8378        0x0 c:/Espressif/ESP8266_RTOS_SDK/lib\libnet80211.a(ieee80211_crypto.o)
 .data          0x3ffe8378        0x0 c:/Espressif/ESP8266_RTOS_SDK/lib\libnet80211.a(ieee80211_ets.o)
 .data          0x3ffe8378        0x1 c:/Espressif/ESP8266_RTOS_SDK/lib\libnet80211.a(ieee80211_hostap.o)
                0x3ffe8378                TmpSTAAPCloseAP
 .data          0x3ffe8379        0x0 c:/Espressif/ESP8266_RTOS_SDK/lib\libnet80211.a(ieee80211_ht.o)
 .data          0x3ffe8379        0x0 c:/Espressif/ESP8266_RTOS_SDK/lib\libnet80211.a(ieee80211_input.o)
 .data          0x3ffe8379        0x0 c:/Espressif/ESP8266_RTOS_SDK/lib\libnet80211.a(ieee80211_mesh_quick.o)
 .data          0x3ffe8379        0x0 c:/Espressif/ESP8266_RTOS_SDK/lib\libnet80211.a(ieee80211_output.o)
 .data          0x3ffe8379        0x0 c:/Espressif/ESP8266_RTOS_SDK/lib\libnet80211.a(ieee80211_phy.o)
 .data          0x3ffe8379        0x0 c:/Espressif/ESP8266_RTOS_SDK/lib\libnet80211.a(ieee80211_power.o)
 .data          0x3ffe8379        0x0 c:/Espressif/ESP8266_RTOS_SDK/lib\libnet80211.a(ieee80211_proto.o)
 .data          0x3ffe8379        0x0 c:/Espressif/ESP8266_RTOS_SDK/lib\libnet80211.a(ieee80211_rfid.o)
 .data          0x3ffe8379        0x0 c:/Espressif/ESP8266_RTOS_SDK/lib\libnet80211.a(ieee80211_scan.o)
 .data          0x3ffe8379        0x0 c:/Espressif/ESP8266_RTOS_SDK/lib\libnet80211.a(ieee80211_sta.o)
 .data          0x3ffe8379        0x0 c:/Espressif/ESP8266_RTOS_SDK/lib\libnet80211.a(wl_chm.o)
 *fill*         0x3ffe8379        0x3 
 .data          0x3ffe837c        0x1 c:/Espressif/ESP8266_RTOS_SDK/lib\libnet80211.a(wl_cnx.o)
 *fill*         0x3ffe837d        0x3 
 .data          0x3ffe8380       0x1c c:/Espressif/ESP8266_RTOS_SDK/lib\libnet80211.a(ieee80211_action.o)
 .data          0x3ffe839c        0x0 c:/Espressif/ESP8266_RTOS_SDK/lib\libnet80211.a(ieee80211_action_vendor.o)
 .data          0x3ffe839c        0x0 c:/Espressif/ESP8266_RTOS_SDK/lib\libnet80211.a(ieee80211_crypto_ccmp.o)
 .data          0x3ffe839c        0x0 c:/Espressif/ESP8266_RTOS_SDK/lib\libnet80211.a(ieee80211_ie_vendor.o)
 .data          0x3ffe839c        0x0 c:/Espressif/ESP8266_RTOS_SDK/lib\libwpa.a(ap_config.o)
 .data          0x3ffe839c        0x0 c:/Espressif/ESP8266_RTOS_SDK/lib\libwpa.a(common.o)
 .data          0x3ffe839c        0x0 c:/Espressif/ESP8266_RTOS_SDK/lib\libwpa.a(os_xtensa.o)
 .data          0x3ffe839c        0x0 c:/Espressif/ESP8266_RTOS_SDK/lib\libwpa.a(wpa_auth.o)
 .data          0x3ffe839c        0x0 c:/Espressif/ESP8266_RTOS_SDK/lib\libwpa.a(wpa_auth_ie.o)
 .data          0x3ffe839c        0x0 c:/Espressif/ESP8266_RTOS_SDK/lib\libwpa.a(wpa.o)
 .data          0x3ffe839c        0x0 c:/Espressif/ESP8266_RTOS_SDK/lib\libwpa.a(wpa_common.o)
 .data          0x3ffe839c        0x0 c:/Espressif/ESP8266_RTOS_SDK/lib\libwpa.a(wpa_debug.o)
 .data          0x3ffe839c        0x0 c:/Espressif/ESP8266_RTOS_SDK/lib\libwpa.a(wpa_ie.o)
 .data          0x3ffe839c        0x0 c:/Espressif/ESP8266_RTOS_SDK/lib\libwpa.a(wpa_main.o)
 .data          0x3ffe839c        0x0 c:/Espressif/ESP8266_RTOS_SDK/lib\libwpa.a(wpas_glue.o)
 .data          0x3ffe839c        0x0 c:/Espressif/ESP8266_RTOS_SDK/lib\libcrypto.a(aes-unwrap.o)
 .data          0x3ffe839c        0x0 c:/Espressif/ESP8266_RTOS_SDK/lib\libcrypto.a(aes-wrap.o)
 .data          0x3ffe839c        0x0 c:/Espressif/ESP8266_RTOS_SDK/lib\libcrypto.a(md5.o)
 .data          0x3ffe839c        0x0 c:/Espressif/ESP8266_RTOS_SDK/lib\libcrypto.a(md5-internal.o)
 .data          0x3ffe839c        0x0 c:/Espressif/ESP8266_RTOS_SDK/lib\libcrypto.a(rc4.o)
 .data          0x3ffe839c        0x0 c:/Espressif/ESP8266_RTOS_SDK/lib\libcrypto.a(sha1.o)
 .data          0x3ffe839c        0x0 c:/Espressif/ESP8266_RTOS_SDK/lib\libcrypto.a(sha1-internal.o)
 .data          0x3ffe839c        0x0 c:/Espressif/ESP8266_RTOS_SDK/lib\libcrypto.a(sha1-pbkdf2.o)
 .data          0x3ffe839c        0x0 c:/Espressif/ESP8266_RTOS_SDK/lib\libcrypto.a(aes-internal-dec.o)
 .data          0x3ffe839c        0x0 c:/Espressif/ESP8266_RTOS_SDK/lib\libcrypto.a(aes-internal-enc.o)
 .data          0x3ffe839c        0x0 c:/Espressif/ESP8266_RTOS_SDK/lib\libcrypto.a(aes-internal.o)
 .data          0x3ffe839c        0x0 c:/Espressif/ESP8266_RTOS_SDK/lib\libmain.a(routines.o)
 .data          0x3ffe839c        0x0 c:/Espressif/ESP8266_RTOS_SDK/lib\liblwip.a(ethernetif.o)
 .data          0x3ffe839c        0x0 c:/Espressif/ESP8266_RTOS_SDK/lib\liblwip.a(ethip6.o)
 .data          0x3ffe839c        0x0 c:/Espressif/ESP8266_RTOS_SDK/lib\libmicrogcc.a(_ashrdi3.o)
 .data          0x3ffe839c        0x0 c:/Espressif/ESP8266_RTOS_SDK/lib\libmicrogcc.a(_divsf3.o)
 .data          0x3ffe839c        0x0 c:/Espressif/ESP8266_RTOS_SDK/lib\libmicrogcc.a(_fixsfsi.o)
 .data          0x3ffe839c        0x0 c:/Espressif/ESP8266_RTOS_SDK/lib\libnet80211.a(ieee80211_crypto_tkip.o)
 .data          0x3ffe839c        0x0 c:/Espressif/ESP8266_RTOS_SDK/lib\libnet80211.a(ieee80211_crypto_wep.o)
 *(.data.*)
 .data.state    0x3ffe839c        0x1 build/app_app.a(user_main_sming.o)
                0x3ffe839c                state
 *fill*         0x3ffe839d        0x3 
 .data.cbc_printchar
                0x3ffe83a0        0x4 build/app_app.a(m_printf.o)
                0x3ffe83a0                cbc_printchar
 *(.gnu.linkonce.d.*)
 *(.data1)
 *(.sdata)
 *(.sdata.*)
 *(.gnu.linkonce.s.*)
 *(.sdata2)
 *(.sdata2.*)
 *(.gnu.linkonce.s2.*)
 *(.jcr)
                0x3ffe83a4                _data_end = ABSOLUTE (.)

.rodata         0x3ffe83b0     0x209c
                0x3ffe83b0                _rodata_start = ABSOLUTE (.)
 *(.rodata)
 .rodata        0x3ffe83b0       0x14 c:/Espressif/ESP8266_RTOS_SDK/lib\libfreertos.a(tasks.o)
 .rodata        0x3ffe83c4        0x6 c:/Espressif/ESP8266_RTOS_SDK/lib\liblwip.a(etharp.o)
                0x3ffe83c4                ethbroadcast
 *fill*         0x3ffe83ca        0x6 
 .rodata        0x3ffe83d0      0x101 c:/Espressif/ESP8266_RTOS_SDK/lib\libminic.a(minic.o)
                0x3ffe83d0                _ctype_
 *fill*         0x3ffe84d1        0x3 
 .rodata        0x3ffe84d4       0x14 build/app_app.a(WebSocket.o)
 .rodata        0x3ffe84e8       0x20 c:/Espressif/ESP8266_RTOS_SDK/lib\libmicroc.a(floatscan.o)
 .rodata        0x3ffe8508        0x8 c:/Espressif/ESP8266_RTOS_SDK/lib\libphy.a(phy_chip_v6_ana.o)
 .rodata        0x3ffe8510        0x8 c:/Espressif/ESP8266_RTOS_SDK/lib\libphy.a(phy_chip_v6.o)
 *fill*         0x3ffe8518        0x8 
 .rodata        0x3ffe8520       0x10 c:/Espressif/ESP8266_RTOS_SDK/lib\libphy.a(phy_chip_v5_romfunc.o)
 .rodata        0x3ffe8530        0xc c:/Espressif/ESP8266_RTOS_SDK/lib\libphy.a(phy_chip_v5_ana_romfunc.o)
 .rodata        0x3ffe853c        0x4 c:/Espressif/ESP8266_RTOS_SDK/lib\libpp.a(pp.o)
 .rodata        0x3ffe8540        0x8 c:/Espressif/ESP8266_RTOS_SDK/lib\libnet80211.a(ieee80211_hostap.o)
 .rodata        0x3ffe8548        0x2 c:/Espressif/ESP8266_RTOS_SDK/lib\libcrypto.a(sha1-internal.o)
 *(.rodata.*)
 *fill*         0x3ffe854a        0x2 
 .rodata.str1.4
                0x3ffe854c       0x10 c:/Espressif/ESP8266_RTOS_SDK/lib\libmain.a(app_main.o)
 .rodata.str1.4
                0x3ffe855c        0x8 c:/Espressif/ESP8266_RTOS_SDK/lib\libmain.a(ets_timer.o)
                                 0x10 (size before relaxing)
 .rodata.str1.4
                0x3ffe8564        0xc c:/Espressif/ESP8266_RTOS_SDK/lib\libmain.a(printf-stdarg.o)
 .rodata.str1.4
                0x3ffe8570       0x1b c:/Espressif/ESP8266_RTOS_SDK/lib\libmain.a(user_interface.o)
 *fill*         0x3ffe858b        0x1 
 .rodata.str1.4
                0x3ffe858c        0x5 c:/Espressif/ESP8266_RTOS_SDK/lib\libfreertos.a(tasks.o)
 *fill*         0x3ffe8591        0x3 
 .rodata.str1.4
                0x3ffe8594        0x8 c:/Espressif/ESP8266_RTOS_SDK/lib\libfreertos.a(timers.o)
 .rodata.str1.4
                0x3ffe859c        0x4 c:/Espressif/ESP8266_RTOS_SDK/lib\liblwip.a(tcpip.o)
 .rodata.str1.1
                0x3ffe85a0      0x402 build/app_app.a(user_main_sming.o)
                                0x40f (size before relaxing)
 *fill*         0x3ffe89a2        0x2 
 .rodata._ZTV6VectorI6StringE
                0x3ffe89a4       0x1c build/app_app.a(user_main_sming.o)
                0x3ffe89a4                vtable for Vector<String>
 .rodata._ZTV14FunctionCallerIPFvR9TcpClientbEvJS1_bEE
                0x3ffe89c0       0x14 build/app_app.a(user_main_sming.o)
                0x3ffe89c0                vtable for FunctionCaller<void (*)(TcpClient&, bool), void, TcpClient&, bool>
 .rodata._ZTV14FunctionCallerIPFbR9TcpClientPciEbJS1_S2_iEE
                0x3ffe89d4       0x14 build/app_app.a(user_main_sming.o)
                0x3ffe89d4                vtable for FunctionCaller<bool (*)(TcpClient&, char*, int), bool, TcpClient&, char*, int>
 .rodata._ZTV14FunctionCallerIPFvP9TcpClientEvJS1_EE
                0x3ffe89e8       0x14 build/app_app.a(user_main_sming.o)
                0x3ffe89e8                vtable for FunctionCaller<void (*)(TcpClient*), void, TcpClient*>
 .rodata._ZTV14FunctionCallerIPFvvEvJEE
                0x3ffe89fc       0x14 build/app_app.a(user_main_sming.o)
                0x3ffe89fc                vtable for FunctionCaller<void (*)(), void>
 .rodata._ZTV14FunctionCallerIPFvR13UdpConnectionPci9IPAddresstEvJS1_S2_iS3_tEE
                0x3ffe8a10       0x14 build/app_app.a(user_main_sming.o)
                0x3ffe8a10                vtable for FunctionCaller<void (*)(UdpConnection&, char*, int, IPAddress, unsigned short), void, UdpConnection&, char*, int, IPAddress, unsigned short>
 .rodata._ZTV14FunctionCallerIPFvR11HttpRequestR12HttpResponseEvJS1_S3_EE
                0x3ffe8a24       0x14 build/app_app.a(user_main_sming.o)
                0x3ffe8a24                vtable for FunctionCaller<void (*)(HttpRequest&, HttpResponse&), void, HttpRequest&, HttpResponse&>
 .rodata._ZL14EspDigitalPins
                0x3ffe8a38       0xc0 build/app_app.a(Digital.o)
 .rodata._ZTV14HardwareSerial
                0x3ffe8af8       0x20 build/app_app.a(Temp_HardwareSerial.o)
                0x3ffe8af8                vtable for HardwareSerial
 .rodata._ZTV11WifiStation
                0x3ffe8b18       0x10 build/app_app.a(WifiStation.o)
                0x3ffe8b18                vtable for WifiStation
 .rodata._ZTV6CQueue
                0x3ffe8b28       0x1c build/app_app.a(CQueue.o)
                0x3ffe8b28                vtable for CQueue
 .rodata._ZTV5CTask
                0x3ffe8b44       0x1c build/app_app.a(CTask.o)
                0x3ffe8b44                vtable for CTask
 .rodata.str1.1
                0x3ffe8b60        0xf build/app_app.a(IPAddress.o)
                                 0x10 (size before relaxing)
 .rodata.str1.1
                0x3ffe8b6f        0xe build/app_app.a(Print.o)
 *fill*         0x3ffe8b7d        0x3 
 .rodata._ZTV5Print
                0x3ffe8b80       0x10 build/app_app.a(Print.o)
                0x3ffe8b80                vtable for Print
 .rodata.str1.1
                0x00000000        0x1 build/app_app.a(WString.o)
 .rodata.str1.1
                0x3ffe8b90      0x1c2 build/app_app.a(HttpResponse.o)
                                0x1df (size before relaxing)
 *fill*         0x3ffe8d52        0x2 
 .rodata._ZTV12HttpResponse
                0x3ffe8d54       0x10 build/app_app.a(HttpResponse.o)
                0x3ffe8d54                vtable for HttpResponse
 .rodata.str1.1
                0x3ffe8d64      0x15d build/app_app.a(HttpServer.o)
                                0x174 (size before relaxing)
 *fill*         0x3ffe8ec1        0x3 
 .rodata._ZTV6VectorI9WebSocketE
                0x3ffe8ec4       0x1c build/app_app.a(HttpServer.o)
                0x3ffe8ec4                vtable for Vector<WebSocket>
 .rodata._ZTV10HttpServer
                0x3ffe8ee0       0x5c build/app_app.a(HttpServer.o)
                0x3ffe8ee0                vtable for HttpServer
 .rodata._ZTV12MethodCallerIM10HttpServerFvR20HttpServerConnectionEE
                0x3ffe8f3c       0x14 build/app_app.a(HttpServer.o)
                0x3ffe8f3c                vtable for MethodCaller<void (HttpServer::*)(HttpServerConnection&)>
 .rodata.str1.1
                0x3ffe8f50       0xff build/app_app.a(HttpServerConnection.o)
                                0x10f (size before relaxing)
 *fill*         0x3ffe904f        0x1 
 .rodata._ZTV20HttpServerConnection
                0x3ffe9050       0x40 build/app_app.a(HttpServerConnection.o)
                0x3ffe9050                vtable for HttpServerConnection
 .rodata.str1.1
                0x3ffe9090       0x1d build/app_app.a(TcpClient.o)
 *fill*         0x3ffe90ad        0x3 
 .rodata._ZTV9TcpClient
                0x3ffe90b0       0x3c build/app_app.a(TcpClient.o)
                0x3ffe90b0                vtable for TcpClient
 .rodata.str1.1
                0x3ffe90ec      0x25b build/app_app.a(TcpConnection.o)
                                0x278 (size before relaxing)
 *fill*         0x3ffe9347        0x1 
 .rodata._ZTV13TcpConnection
                0x3ffe9348       0x38 build/app_app.a(TcpConnection.o)
                0x3ffe9348                vtable for TcpConnection
 .rodata.str1.1
                0x3ffe9380      0x13b build/app_app.a(TcpServer.o)
 *fill*         0x3ffe94bb        0x1 
 .rodata._ZTV9TcpServer
                0x3ffe94bc       0x50 build/app_app.a(TcpServer.o)
                0x3ffe94bc                vtable for TcpServer
 .rodata._ZTV12MethodCallerIM9TcpServerFbR9TcpClientPciEE
                0x3ffe950c       0x14 build/app_app.a(TcpServer.o)
                0x3ffe950c                vtable for MethodCaller<bool (TcpServer::*)(TcpClient&, char*, int)>
 .rodata._ZTV12MethodCallerIM9TcpServerFvR9TcpClientbEE
                0x3ffe9520       0x14 build/app_app.a(TcpServer.o)
                0x3ffe9520                vtable for MethodCaller<void (TcpServer::*)(TcpClient&, bool)>
 .rodata.str1.1
                0x3ffe9534       0xfb build/app_app.a(TelnetServer.o)
                                0x107 (size before relaxing)
 *fill*         0x3ffe962f        0x1 
 .rodata._ZTV12TelnetServer
                0x3ffe9630       0x50 build/app_app.a(TelnetServer.o)
                0x3ffe9630                vtable for TelnetServer
 .rodata.str1.1
                0x3ffe9680       0x95 build/app_app.a(UdpConnection.o)
 *fill*         0x3ffe9715        0x3 
 .rodata._ZTV13UdpConnection
                0x3ffe9718       0x28 build/app_app.a(UdpConnection.o)
                0x3ffe9718                vtable for UdpConnection
 .rodata.str1.1
                0x3ffe9740       0x1f build/app_app.a(WebSocket.o)
                                 0x5b (size before relaxing)
 *fill*         0x3ffe975f        0x1 
 .rodata._ZTV9WebSocket
                0x3ffe9760        0xc build/app_app.a(WebSocket.o)
                0x3ffe9760                vtable for WebSocket
 .rodata.str1.1
                0x3ffe976c       0xf3 build/app_app.a(CommandExecutor.o)
                                 0xf8 (size before relaxing)
 .rodata.str1.1
                0x3ffe985f      0x3b1 build/app_app.a(CommandHandler.o)
                                0x3b9 (size before relaxing)
 .rodata._ZTV12MethodCallerIM14CommandHandlerFv6StringP13CommandOutputEE
                0x3ffe9c10       0x14 build/app_app.a(CommandHandler.o)
                0x3ffe9c10                vtable for MethodCaller<void (CommandHandler::*)(String, CommandOutput*)>
 .rodata.str1.1
                0x3ffe9c24        0xb build/app_app.a(CommandOutput.o)
                                  0xc (size before relaxing)
 *fill*         0x3ffe9c2f        0x1 
 .rodata._ZTV13CommandOutput
                0x3ffe9c30       0x18 build/app_app.a(CommandOutput.o)
                0x3ffe9c30                vtable for CommandOutput
 .rodata._ZL13base64dec_tab
                0x3ffe9c48      0x100 build/app_app.a(base64.o)
 .rodata._ZL13base64enc_tab
                0x3ffe9d48       0x41 build/app_app.a(base64.o)
 .rodata.str1.1
                0x3ffe9d89      0x136 build/app_app.a(DataSourceStream.o)
                                0x137 (size before relaxing)
 *fill*         0x3ffe9ebf        0x1 
 .rodata._ZTVN11ArduinoJson9Internals15BlockJsonBufferINS0_16DefaultAllocatorEEE
                0x3ffe9ec0        0xc build/app_app.a(DataSourceStream.o)
                0x3ffe9ec0                vtable for ArduinoJson::Internals::BlockJsonBuffer<ArduinoJson::Internals::DefaultAllocator>
 .rodata._ZTV16MemoryDataStream
                0x3ffe9ecc       0x48 build/app_app.a(DataSourceStream.o)
                0x3ffe9ecc                vtable for MemoryDataStream
 .rodata._ZTV10FileStream
                0x3ffe9f14       0x20 build/app_app.a(DataSourceStream.o)
                0x3ffe9f14                vtable for FileStream
 .rodata._ZTV18TemplateFileStream
                0x3ffe9f34       0x20 build/app_app.a(DataSourceStream.o)
                0x3ffe9f34                vtable for TemplateFileStream
 .rodata._ZTV16JsonObjectStream
                0x3ffe9f54       0x48 build/app_app.a(DataSourceStream.o)
                0x3ffe9f54                vtable for JsonObjectStream
 .rodata.str1.1
                0x3ffe9f9c       0x34 build/app_app.a(FileSystem.o)
                                 0x37 (size before relaxing)
 .rodata.str1.1
                0x3ffe9fd0       0x13 build/app_app.a(SystemClock.o)
 .rodata.str1.1
                0x3ffe9fe3       0x1d build/app_app.a(stringconversion.o)
                                 0x21 (size before relaxing)
 .rodata.str1.1
                0x3ffea000       0xb1 build/app_app.a(HttpRequest.o)
                                 0xf1 (size before relaxing)
 *fill*         0x3ffea0b1        0x3 
 .rodata._ZTV11HttpRequest
                0x3ffea0b4       0x10 build/app_app.a(HttpRequest.o)
                0x3ffea0b4                vtable for HttpRequest
 .rodata.str1.1
                0x3ffea0c4        0xb build/app_app.a(ArduinoJson.o)
                                 0x11 (size before relaxing)
 *fill*         0x3ffea0cf        0x1 
 .rodata._ZTVN11ArduinoJson9Internals13IndentedPrintE
                0x3ffea0d0       0x10 build/app_app.a(ArduinoJson.o)
                0x3ffea0d0                vtable for ArduinoJson::Internals::IndentedPrint
 .rodata._ZTVN11ArduinoJson9Internals20DynamicStringBuilderE
                0x3ffea0e0       0x10 build/app_app.a(ArduinoJson.o)
                0x3ffea0e0                vtable for ArduinoJson::Internals::DynamicStringBuilder
 .rodata._ZTVN11ArduinoJson9Internals10PrettyfierE
                0x3ffea0f0       0x10 build/app_app.a(ArduinoJson.o)
                0x3ffea0f0                vtable for ArduinoJson::Internals::Prettyfier
 .rodata._ZTVN11ArduinoJson9Internals19StaticStringBuilderE
                0x3ffea100       0x10 build/app_app.a(ArduinoJson.o)
                0x3ffea100                vtable for ArduinoJson::Internals::StaticStringBuilder
 .rodata._ZN11ArduinoJson9Internals8Encoding12_escapeTableE
                0x3ffea110        0xf build/app_app.a(ArduinoJson.o)
                0x3ffea110                ArduinoJson::Internals::Encoding::_escapeTable
 .rodata.str1.1
                0x00000000        0x1 build/app_app.a(CommandDelegate.o)
 .rodata.str1.1
                0x3ffea11f       0x4c build/app_app.a(DateTime.o)
                                 0x58 (size before relaxing)
 .rodata._ZL9monthDays
                0x3ffea16b        0xc build/app_app.a(DateTime.o)
 .rodata.str1.1
                0x3ffea177      0x153 build/app_app.a(spiffs_sming.o)
                                0x15f (size before relaxing)
 .rodata.str1.1
                0x3ffea2ca       0x1e build/app_app.a(escape.o)
 .rodata._ZL5tohex
                0x3ffea2e8       0x11 build/app_app.a(escape.o)
 .rodata.str1.1
                0x3ffea2f9       0x59 build/app_app.a(flashmem.o)
 *fill*         0x3ffea352        0x2 
 .rodata.CSWTCH$11
                0x3ffea354       0x14 build/app_app.a(flashmem.o)
 .rodata.str1.1
                0x3ffea368        0x9 c:/Espressif/ESP8266_RTOS_SDK/lib\libmicroc.a(floatscan.o)
                                  0xd (size before relaxing)
 *fill*         0x3ffea371        0x3 
 .rodata.str1.4
                0x3ffea374       0x27 c:/Espressif/ESP8266_RTOS_SDK/lib\libpp.a(lmac.o)
                                 0x2f (size before relaxing)
 *fill*         0x3ffea39b        0x1 
 .rodata.str1.4
                0x3ffea39c       0x18 c:/Espressif/ESP8266_RTOS_SDK/lib\libpp.a(pm.o)
                                 0x20 (size before relaxing)
 .rodata.str1.4
                0x3ffea3b4        0x4 c:/Espressif/ESP8266_RTOS_SDK/lib\libpp.a(pm_for_bcn_only_mode.o)
                                  0xc (size before relaxing)
 .rodata.str1.4
                0x3ffea3b8        0xc c:/Espressif/ESP8266_RTOS_SDK/lib\libpp.a(pp.o)
                                 0x14 (size before relaxing)
 .rodata.str1.4
                0x3ffea3c4        0xf c:/Espressif/ESP8266_RTOS_SDK/lib\libpp.a(wdev.o)
                                 0x17 (size before relaxing)
 *fill*         0x3ffea3d3        0x1 
 .rodata.str1.4
                0x3ffea3d4        0x3 c:/Espressif/ESP8266_RTOS_SDK/lib\libnet80211.a(ieee80211_hostap.o)
                                  0x8 (size before relaxing)
 *fill*         0x3ffea3d7        0x1 
 .rodata.str1.4
                0x3ffea3d8        0x7 c:/Espressif/ESP8266_RTOS_SDK/lib\libnet80211.a(ieee80211_mesh_quick.o)
 .rodata.str1.4
                0x00000000        0x4 c:/Espressif/ESP8266_RTOS_SDK/lib\libnet80211.a(ieee80211_sta.o)
 .rodata.str1.4
                0x00000000        0x4 c:/Espressif/ESP8266_RTOS_SDK/lib\libnet80211.a(ieee80211_action_vendor.o)
 .rodata.str1.4
                0x00000000        0x4 c:/Espressif/ESP8266_RTOS_SDK/lib\libnet80211.a(ieee80211_ie_vendor.o)
 *fill*         0x3ffea3df        0x1 
 .rodata.str1.4
                0x3ffea3e0        0x4 c:/Espressif/ESP8266_RTOS_SDK/lib\libcrypto.a(sha1-internal.o)
                                  0x2 (size before relaxing)
 *(.gnu.linkonce.r.*)
 *(.rodata1)
                0x3ffea3e4                __XT_EXCEPTION_TABLE__ = ABSOLUTE (.)
 *(.xt_except_table)
 *(.gcc_except_table)
 *(.gnu.linkonce.e.*)
 *(.gnu.version_r)
 *(.eh_frame)
                0x3ffea3e4                . = ((. + 0x3) & 0xfffffffc)
                0x3ffea3e4                __init_array_start = ABSOLUTE (.)
 *crtbegin.o(.ctors)
 *(EXCLUDE_FILE(*crtend.o) .ctors)
 .ctors         0x3ffea3e4        0x4 build/app_app.a(user_main_sming.o)
 .ctors         0x3ffea3e8        0x4 build/app_app.a(Temp_HardwareSerial.o)
 .ctors         0x3ffea3ec        0x4 build/app_app.a(WifiStation.o)
 .ctors         0x3ffea3f0        0x4 build/app_app.a(HttpResponse.o)
 .ctors         0x3ffea3f4        0x4 build/app_app.a(HttpServer.o)
 .ctors         0x3ffea3f8        0x4 build/app_app.a(HttpServerConnection.o)
 .ctors         0x3ffea3fc        0x4 build/app_app.a(TcpClient.o)
 .ctors         0x3ffea400        0x4 build/app_app.a(TcpConnection.o)
 .ctors         0x3ffea404        0x4 build/app_app.a(TcpServer.o)
 .ctors         0x3ffea408        0x4 build/app_app.a(TelnetServer.o)
 .ctors         0x3ffea40c        0x4 build/app_app.a(UdpConnection.o)
 .ctors         0x3ffea410        0x4 build/app_app.a(WebSocket.o)
 .ctors         0x3ffea414        0x4 build/app_app.a(CommandExecutor.o)
 .ctors         0x3ffea418        0x4 build/app_app.a(CommandHandler.o)
 .ctors         0x3ffea41c        0x4 build/app_app.a(CommandOutput.o)
 .ctors         0x3ffea420        0x4 build/app_app.a(DataSourceStream.o)
 .ctors         0x3ffea424        0x4 build/app_app.a(SystemClock.o)
 .ctors         0x3ffea428        0x4 build/app_app.a(RTC.o)
 .ctors         0x3ffea42c        0x4 build/app_app.a(HttpRequest.o)
 .ctors         0x3ffea430        0x4 build/app_app.a(ArduinoJson.o)
 .ctors         0x3ffea434        0x4 build/app_app.a(CommandDelegate.o)
 *(SORT(.ctors.*))
 *(.ctors)
                0x3ffea438                __init_array_end = ABSOLUTE (.)
 *crtbegin.o(.dtors)
 *(EXCLUDE_FILE(*crtend.o) .dtors)
 .dtors         0x3ffea438        0x4 build/app_app.a(user_main_sming.o)
 .dtors         0x3ffea43c        0x4 build/app_app.a(Temp_HardwareSerial.o)
 .dtors         0x3ffea440        0x4 build/app_app.a(CommandHandler.o)
 *(SORT(.dtors.*))
 *(.dtors)
                0x3ffea444                __XT_EXCEPTION_DESCS__ = ABSOLUTE (.)
 *(.xt_except_desc)
 *(.gnu.linkonce.h.*)
                0x3ffea444                __XT_EXCEPTION_DESCS_END__ = ABSOLUTE (.)
 *(.xt_except_desc_end)
 *(.dynamic)
 *(.gnu.version_d)
                0x3ffea444                . = ALIGN (0x4)
                0x3ffea444                _bss_table_start = ABSOLUTE (.)
                0x3ffea444        0x4 LONG 0x3ffea450 _bss_start
                0x3ffea448        0x4 LONG 0x3fff1d68 _bss_end
                0x3ffea44c                _bss_table_end = ABSOLUTE (.)
                0x3ffea44c                _rodata_end = ABSOLUTE (.)

.UserExceptionVector.literal
                0x3ffea44c        0x0
                0x3ffea44c                _UserExceptionVector_literal_start = ABSOLUTE (.)
 *(.UserExceptionVector.literal)
 .UserExceptionVector.literal
                0x3ffea44c        0x0 c:/Espressif/ESP8266_RTOS_SDK/lib\libmain.a(xtensa_vectors.o)
                0x3ffea44c                _UserExceptionVector_literal_end = ABSOLUTE (.)

.bss            0x3ffea450     0x7918
                0x3ffea450                . = ALIGN (0x8)
                0x3ffea450                _bss_start = ABSOLUTE (.)
 *(.dynsbss)
 *(.sbss)
 *(.sbss.*)
 *(.gnu.linkonce.sb.*)
 *(.scommon)
 *(.sbss2)
 *(.sbss2.*)
 *(.gnu.linkonce.sb2.*)
 *(.dynbss)
 *(.bss)
 .bss           0x3ffea450      0x3f8 c:/Espressif/ESP8266_RTOS_SDK/lib\libmain.a(xtensa_vectors.o)
 .bss           0x3ffea848       0x30 c:/Espressif/ESP8266_RTOS_SDK/lib\libmain.a(app_main.o)
                0x3ffea848                user_init_flag
                0x3ffea84c                info
                0x3ffea870                errno
                0x3ffea874                xWatchDogTaskHandle
 *fill*         0x3ffea878        0x8 
 .bss           0x3ffea880       0xc0 c:/Espressif/ESP8266_RTOS_SDK/lib\libmain.a(ets_timer.o)
                0x3ffea884                timer_list
                0x3ffea888                debug_timer
                0x3ffea88c                debug_timerfn
 .bss           0x3ffea940        0x4 c:/Espressif/ESP8266_RTOS_SDK/lib\libmain.a(misc.o)
                0x3ffea940                _putc1
 *fill*         0x3ffea944        0xc 
 .bss           0x3ffea950       0x40 c:/Espressif/ESP8266_RTOS_SDK/lib\libmain.a(printf-stdarg.o)
 .bss           0x3ffea990        0x1 c:/Espressif/ESP8266_RTOS_SDK/lib\libmain.a(spi_flash.o)
                0x3ffea990                FlashIsOnGoing
 .bss           0x3ffea991        0x0 c:/Espressif/ESP8266_RTOS_SDK/lib\libmain.a(uart.o)
 *fill*         0x3ffea991        0xf 
 .bss           0x3ffea9a0      0x192 c:/Espressif/ESP8266_RTOS_SDK/lib\libmain.a(user_interface.o)
                0x3ffeaa9f                deep_sleep_flag
                0x3ffeaaa0                cpu_overclock
                0x3ffeaaa4                event_cb
                0x3ffeaaa8                xQueue_event
                0x3ffeaaac                rst_if
                0x3ffeaacc                OpmodChgIsOnGoing
                0x3ffeaad0                promiscuous_cb
                0x3ffeaad4                status_led_output_level
                0x3ffeaad8                evt
 .bss           0x3ffeab32        0x0 c:/Espressif/ESP8266_RTOS_SDK/lib\libmain.a(os_cpu_a.o)
 .bss           0x3ffeab32        0x0 c:/Espressif/ESP8266_RTOS_SDK/lib\libmain.a(xtensa_context.o)
 *fill*         0x3ffeab32        0x2 
 .bss           0x3ffeab34       0x1c c:/Espressif/ESP8266_RTOS_SDK/lib\libfreertos.a(heap_4.o)
 .bss           0x3ffeab50       0x90 c:/Espressif/ESP8266_RTOS_SDK/lib\libfreertos.a(port.o)
                0x3ffeab54                cpu_sr
                0x3ffeab5c                _xt_isr_status
                0x3ffeab60                isr
 .bss           0x3ffeabe0        0x0 c:/Espressif/ESP8266_RTOS_SDK/lib\libfreertos.a(queue.o)
 .bss           0x3ffeabe0      0x1cc c:/Espressif/ESP8266_RTOS_SDK/lib\libfreertos.a(tasks.o)
                0x3ffeabe4                pxCurrentTCB
 .bss           0x3ffeadac       0x3c c:/Espressif/ESP8266_RTOS_SDK/lib\libfreertos.a(timers.o)
 .bss           0x3ffeade8        0x0 c:/Espressif/ESP8266_RTOS_SDK/lib\libfreertos.a(list.o)
 *fill*         0x3ffeade8        0x8 
 .bss           0x3ffeadf0       0x44 c:/Espressif/ESP8266_RTOS_SDK/lib\liblwip.a(dhcp.o)
                0x3ffeadf0                dhcp_rx_options_given
                0x3ffeae00                dhcp_rx_options_val
 .bss           0x3ffeae34       0x28 c:/Espressif/ESP8266_RTOS_SDK/lib\liblwip.a(dhcpserver.o)
 *fill*         0x3ffeae5c        0x4 
 .bss           0x3ffeae60      0x480 c:/Espressif/ESP8266_RTOS_SDK/lib\liblwip.a(dns.o)
 .bss           0x3ffeb2e0       0xd8 c:/Espressif/ESP8266_RTOS_SDK/lib\liblwip.a(etharp.o)
                0x3ffeb2e4                ethzero
 *fill*         0x3ffeb3b8        0x8 
 .bss           0x3ffeb3c0       0x10 c:/Espressif/ESP8266_RTOS_SDK/lib\liblwip.a(ip4_addr.o)
 .bss           0x3ffeb3d0       0x32 c:/Espressif/ESP8266_RTOS_SDK/lib\liblwip.a(ip4.o)
                0x3ffeb3d0                ip_data
 .bss           0x3ffeb402        0x0 c:/Espressif/ESP8266_RTOS_SDK/lib\liblwip.a(ip6.o)
 .bss           0x3ffeb402        0x0 c:/Espressif/ESP8266_RTOS_SDK/lib\liblwip.a(memp.o)
 *fill*         0x3ffeb402        0x2 
 .bss           0x3ffeb404        0x4 c:/Espressif/ESP8266_RTOS_SDK/lib\liblwip.a(mld6.o)
 *fill*         0x3ffeb408        0x8 
 .bss           0x3ffeb410      0x421 c:/Espressif/ESP8266_RTOS_SDK/lib\liblwip.a(nd6.o)
                0x3ffeb430                prefix_list
                0x3ffeb4c0                neighbor_cache
                0x3ffeb650                default_router_list
                0x3ffeb6a0                destination_cache
 *fill*         0x3ffeb831        0x3 
 .bss           0x3ffeb834        0xc c:/Espressif/ESP8266_RTOS_SDK/lib\liblwip.a(netif.o)
                0x3ffeb838                netif_list
                0x3ffeb83c                netif_default
 .bss           0x3ffeb840        0x0 c:/Espressif/ESP8266_RTOS_SDK/lib\liblwip.a(pbuf.o)
 .bss           0x3ffeb840        0x4 c:/Espressif/ESP8266_RTOS_SDK/lib\liblwip.a(raw.o)
 .bss           0x3ffeb844        0x4 c:/Espressif/ESP8266_RTOS_SDK/lib\liblwip.a(sys_arch.o)
                0x3ffeb844                intlevel
 .bss           0x3ffeb848       0x2c c:/Espressif/ESP8266_RTOS_SDK/lib\liblwip.a(tcp_in.o)
                0x3ffeb870                tcp_input_pcb
 .bss           0x3ffeb874       0x10 c:/Espressif/ESP8266_RTOS_SDK/lib\liblwip.a(tcpip.o)
                0x3ffeb880                xLwipTaskHandle
 .bss           0x3ffeb884       0x21 c:/Espressif/ESP8266_RTOS_SDK/lib\liblwip.a(tcp.o)
                0x3ffeb888                tcp_active_pcbs
                0x3ffeb88c                tcp_tmp_pcb
                0x3ffeb890                tcp_active_pcbs_changed
                0x3ffeb894                tcp_tw_pcbs
                0x3ffeb898                tcp_bound_pcbs
                0x3ffeb89c                tcp_listen_pcbs
                0x3ffeb8a0                tcp_ticks
 .bss           0x3ffeb8a5        0x0 c:/Espressif/ESP8266_RTOS_SDK/lib\liblwip.a(tcp_out.o)
 *fill*         0x3ffeb8a5        0x3 
 .bss           0x3ffeb8a8        0xc c:/Espressif/ESP8266_RTOS_SDK/lib\liblwip.a(timers.o)
                0x3ffeb8ac                LwipTimOutLim
 .bss           0x3ffeb8b4        0x4 c:/Espressif/ESP8266_RTOS_SDK/lib\liblwip.a(udp.o)
                0x3ffeb8b4                udp_pcbs
 .bss           0x3ffeb8b8        0x0 c:/Espressif/ESP8266_RTOS_SDK/lib\liblwip.a(api_msg.o)
 .bss           0x3ffeb8b8        0x0 c:/Espressif/ESP8266_RTOS_SDK/lib\liblwip.a(icmp6.o)
 .bss           0x3ffeb8b8        0x0 c:/Espressif/ESP8266_RTOS_SDK/lib\liblwip.a(icmp.o)
 .bss           0x3ffeb8b8        0x0 c:/Espressif/ESP8266_RTOS_SDK/lib\liblwip.a(inet_chksum.o)
 .bss           0x3ffeb8b8        0x0 c:/Espressif/ESP8266_RTOS_SDK/lib\liblwip.a(init.o)
 *fill*         0x3ffeb8b8        0x8 
 .bss           0x3ffeb8c0       0x38 c:/Espressif/ESP8266_RTOS_SDK/lib\liblwip.a(ip6_addr.o)
                0x3ffeb8c0                ip6_addr_any
 .bss           0x3ffeb8f8        0x6 c:/Espressif/ESP8266_RTOS_SDK/lib\liblwip.a(ip6_frag.o)
 .bss           0x3ffeb8fe        0x0 c:/Espressif/ESP8266_RTOS_SDK/lib\liblwip.a(netbuf.o)
 *fill*         0x3ffeb8fe        0x2 
 .bss           0x3ffeb900      0x100 c:/Espressif/ESP8266_RTOS_SDK/lib\liblwip.a(sockets.o)
                0x3ffeb900                DefSocketCloseFlag
                0x3ffeb901                SocketCloseDoneFlag
 .bss           0x3ffeba00        0x0 c:/Espressif/ESP8266_RTOS_SDK/lib\liblwip.a(api_lib.o)
 .bss           0x3ffeba00        0x4 c:/Espressif/ESP8266_RTOS_SDK/lib\libminic.a(minic.o)
 .bss           0x3ffeba04        0x0 build/app_app.a(user_main_sming.o)
 .bss           0x3ffeba04        0x0 build/app_app.a(Digital.o)
 .bss           0x3ffeba04        0x0 build/app_app.a(Temp_HardwareSerial.o)
 .bss           0x3ffeba04        0x0 build/app_app.a(Timer.o)
 .bss           0x3ffeba04        0x0 build/app_app.a(WifiStation.o)
 .bss           0x3ffeba04        0x0 build/app_app.a(CQueue.o)
 .bss           0x3ffeba04        0x0 build/app_app.a(CTask.o)
 .bss           0x3ffeba04        0x0 build/app_app.a(IPAddress.o)
 .bss           0x3ffeba04        0x0 build/app_app.a(Print.o)
 .bss           0x3ffeba04        0x0 build/app_app.a(WString.o)
 .bss           0x3ffeba04        0x0 build/app_app.a(HttpResponse.o)
 .bss           0x3ffeba04        0x0 build/app_app.a(HttpServer.o)
 .bss           0x3ffeba04        0x0 build/app_app.a(HttpServerConnection.o)
 .bss           0x3ffeba04        0x0 build/app_app.a(TcpClient.o)
 .bss           0x3ffeba04        0x0 build/app_app.a(TcpConnection.o)
 .bss           0x3ffeba04        0x0 build/app_app.a(TcpServer.o)
 .bss           0x3ffeba04        0x0 build/app_app.a(TelnetServer.o)
 .bss           0x3ffeba04        0x0 build/app_app.a(UdpConnection.o)
 .bss           0x3ffeba04        0x0 build/app_app.a(WebSocket.o)
 .bss           0x3ffeba04        0x0 build/app_app.a(CommandExecutor.o)
 .bss           0x3ffeba04        0x0 build/app_app.a(CommandHandler.o)
 .bss           0x3ffeba04        0x0 build/app_app.a(CommandOutput.o)
 .bss           0x3ffeba04        0x0 build/app_app.a(base64.o)
 .bss           0x3ffeba04        0x0 build/app_app.a(websocket.o)
 .bss           0x3ffeba04        0x0 build/app_app.a(m_printf.o)
 .bss           0x3ffeba04        0x0 build/app_app.a(uart.o)
 .bss           0x3ffeba04        0x0 build/app_app.a(DataSourceStream.o)
 .bss           0x3ffeba04        0x0 build/app_app.a(FileSystem.o)
 .bss           0x3ffeba04        0x0 build/app_app.a(SystemClock.o)
 .bss           0x3ffeba04        0x0 build/app_app.a(stringconversion.o)
 .bss           0x3ffeba04        0x0 build/app_app.a(SplitString.o)
 .bss           0x3ffeba04        0x0 build/app_app.a(RTC.o)
 .bss           0x3ffeba04        0x0 build/app_app.a(HttpRequest.o)
 .bss           0x3ffeba04        0x0 build/app_app.a(NetUtils.o)
 .bss           0x3ffeba04        0x0 build/app_app.a(ArduinoJson.o)
 .bss           0x3ffeba04        0x0 build/app_app.a(CommandDelegate.o)
 .bss           0x3ffeba04        0x0 build/app_app.a(DateTime.o)
 .bss           0x3ffeba04        0x0 build/app_app.a(spiffs_hydrogen.o)
 .bss           0x3ffeba04        0x0 build/app_app.a(spiffs_nucleus.o)
 .bss           0x3ffeba04        0x0 build/app_app.a(spiffs_sming.o)
 .bss           0x3ffeba04        0x0 build/app_app.a(escape.o)
 .bss           0x3ffeba04        0x0 build/app_app.a(flashmem.o)
 .bss           0x3ffeba04        0x0 build/app_app.a(spiffs_cache.o)
 .bss           0x3ffeba04        0x0 build/app_app.a(spiffs_check.o)
 .bss           0x3ffeba04        0x0 build/app_app.a(spiffs_gc.o)
 .bss           0x3ffeba04        0x0 c:/Espressif/ESP8266_RTOS_SDK/lib\libmicroc.a(isprint.o)
 .bss           0x3ffeba04        0x0 c:/Espressif/ESP8266_RTOS_SDK/lib\libmicroc.a(isspace.o)
 .bss           0x3ffeba04        0x0 c:/Espressif/ESP8266_RTOS_SDK/lib\libmicroc.a(tolower.o)
 .bss           0x3ffeba04        0x0 c:/Espressif/ESP8266_RTOS_SDK/lib\libmicroc.a(toupper.o)
 .bss           0x3ffeba04        0x0 c:/Espressif/ESP8266_RTOS_SDK/lib\libmicroc.a(isxdigit.o)
 .bss           0x3ffeba04        0x0 c:/Espressif/ESP8266_RTOS_SDK/lib\libmicroc.a(atof.o)
 .bss           0x3ffeba04        0x0 c:/Espressif/ESP8266_RTOS_SDK/lib\libmicroc.a(strtod.o)
 .bss           0x3ffeba04        0x0 c:/Espressif/ESP8266_RTOS_SDK/lib\libmicroc.a(__fpclassify.o)
 .bss           0x3ffeba04        0x0 c:/Espressif/ESP8266_RTOS_SDK/lib\libmicroc.a(memchr.o)
 .bss           0x3ffeba04        0x4 c:/Espressif/ESP8266_RTOS_SDK/lib\libmicroc.a(__errno_location.o)
 .bss           0x3ffeba08        0x0 c:/Espressif/ESP8266_RTOS_SDK/lib\libmicroc.a(floatscan.o)
 .bss           0x3ffeba08        0x0 c:/Espressif/ESP8266_RTOS_SDK/lib\libmicroc.a(shgetc.o)
 .bss           0x3ffeba08        0x0 c:/Espressif/ESP8266_RTOS_SDK/lib\libmicroc.a(__uflow.o)
 .bss           0x3ffeba08        0x0 c:/Espressif/ESP8266_RTOS_SDK/lib\libmicroc.a(__toread.o)
 .bss           0x3ffeba08        0x4 c:/Espressif/ESP8266_RTOS_SDK/lib\libmicroc.a(__stdio_exit.o)
 .bss           0x3ffeba0c        0x0 c:/Espressif/ESP8266_RTOS_SDK/lib\libmicroc.a(fmodl.o)
 .bss           0x3ffeba0c        0x0 c:/Espressif/ESP8266_RTOS_SDK/lib\libmicroc.a(scalbn.o)
 .bss           0x3ffeba0c        0x0 c:/Espressif/ESP8266_RTOS_SDK/lib\libmicroc.a(scalbnl.o)
 .bss           0x3ffeba0c        0x0 c:/Espressif/ESP8266_RTOS_SDK/lib\libmicroc.a(fmod.o)
 .bss           0x3ffeba0c        0x0 c:/Espressif/ESP8266_RTOS_SDK/lib\libmicrogcc.a(_ashldi3.o)
 .bss           0x3ffeba0c        0x0 c:/Espressif/ESP8266_RTOS_SDK/lib\libmicrogcc.a(_cmpdf2.o)
 .bss           0x3ffeba0c        0x0 c:/Espressif/ESP8266_RTOS_SDK/lib\libmicrogcc.a(_lshrdi3.o)
 .bss           0x3ffeba0c        0x0 c:/Espressif/ESP8266_RTOS_SDK/lib\libmicrogcc.a(_modsi3.o)
 .bss           0x3ffeba0c        0x0 c:/Espressif/ESP8266_RTOS_SDK/lib\libgcc.a(_mulsf3.o)
 .bss           0x3ffeba0c        0x0 c:/espressif/xtensa-lx106-elf/bin/../lib/gcc/xtensa-lx106-elf/5.1.0/../../../../xtensa-lx106-elf/lib\libhal.a(clock.o)
 .bss           0x3ffeba0c        0x0 c:/espressif/xtensa-lx106-elf/bin/../lib/gcc/xtensa-lx106-elf/5.1.0/../../../../xtensa-lx106-elf/lib\libhal.a(int_asm--set_intset.o)
 .bss           0x3ffeba0c        0x4 c:/Espressif/ESP8266_RTOS_SDK/lib\libphy.a(phy.o)
 .bss           0x3ffeba10        0x2 c:/Espressif/ESP8266_RTOS_SDK/lib\libphy.a(phy_chip_v6_ana.o)
                0x3ffeba10                tout_dis_txpwr_track
                0x3ffeba11                sleep_mode_flag
 *fill*         0x3ffeba12        0x6 
 .bss           0x3ffeba18      0x158 c:/Espressif/ESP8266_RTOS_SDK/lib\libphy.a(phy_chip_v6.o)
                0x3ffeba18                rxiq_compute_num
                0x3ffeba1c                rx_table_renew_en
                0x3ffeba20                check_result
                0x3ffeba24                chip6_sleep_params
                0x3ffebab8                chip6_phy_init_ctrl
                0x3ffebb2c                phy_freq_offset
                0x3ffebb2e                do_pwctrl_flag
                0x3ffebb2f                pwctrl_debug
                0x3ffebb30                txbk_dpdby_flag
                0x3ffebb32                sw_scan_mode
                0x3ffebb33                rxmax_ext_level
                0x3ffebb34                phy_rx_gain_dc_table
                0x3ffebb48                periodic_cal_dc_num
                0x3ffebb4c                periodic_cal_flag
                0x3ffebb4d                bbpll_cal_flag
                0x3ffebb4e                phy_in_most_power
                0x3ffebb4f                init_rf_no_cal
                0x3ffebb50                test_print_time
                0x3ffebb54                phy_rx_gain_dc_flag
                0x3ffebb55                phy_in_vdd33_offset
                0x3ffebb56                phy_set_most_tpw_disbg
                0x3ffebb57                phy_set_most_tpw_index
                0x3ffebb58                adc_rand_noise
                0x3ffebb5c                dpd_bypass_original
                0x3ffebb60                noise_array
 .bss           0x3ffebb70        0x8 c:/Espressif/ESP8266_RTOS_SDK/lib\libphy.a(phy_chip_v6_cal.o)
                0x3ffebb70                phy_tx_power_out
                0x3ffebb72                loop_pwctrl_pwdet_error_accum_high_power
                0x3ffebb74                tx_pwctrl_pk_num
                0x3ffebb75                tx_pwctrl_track_num
                0x3ffebb76                loop_pwctrl_correct_atten_high_power
                0x3ffebb77                rxiq_cover_fail_num
 .bss           0x3ffebb78        0x0 c:/Espressif/ESP8266_RTOS_SDK/lib\libphy.a(phy_chip_v6_unused.o)
 .bss           0x3ffebb78        0x7 c:/Espressif/ESP8266_RTOS_SDK/lib\libphy.a(phy_sleep.o)
                0x3ffebb78                periodic_cal_sat
                0x3ffebb7a                lslp_mem_opt_8266
                0x3ffebb7c                software_slp_reject
                0x3ffebb7d                SDIO_slp_reject
                0x3ffebb7e                hardware_reject
 .bss           0x3ffebb7f        0x0 c:/Espressif/ESP8266_RTOS_SDK/lib\libphy.a(phy_chip_v5_romfunc.o)
 .bss           0x3ffebb7f        0x0 c:/Espressif/ESP8266_RTOS_SDK/lib\libphy.a(phy_chip_v5_ana_romfunc.o)
 .bss           0x3ffebb7f        0x0 c:/Espressif/ESP8266_RTOS_SDK/lib\libphy.a(phy_chip_v5_cal_romfunc.o)
 *fill*         0x3ffebb7f        0x1 
 .bss           0x3ffebb80       0x30 c:/Espressif/ESP8266_RTOS_SDK/lib\libpp.a(if_hwctrl.o)
                0x3ffebb80                interface_mask
                0x3ffebb90                if_ctrl
 .bss           0x3ffebbb0      0x150 c:/Espressif/ESP8266_RTOS_SDK/lib\libpp.a(lmac.o)
                0x3ffebbb4                lmacConfMib
 .bss           0x3ffebd00      0x14a c:/Espressif/ESP8266_RTOS_SDK/lib\libpp.a(pm.o)
                0x3ffebdfc                flash_tmp
                0x3ffebe00                CCOMPARE_AddVal
 *fill*         0x3ffebe4a        0x2 
 .bss           0x3ffebe4c       0x48 c:/Espressif/ESP8266_RTOS_SDK/lib\libpp.a(pm_for_bcn_only_mode.o)
 *fill*         0x3ffebe94        0xc 
 .bss           0x3ffebea0      0x3c2 c:/Espressif/ESP8266_RTOS_SDK/lib\libpp.a(pp.o)
                0x3ffebea0                wdt_ini_flag
                0x3ffebea1                pp_soft_wdt_count
                0x3ffebec8                pend_flag_noise_check
                0x3ffebed0                pend_flag_periodic_cal
                0x3ffebef0                idle_timer_reopen_flag
                0x3ffebef9                dbg_stop_sw_wdt
                0x3ffebefa                dbg_stop_hw_wdt
                0x3ffebefc                HighestFreqOffsetInOneChk
                0x3ffebefe                LowestFreqOffsetInOneChk
                0x3ffebf00                DefFreqCalTimer
                0x3ffebf1c                PktNumInOneChk
 *fill*         0x3ffec262        0xe 
 .bss           0x3ffec270      0x100 c:/Espressif/ESP8266_RTOS_SDK/lib\libpp.a(rate_control.o)
 .bss           0x3ffec370      0x46c c:/Espressif/ESP8266_RTOS_SDK/lib\libpp.a(trc.o)
 *fill*         0x3ffec7dc        0x4 
 .bss           0x3ffec7e0     0x2f68 c:/Espressif/ESP8266_RTOS_SDK/lib\libpp.a(wdev.o)
                0x3ffec7e0                wDevCtrl
                0x3ffec988                NMIIrqIsOn
                0x3ffec98c                WdevTimOffSet
 *fill*         0x3ffef748        0x8 
 .bss           0x3ffef750      0x984 c:/Espressif/ESP8266_RTOS_SDK/lib\libpp.a(esf_buf.o)
 .bss           0x3fff00d4      0x67c c:/Espressif/ESP8266_RTOS_SDK/lib\libnet80211.a(ieee80211.o)
                0x3fff00d4                g_ic
                0x3fff074c                xieee80211Queue
 .bss           0x3fff0750        0x0 c:/Espressif/ESP8266_RTOS_SDK/lib\libnet80211.a(ieee80211_crypto.o)
 .bss           0x3fff0750        0x0 c:/Espressif/ESP8266_RTOS_SDK/lib\libnet80211.a(ieee80211_ets.o)
 .bss           0x3fff0750       0x52 c:/Espressif/ESP8266_RTOS_SDK/lib\libnet80211.a(ieee80211_hostap.o)
                0x3fff0750                BcnEb_update
                0x3fff077c                PendFreeBcnEb
                0x3fff0780                ApFreqCalTimer
                0x3fff079c                APRecvBcnStartTick
 .bss           0x3fff07a2        0x0 c:/Espressif/ESP8266_RTOS_SDK/lib\libnet80211.a(ieee80211_ht.o)
 .bss           0x3fff07a2        0x0 c:/Espressif/ESP8266_RTOS_SDK/lib\libnet80211.a(ieee80211_input.o)
 .bss           0x3fff07a2        0x0 c:/Espressif/ESP8266_RTOS_SDK/lib\libnet80211.a(ieee80211_mesh_quick.o)
 .bss           0x3fff07a2        0x0 c:/Espressif/ESP8266_RTOS_SDK/lib\libnet80211.a(ieee80211_output.o)
 .bss           0x3fff07a2        0x0 c:/Espressif/ESP8266_RTOS_SDK/lib\libnet80211.a(ieee80211_phy.o)
 .bss           0x3fff07a2        0x0 c:/Espressif/ESP8266_RTOS_SDK/lib\libnet80211.a(ieee80211_power.o)
 .bss           0x3fff07a2        0x0 c:/Espressif/ESP8266_RTOS_SDK/lib\libnet80211.a(ieee80211_proto.o)
 .bss           0x3fff07a2        0x0 c:/Espressif/ESP8266_RTOS_SDK/lib\libnet80211.a(ieee80211_rfid.o)
 *fill*         0x3fff07a2        0x2 
 .bss           0x3fff07a4       0xe0 c:/Espressif/ESP8266_RTOS_SDK/lib\libnet80211.a(ieee80211_scan.o)
                0x3fff07a4                gScanStruct
                0x3fff0860                connect_scan_flag
                0x3fff0861                FreqCalCntForScan
                0x3fff0862                TestStaFreqCalValInput
                0x3fff0864                auth_type
                0x3fff0866                scannum
 *fill*         0x3fff0884        0x4 
 .bss           0x3fff0888       0x10 c:/Espressif/ESP8266_RTOS_SDK/lib\libnet80211.a(ieee80211_sta.o)
 .bss           0x3fff0898       0x44 c:/Espressif/ESP8266_RTOS_SDK/lib\libnet80211.a(wl_chm.o)
 *fill*         0x3fff08dc        0x4 
 .bss           0x3fff08e0      0x399 c:/Espressif/ESP8266_RTOS_SDK/lib\libnet80211.a(wl_cnx.o)
                0x3fff0c58                sta_con_timer
                0x3fff0c74                g_cnx_probe_rc_list_cb
                0x3fff0c78                reconnect_flag
 .bss           0x3fff0c79        0x0 c:/Espressif/ESP8266_RTOS_SDK/lib\libnet80211.a(ieee80211_action.o)
 *fill*         0x3fff0c79        0x3 
 .bss           0x3fff0c7c       0x10 c:/Espressif/ESP8266_RTOS_SDK/lib\libnet80211.a(ieee80211_action_vendor.o)
 .bss           0x3fff0c8c        0x0 c:/Espressif/ESP8266_RTOS_SDK/lib\libnet80211.a(ieee80211_crypto_ccmp.o)
 .bss           0x3fff0c8c        0x0 c:/Espressif/ESP8266_RTOS_SDK/lib\libnet80211.a(ieee80211_ie_vendor.o)
 .bss           0x3fff0c8c        0x0 c:/Espressif/ESP8266_RTOS_SDK/lib\libwpa.a(ap_config.o)
 .bss           0x3fff0c8c        0x0 c:/Espressif/ESP8266_RTOS_SDK/lib\libwpa.a(common.o)
 .bss           0x3fff0c8c        0x0 c:/Espressif/ESP8266_RTOS_SDK/lib\libwpa.a(os_xtensa.o)
 .bss           0x3fff0c8c        0x0 c:/Espressif/ESP8266_RTOS_SDK/lib\libwpa.a(wpa_auth.o)
 .bss           0x3fff0c8c        0x0 c:/Espressif/ESP8266_RTOS_SDK/lib\libwpa.a(wpa_auth_ie.o)
 *fill*         0x3fff0c8c        0x4 
 .bss           0x3fff0c90      0x26a c:/Espressif/ESP8266_RTOS_SDK/lib\libwpa.a(wpa.o)
 .bss           0x3fff0efa        0x0 c:/Espressif/ESP8266_RTOS_SDK/lib\libwpa.a(wpa_common.o)
 .bss           0x3fff0efa        0x0 c:/Espressif/ESP8266_RTOS_SDK/lib\libwpa.a(wpa_debug.o)
 .bss           0x3fff0efa        0x0 c:/Espressif/ESP8266_RTOS_SDK/lib\libwpa.a(wpa_ie.o)
 .bss           0x3fff0efa        0x0 c:/Espressif/ESP8266_RTOS_SDK/lib\libwpa.a(wpa_main.o)
 .bss           0x3fff0efa        0x0 c:/Espressif/ESP8266_RTOS_SDK/lib\libwpa.a(wpas_glue.o)
 .bss           0x3fff0efa        0x0 c:/Espressif/ESP8266_RTOS_SDK/lib\libcrypto.a(aes-unwrap.o)
 .bss           0x3fff0efa        0x0 c:/Espressif/ESP8266_RTOS_SDK/lib\libcrypto.a(aes-wrap.o)
 .bss           0x3fff0efa        0x0 c:/Espressif/ESP8266_RTOS_SDK/lib\libcrypto.a(md5.o)
 .bss           0x3fff0efa        0x0 c:/Espressif/ESP8266_RTOS_SDK/lib\libcrypto.a(md5-internal.o)
 .bss           0x3fff0efa        0x0 c:/Espressif/ESP8266_RTOS_SDK/lib\libcrypto.a(rc4.o)
 .bss           0x3fff0efa        0x0 c:/Espressif/ESP8266_RTOS_SDK/lib\libcrypto.a(sha1.o)
 .bss           0x3fff0efa        0x0 c:/Espressif/ESP8266_RTOS_SDK/lib\libcrypto.a(sha1-internal.o)
 .bss           0x3fff0efa        0x0 c:/Espressif/ESP8266_RTOS_SDK/lib\libcrypto.a(sha1-pbkdf2.o)
 .bss           0x3fff0efa        0x0 c:/Espressif/ESP8266_RTOS_SDK/lib\libcrypto.a(aes-internal-dec.o)
 .bss           0x3fff0efa        0x0 c:/Espressif/ESP8266_RTOS_SDK/lib\libcrypto.a(aes-internal-enc.o)
 .bss           0x3fff0efa        0x0 c:/Espressif/ESP8266_RTOS_SDK/lib\libcrypto.a(aes-internal.o)
 .bss           0x3fff0efa        0x0 c:/Espressif/ESP8266_RTOS_SDK/lib\libmain.a(routines.o)
 *fill*         0x3fff0efa        0x6 
 .bss           0x3fff0f00       0x10 c:/Espressif/ESP8266_RTOS_SDK/lib\liblwip.a(ethernetif.o)
 .bss           0x3fff0f10        0x0 c:/Espressif/ESP8266_RTOS_SDK/lib\liblwip.a(ethip6.o)
 .bss           0x3fff0f10        0x0 c:/Espressif/ESP8266_RTOS_SDK/lib\libmicrogcc.a(_ashrdi3.o)
 .bss           0x3fff0f10        0x0 c:/Espressif/ESP8266_RTOS_SDK/lib\libmicrogcc.a(_divsf3.o)
 .bss           0x3fff0f10        0x0 c:/Espressif/ESP8266_RTOS_SDK/lib\libmicrogcc.a(_fixsfsi.o)
 .bss           0x3fff0f10        0x8 c:/Espressif/ESP8266_RTOS_SDK/lib\libnet80211.a(ieee80211_crypto_tkip.o)
 .bss           0x3fff0f18        0x0 c:/Espressif/ESP8266_RTOS_SDK/lib\libnet80211.a(ieee80211_crypto_wep.o)
 *(.bss.*)
 .bss.ip        0x3fff0f18        0x4 build/app_app.a(user_main_sming.o)
                0x3fff0f18                ip
 .bss.tnet      0x3fff0f1c       0x2c build/app_app.a(user_main_sming.o)
                0x3fff0f1c                tnet
 .bss.http      0x3fff0f48       0x80 build/app_app.a(user_main_sming.o)
                0x3fff0f48                http
 .bss.tcpServer
                0x3fff0fc8       0x20 build/app_app.a(user_main_sming.o)
                0x3fff0fc8                tcpServer
 .bss.task      0x3fff0fe8        0x8 build/app_app.a(user_main_sming.o)
                0x3fff0fe8                task
 .bss.tserver   0x3fff0ff0       0x20 build/app_app.a(user_main_sming.o)
                0x3fff0ff0                tserver
 .bss.udp       0x3fff1010        0xc build/app_app.a(user_main_sming.o)
                0x3fff1010                udp
 .bss.tc        0x3fff101c       0x2c build/app_app.a(user_main_sming.o)
                0x3fff101c                tc
 .bss.delegateDemo
                0x3fff1048        0x4 build/app_app.a(user_main_sming.o)
                0x3fff1048                delegateDemo
 *fill*         0x3fff104c        0x4 
 .bss.textTimer
                0x3fff1050       0x38 build/app_app.a(user_main_sming.o)
                0x3fff1050                textTimer
 .bss.blinkTimer
                0x3fff1088       0x38 build/app_app.a(user_main_sming.o)
                0x3fff1088                blinkTimer
 .bss.test      0x3fff10c0       0x14 build/app_app.a(user_main_sming.o)
                0x3fff10c0                test
 .bss.mydata    0x3fff10d4      0x400 build/app_app.a(user_main_sming.o)
                0x3fff10d4                mydata
 .bss._ZL14static_counter
                0x3fff14d4        0x4 build/app_app.a(user_main_sming.o)
 .bss._ZL11INADDR_NONE
                0x3fff14d8        0x4 build/app_app.a(user_main_sming.o)
 .bss.Serial    0x3fff14dc       0x14 build/app_app.a(Temp_HardwareSerial.o)
                0x3fff14dc                Serial
 .bss._ZN14HardwareSerial10memberDataE
                0x3fff14f0       0x10 build/app_app.a(Temp_HardwareSerial.o)
                0x3fff14f0                HardwareSerial::memberData
 .bss.wfStation
                0x3fff1500        0x4 build/app_app.a(WifiStation.o)
                0x3fff1500                wfStation
 .bss._ZZN6StringixEjE19dummy_writable_char
                0x3fff1504        0x1 build/app_app.a(WString.o)
 .bss._ZL11INADDR_NONE
                0x3fff1505        0x4 build/app_app.a(HttpResponse.o)
 .bss._ZL11INADDR_NONE
                0x3fff1509        0x4 build/app_app.a(HttpServer.o)
 .bss._ZL11INADDR_NONE
                0x3fff150d        0x4 build/app_app.a(HttpServerConnection.o)
 .bss._ZL11INADDR_NONE
                0x3fff1511        0x4 build/app_app.a(TcpClient.o)
 .bss._ZL11INADDR_NONE
                0x3fff1515        0x4 build/app_app.a(TcpConnection.o)
 *fill*         0x3fff1519        0x1 
 .bss._ZN9TcpServer16totalConnectionsE
                0x3fff151a        0x2 build/app_app.a(TcpServer.o)
                0x3fff151a                TcpServer::totalConnections
 .bss._ZL11INADDR_NONE
                0x3fff151c        0x4 build/app_app.a(TcpServer.o)
 .bss._ZL11INADDR_NONE
                0x3fff1520        0x4 build/app_app.a(TelnetServer.o)
 .bss._ZL11INADDR_NONE
                0x3fff1524        0x4 build/app_app.a(UdpConnection.o)
 .bss._ZL11INADDR_NONE
                0x3fff1528        0x4 build/app_app.a(WebSocket.o)
 .bss._ZL11INADDR_NONE
                0x3fff152c        0x4 build/app_app.a(CommandExecutor.o)
 .bss.commandHandler
                0x3fff1530       0x1c build/app_app.a(CommandHandler.o)
                0x3fff1530                commandHandler
 .bss._ZL11INADDR_NONE
                0x3fff154c        0x4 build/app_app.a(CommandHandler.o)
 .bss._ZL11INADDR_NONE
                0x3fff1550        0x4 build/app_app.a(CommandOutput.o)
 .bss._ZL11INADDR_NONE
                0x3fff1554        0x4 build/app_app.a(DataSourceStream.o)
 .bss.SystemClock
                0x3fff1558       0x18 build/app_app.a(SystemClock.o)
                0x3fff1558                SystemClock
 .bss._ZL11INADDR_NONE
                0x3fff1570        0x4 build/app_app.a(SystemClock.o)
 .bss.RTC       0x3fff1574        0x1 build/app_app.a(RTC.o)
                0x3fff1574                RTC
 .bss._ZL11INADDR_NONE
                0x3fff1575        0x4 build/app_app.a(HttpRequest.o)
 .bss._ZN8NetUtils20ipClientRoutingFixedE
                0x3fff1579        0x1 build/app_app.a(NetUtils.o)
                0x3fff1579                NetUtils::ipClientRoutingFixed
 *fill*         0x3fff157a        0x2 
 .bss._ZN11ArduinoJson10JsonObject8_invalidE
                0x3fff157c        0x8 build/app_app.a(ArduinoJson.o)
                0x3fff157c                ArduinoJson::JsonObject::_invalid
 .bss._ZN11ArduinoJson9JsonArray8_invalidE
                0x3fff1584        0x8 build/app_app.a(ArduinoJson.o)
                0x3fff1584                ArduinoJson::JsonArray::_invalid
 .bss._ZL11INADDR_NONE
                0x3fff158c        0x4 build/app_app.a(CommandDelegate.o)
 .bss.spiffs_cache
                0x3fff1590      0x480 build/app_app.a(spiffs_sming.o)
 .bss.spiffs_fds
                0x3fff1a10       0xe0 build/app_app.a(spiffs_sming.o)
 .bss.spiffs_work_buf
                0x3fff1af0      0x200 build/app_app.a(spiffs_sming.o)
 *(.gnu.linkonce.b.*)
 *(COMMON)
 COMMON         0x3fff1cf0        0x8 build/app_app.a(uart.o)
                0x3fff1cf0                xUartTaskHandle
                0x3fff1cf4                xQueueUart
 COMMON         0x3fff1cf8       0x70 build/app_app.a(spiffs_sming.o)
                0x3fff1cf8                _filesystemStorageHandle
                0x3fff1d68                . = ALIGN (0x8)
                0x3fff1d68                _bss_end = ABSOLUTE (.)
                0x3fff1d68                _heap_start = ABSOLUTE (.)

.text           0x40100000     0x6a04
                0x40100000                _stext = .
                0x40100000                _text_start = ABSOLUTE (.)
 *(.UserEnter.text)
 .UserEnter.text
                0x40100000        0xd c:/Espressif/ESP8266_RTOS_SDK/lib\libmain.a(xtensa_vectors.o)
                                 0x14 (size before relaxing)
                0x40100004                call_user_start
                0x40100010                . = ALIGN (0x10)
 *fill*         0x4010000d        0x3 
 *(.DebugExceptionVector.text)
 .DebugExceptionVector.text
                0x40100010        0x9 c:/Espressif/ESP8266_RTOS_SDK/lib\libmain.a(xtensa_vectors.o)
                                 0x10 (size before relaxing)
                0x40100010                _DebugExceptionVector
                0x40100020                . = ALIGN (0x10)
 *fill*         0x40100019        0x7 
 *(.NMIExceptionVector.text)
 .NMIExceptionVector.text
                0x40100020        0x6 c:/Espressif/ESP8266_RTOS_SDK/lib\libmain.a(xtensa_vectors.o)
                                  0xd (size before relaxing)
                0x40100020                _NMIExceptionVector
                0x40100030                . = ALIGN (0x10)
 *fill*         0x40100026        0xa 
 *(.KernelExceptionVector.text)
 .KernelExceptionVector.text
                0x40100030        0x6 c:/Espressif/ESP8266_RTOS_SDK/lib\libmain.a(xtensa_vectors.o)
                                  0xd (size before relaxing)
                0x40100030                _KernelExceptionVector
                0x40100036        0x4 LONG 0x0
                0x4010003a        0x4 LONG 0x0
                0x4010003e        0x4 LONG 0x0
                0x40100042        0x4 LONG 0x0
                0x40100050                . = ALIGN (0x10)
 *fill*         0x40100046        0xa 
 *(.UserExceptionVector.text)
 .UserExceptionVector.text
                0x40100050        0x6 c:/Espressif/ESP8266_RTOS_SDK/lib\libmain.a(xtensa_vectors.o)
                                  0xd (size before relaxing)
                0x40100050                _UserExceptionVector
                0x40100056        0x4 LONG 0x0
                0x4010005a        0x4 LONG 0x0
                0x4010005e        0x4 LONG 0x0
                0x40100062        0x4 LONG 0x0
                0x40100070                . = ALIGN (0x10)
 *fill*         0x40100066        0xa 
 *(.DoubleExceptionVector.text)
 .DoubleExceptionVector.text
                0x40100070        0x9 c:/Espressif/ESP8266_RTOS_SDK/lib\libmain.a(xtensa_vectors.o)
                                 0x10 (size before relaxing)
                0x40100070                _DoubleExceptionVector
                0x40100079        0x4 LONG 0x0
                0x4010007d        0x4 LONG 0x0
                0x40100081        0x4 LONG 0x0
                0x40100085        0x4 LONG 0x0
                0x40100090                . = ALIGN (0x10)
 *fill*         0x40100089        0x7 
 *(.entry.text)
 *(.init.literal)
 *(.init)
 *(.literal .text .stub .gnu.warning .gnu.linkonce.literal.* .gnu.linkonce.t.*.literal .gnu.linkonce.t.*)
 .text          0x40100090      0x1da c:/Espressif/ESP8266_RTOS_SDK/lib\libmain.a(xtensa_vectors.o)
                                0x212 (size before relaxing)
                0x40100138                _xt_user_exit
 *fill*         0x4010026a        0x2 
 .text          0x4010026c      0x41e c:/Espressif/ESP8266_RTOS_SDK/lib\libmain.a(app_main.o)
                                0x456 (size before relaxing)
                0x40100274                Cache_Read_Enable_New
                0x401003f4                user_fatal_exception_handler
                0x401004cc                do_global_ctors
                0x40100534                user_start
 *fill*         0x4010068a        0x2 
 .text          0x4010068c      0x516 c:/Espressif/ESP8266_RTOS_SDK/lib\libmain.a(printf-stdarg.o)
                                0x536 (size before relaxing)
                0x4010068c                putchar
                0x40100844                print
                0x40100ab8                ets_printf
                0x40100ab8                printf
                0x40100b8c                puts
 *fill*         0x40100ba2        0x2 
 .text          0x40100ba4      0x3f8 c:/Espressif/ESP8266_RTOS_SDK/lib\libmain.a(spi_flash.o)
                                0x4e4 (size before relaxing)
                0x40100ba8                SPIWrite
                0x40100c84                SPIRead
                0x40100cb4                SPIEraseSector
                0x40100cfc                Cache_Read_Disable_2
                0x40100d3c                Cache_Read_Enable_2
                0x40100d78                spi_flash_get_id
                0x40100de8                spi_flash_read_status
                0x40100e28                spi_flash_write_status
                0x40100ea8                spi_flash_erase_sector
                0x40100eec                spi_flash_write
                0x40100f54                spi_flash_read
 .text          0x40100f9c      0x312 c:/Espressif/ESP8266_RTOS_SDK/lib\libmain.a(user_interface.o)
                                0x37e (size before relaxing)
                0x40100fd0                system_restart_in_nmi
                0x401011bc                wifi_set_user_rate_limit
                0x40101200                system_rtc_mem_write
                0x40101258                system_rtc_mem_read
 *fill*         0x401012ae        0x2 
 .text          0x401012b0      0x187 c:/Espressif/ESP8266_RTOS_SDK/lib\libmain.a(os_cpu_a.o)
                                0x1bf (size before relaxing)
                0x401012b0                vPortYield
                0x401012ec                _xt_int_enter
                0x40101304                _xt_int_exit
                0x4010132c                _xt_timer_int
                0x40101360                _xt_timer_int1
                0x4010137c                _xt_tick_timer_init
                0x401013a0                _xt_update_xt_ccompare
                0x401013bc                _xt_set_xt_ccompare_val
                0x401013d4                _xt_isr_unmask
                0x401013f4                _xt_isr_mask
                0x40101418                _xt_read_ints
                0x40101428                _xt_clear_ints
 *fill*         0x40101437        0x1 
 .text          0x40101438      0x28b c:/Espressif/ESP8266_RTOS_SDK/lib\libfreertos.a(heap_4.o)
                                0x2e3 (size before relaxing)
                0x40101438                xPortWantedSizeAlign
                0x40101454                malloc
                0x40101454                pvPortMalloc
                0x40101534                vPortFree
                0x40101534                free
                0x401015c4                calloc
                0x401015c4                pvPortCalloc
                0x401015ec                pvPortZalloc
                0x401015ec                zalloc
                0x40101600                realloc
                0x40101600                pvPortRealloc
 *fill*         0x401016c3        0x1 
 .text          0x401016c4      0x1c9 c:/Espressif/ESP8266_RTOS_SDK/lib\libfreertos.a(port.o)
                                0x225 (size before relaxing)
                0x401016c8                PendSV
                0x4010171c                SoftIsrHdl
                0x4010175c                xPortSysTickHandle
                0x40101774                vPortEnterCritical
                0x40101798                vPortExitCritical
                0x401017c0                PortDisableInt_NoNest
                0x401017e0                PortEnableInt_NoNest
                0x40101800                _xt_isr_handler
 *fill*         0x4010188d        0x3 
 .text          0x40101890       0xc7 c:/Espressif/ESP8266_RTOS_SDK/lib\libfreertos.a(queue.o)
                                 0xd7 (size before relaxing)
                0x40101890                uxQueueMessagesWaitingFromISR
 *fill*         0x40101957        0x1 
 .text          0x40101958      0x2a1 c:/Espressif/ESP8266_RTOS_SDK/lib\libfreertos.a(tasks.o)
                                0x2ed (size before relaxing)
                0x40101968                xTaskIncrementTick
                0x40101ad8                vTaskSwitchContext
                0x40101ba8                vTaskPriorityDisinherit
 *fill*         0x40101bf9        0x3 
 .text          0x40101bfc      0x346 build/app_app.a(Timer.o)
                                0x36a (size before relaxing)
                0x40101c00                Timer::stop()
                0x40101c44                Timer::start(bool)
                0x40101cc4                Timer::processing(void*)
                0x40101d18                Timer::restart()
                0x40101d3c                Timer::setIntervalUs(unsigned long long)
                0x40101dac                Timer::setIntervalMs(unsigned int)
                0x40101dd8                Timer::setCallback(void (*)())
                0x40101e1c                Timer::initializeMs(unsigned int, void (*)())
                0x40101e44                Timer::initializeUs(unsigned int, void (*)())
                0x40101e74                Timer::setCallback(Delegate<void ()>)
                0x40101ea4                Timer::initializeMs(unsigned int, Delegate<void ()>)
                0x40101ef4                Timer::initializeUs(unsigned int, Delegate<void ()>)
 *fill*         0x40101f42        0x2 
 .text          0x40101f44      0x318 build/app_app.a(WString.o)
                                0x340 (size before relaxing)
                0x40101f48                String::compareTo(String const&) const
                0x40101f90                String::equals(String const&) const
                0x40101fb8                String::equals(char const*) const
                0x40102000                String::setCharAt(unsigned int, char)
                0x40102014                String::operator[](unsigned int) const
                0x4010202c                String::charAt(unsigned int) const
                0x40102040                String::operator[](unsigned int)
                0x40102058                String::invalidate()
                0x40102080                String::changeBuffer(unsigned int)
                0x401020b8                String::concat(char const*, unsigned int)
                0x40102114                String::operator=(String const&)
                0x40102144                String::String(String const&)
                0x40102144                String::String(String const&)
                0x40102160                String::operator=(char const*)
                0x40102194                String::String(char const*)
                0x40102194                String::String(char const*)
                0x401021cc                String::String(char const*, unsigned int)
                0x401021cc                String::String(char const*, unsigned int)
                0x401021f0                String::String(String&&)
                0x401021f0                String::String(String&&)
                0x4010220c                String::String(StringSumHelper&&)
                0x4010220c                String::String(StringSumHelper&&)
                0x4010222c                String::indexOf(char) const
                0x40102248                String::indexOf(String const&) const
 .literal       0x4010225c        0x4 c:/Espressif/ESP8266_RTOS_SDK/lib\libmicrogcc.a(_cmpdf2.o)
                                 0x18 (size before relaxing)
 .literal       0x40102260        0x4 c:/Espressif/ESP8266_RTOS_SDK/lib\libgcc.a(_mulsf3.o)
                                 0x10 (size before relaxing)
 .literal       0x40102264        0x0 c:/Espressif/ESP8266_RTOS_SDK/lib\libmicrogcc.a(_fixsfsi.o)
                                  0x4 (size before relaxing)
 .text          0x40102264      0x169 c:/Espressif/ESP8266_RTOS_SDK/lib\libmicrogcc.a(_cmpdf2.o)
                0x40102264                __nedf2
                0x40102264                __eqdf2
                0x40102294                __gtdf2
                0x401022b8                __ledf2
                0x4010231c                __gedf2
                0x40102340                __ltdf2
                0x401023a4                __unorddf2
 *fill*         0x401023cd        0x3 
 .text          0x401023d0      0x15d c:/Espressif/ESP8266_RTOS_SDK/lib\libgcc.a(_mulsf3.o)
                0x40102448                __mulsf3
 *fill*         0x4010252d        0x3 
 .text          0x40102530       0x53 c:/Espressif/ESP8266_RTOS_SDK/lib\libphy.a(phy.o)
                                 0x5f (size before relaxing)
                0x40102538                register_phy_ops
                0x40102558                register_get_phy_addr
                0x40102560                phy_change_channel
                0x40102578                phy_get_mactime
 *fill*         0x40102583        0x1 
 .text          0x40102584       0xaa c:/Espressif/ESP8266_RTOS_SDK/lib\libphy.a(phy_chip_v6_cal.o)
                                 0xb2 (size before relaxing)
                0x40102584                unsign_to_sign
                0x401025bc                phy_get_bb_freqoffset
                0x40102620                phy_get_bb_evm
 *fill*         0x4010262e        0x2 
 .text          0x40102630       0xf3 c:/Espressif/ESP8266_RTOS_SDK/lib\libphy.a(phy_sleep.o)
                                0x103 (size before relaxing)
                0x40102640                pm_rtc_clock_cali
                0x401026f8                clockgate_watchdog
 *fill*         0x40102723        0x1 
 .text          0x40102724        0xb c:/Espressif/ESP8266_RTOS_SDK/lib\libphy.a(phy_chip_v5_romfunc.o)
                0x40102728                phy_get_romfuncs
 *fill*         0x4010272f        0x1 
 .text          0x40102730     0x1694 c:/Espressif/ESP8266_RTOS_SDK/lib\libpp.a(lmac.o)
                               0x1a50 (size before relaxing)
                0x40102734                lmacIsActive
                0x40102748                lmacIsIdle
                0x40102bc8                lmacSetAcParam
                0x40102c4c                lmacProcessTXStartData
                0x40102df0                lmacProcessTxSuccess
                0x40102f2c                GetAccess
                0x40102f38                lmacDiscardAgedMSDU
                0x40102f4c                lmacRecycleMPDU
                0x40103558                lmacProcessTxTimeout
                0x401035c0                lmacProcessAllTxTimeout
                0x401035d8                lmacProcessCollisions
                0x40103638                lmacProcessCollision
                0x401036bc                lmacMSDUAged
                0x40103a48                lmacProcessCtsTimeout
                0x40103a90                lmacProcessAckTimeout
                0x40103ae4                lmacProcessRtsStart
                0x40103af0                lmacProcessTxRtsError
                0x40103b8c                lmacProcessTxError
                0x40103c10                lmacTxFrame
                0x40103dac                lmacRxDone
 .text          0x40103dc4      0xcbd c:/Espressif/ESP8266_RTOS_SDK/lib\libpp.a(pp.o)
                                0xf51 (size before relaxing)
                0x40103f48                ppProcessTxQ
                0x40104008                ppFetchTxQFirstAvail
                0x4010406c                ppDequeueTxQ
                0x401040b8                ppRollBackTxQ
                0x401040fc                ppRecordBarRRC
                0x4010410c                ppTxqUpdateBitmap
                0x40104134                ppEnqueueTxDone
                0x40104178                ppEnqueueRxq
                0x40104714                ppDiscardMPDU
                0x40104744                MacIsrSigPostDefHdl
                0x40104824                pp_post
                0x40104950                ppCalTxop
                0x40104a14                ppCalFrameTimes
 *fill*         0x40104a81        0x3 
 .text          0x40104a84       0xf5 c:/Espressif/ESP8266_RTOS_SDK/lib\libpp.a(rate_control.o)
                                0x109 (size before relaxing)
                0x40104aa4                RC_GetAckRate
                0x40104ab0                RC_GetRtsRate
                0x40104ac0                RC_GetAckTime
                0x40104ad4                RC_GetCtsTime
                0x40104b0c                RC_GetBlockAckTime
 *fill*         0x40104b79        0x3 
 .text          0x40104b7c      0x99d c:/Espressif/ESP8266_RTOS_SDK/lib\libpp.a(trc.o)
                                0xa05 (size before relaxing)
                0x40104d4c                rcUpdateTxDone
                0x40104de0                rcUpdateRxDone
                0x40104e3c                rcUpdateDataRxDone
                0x40104e58                rcGetSched
                0x40104f3c                rcGetRate
                0x4010544c                rcReachRetryLimit
                0x40105464                trc_NeedRTS
 *fill*         0x40105519        0x3 
 .text          0x4010551c     0x1230 c:/Espressif/ESP8266_RTOS_SDK/lib\libpp.a(wdev.o)
                               0x158c (size before relaxing)
                0x40105944                wDev_MacTimSetFunc
                0x40105968                wDev_MacTimArm
                0x401059f8                wDev_MacTim1Arm
                0x40105ab8                wDev_ProcessFiq
                0x40105e34                wDev_EnableTransmit
                0x40105e6c                wDev_DisableTransmit
                0x40105e8c                Tx_Copy2Queue
                0x40105ed4                wDev_ProcessCollision
                0x40105ef8                wDev_GetTxqCollisions
                0x40105f08                wDev_ClearTxqCollisions
                0x40105f24                wDev_SetWaitingQueue
                0x40105f6c                wDev_ClearWaitingQueue
                0x40105f90                wDev_SetFrameAckType
                0x40105ff8                wDev_AppendRxBlocks
                0x4010617c                wDev_AppendRxAmpduLensBlocks
                0x40106280                wDev_GetBAInfo
 .text          0x4010674c       0x7c c:/Espressif/ESP8266_RTOS_SDK/lib\libpp.a(esf_buf.o)
                                 0xa8 (size before relaxing)
                0x40106750                esf_rx_buf_alloc
 .text          0x401067c8        0xb c:/Espressif/ESP8266_RTOS_SDK/lib\libnet80211.a(wl_chm.o)
                0x401067cc                chm_get_current_channel
 *fill*         0x401067d3        0x1 
 .text          0x401067d4       0x17 c:/Espressif/ESP8266_RTOS_SDK/lib\libwpa.a(os_xtensa.o)
                                 0x1b (size before relaxing)
                0x401067d8                r_rand
                0x401067d8                os_random
 *fill*         0x401067eb        0x1 
 .text          0x401067ec       0x63 c:/Espressif/ESP8266_RTOS_SDK/lib\libmain.a(routines.o)
                                 0x73 (size before relaxing)
                0x401067ec                __cxa_deleted_virtual
                0x401067f4                __cxa_pure_virtual
                0x401067fc                operator delete[](void*)
                0x40106810                operator delete(void*)
                0x40106824                operator new[](unsigned int)
                0x40106838                operator new(unsigned int)
                0x4010684c                abort
 *fill*         0x4010684f        0x1 
 .text          0x40106850       0x40 c:/Espressif/ESP8266_RTOS_SDK/lib\libmicrogcc.a(_fixsfsi.o)
                0x40106850                __fixsfsi
 .literal       0x40106890        0x0 c:/Espressif/ESP8266_RTOS_SDK/lib\libmain.a(xtensa_vectors.o)
 *fill*         0x40106890        0x0 
 .literal       0x40106890        0x0 c:/Espressif/ESP8266_RTOS_SDK/lib\libmain.a(app_main.o)
 .text          0x40106890        0x0 c:/Espressif/ESP8266_RTOS_SDK/lib\libmain.a(ets_timer.o)
 .text          0x40106890        0x0 c:/Espressif/ESP8266_RTOS_SDK/lib\libmain.a(misc.o)
 *fill*         0x40106890        0x0 
 .literal       0x40106890        0x0 c:/Espressif/ESP8266_RTOS_SDK/lib\libmain.a(printf-stdarg.o)
 *fill*         0x40106890        0x0 
 .literal       0x40106890        0x0 c:/Espressif/ESP8266_RTOS_SDK/lib\libmain.a(spi_flash.o)
 .text          0x40106890        0x0 c:/Espressif/ESP8266_RTOS_SDK/lib\libmain.a(uart.o)
 .literal       0x40106890        0x0 c:/Espressif/ESP8266_RTOS_SDK/lib\libmain.a(user_interface.o)
 *fill*         0x40106890        0x0 
 .literal       0x40106890        0x0 c:/Espressif/ESP8266_RTOS_SDK/lib\libmain.a(os_cpu_a.o)
 *fill*         0x40106890        0x0 
 .text          0x40106890       0x3d c:/Espressif/ESP8266_RTOS_SDK/lib\libmain.a(xtensa_context.o)
                0x40106890                _xt_context_save
                0x401068ac                _xt_context_restore
 *fill*         0x401068cd        0x3 
 .literal       0x401068d0        0x0 c:/Espressif/ESP8266_RTOS_SDK/lib\libfreertos.a(heap_4.o)
 *fill*         0x401068d0        0x0 
 .literal       0x401068d0        0x0 c:/Espressif/ESP8266_RTOS_SDK/lib\libfreertos.a(port.o)
 *fill*         0x401068d0        0x0 
 .literal       0x401068d0        0x0 c:/Espressif/ESP8266_RTOS_SDK/lib\libfreertos.a(queue.o)
 *fill*         0x401068d0        0x0 