Archive member included because of file (symbol)

c:/Espressif/ESP8266_RTOS_SDK/lib\libmain.a(xtensa_vectors.o)
                              (call_user_start)
c:/Espressif/ESP8266_RTOS_SDK/lib\libmain.a(app_main.o)
                              c:/Espressif/ESP8266_RTOS_SDK/lib\libmain.a(xtensa_vectors.o) (user_fatal_exception_handler)
c:/Espressif/ESP8266_RTOS_SDK/lib\libmain.a(ets_timer.o)
                              c:/Espressif/ESP8266_RTOS_SDK/lib\libmain.a(app_main.o) (ets_timer_init)
c:/Espressif/ESP8266_RTOS_SDK/lib\libmain.a(misc.o)
                              c:/Espressif/ESP8266_RTOS_SDK/lib\libmain.a(app_main.o) (_putc1)
c:/Espressif/ESP8266_RTOS_SDK/lib\libmain.a(printf-stdarg.o)
                              c:/Espressif/ESP8266_RTOS_SDK/lib\libmain.a(app_main.o) (printf)
c:/Espressif/ESP8266_RTOS_SDK/lib\libmain.a(spi_flash.o)
                              c:/Espressif/ESP8266_RTOS_SDK/lib\libmain.a(app_main.o) (flashchip)
c:/Espressif/ESP8266_RTOS_SDK/lib\libmain.a(uart.o)
                              c:/Espressif/ESP8266_RTOS_SDK/lib\libmain.a(app_main.o) (uart_div_modify)
c:/Espressif/ESP8266_RTOS_SDK/lib\libmain.a(user_interface.o)
                              c:/Espressif/ESP8266_RTOS_SDK/lib\libmain.a(app_main.o) (rst_if)
c:/Espressif/ESP8266_RTOS_SDK/lib\libmain.a(os_cpu_a.o)
                              c:/Espressif/ESP8266_RTOS_SDK/lib\libmain.a(xtensa_vectors.o) (_xt_int_enter)
c:/Espressif/ESP8266_RTOS_SDK/lib\libmain.a(xtensa_context.o)
                              c:/Espressif/ESP8266_RTOS_SDK/lib\libmain.a(os_cpu_a.o) (_xt_context_save)
c:/Espressif/ESP8266_RTOS_SDK/lib\libfreertos.a(heap_4.o)
                              c:/Espressif/ESP8266_RTOS_SDK/lib\libmain.a(printf-stdarg.o) (xPortWantedSizeAlign)
c:/Espressif/ESP8266_RTOS_SDK/lib\libfreertos.a(port.o)
                              c:/Espressif/ESP8266_RTOS_SDK/lib\libmain.a(ets_timer.o) (PendSV)
c:/Espressif/ESP8266_RTOS_SDK/lib\libfreertos.a(queue.o)
                              c:/Espressif/ESP8266_RTOS_SDK/lib\libmain.a(ets_timer.o) (xQueueGenericCreate)
c:/Espressif/ESP8266_RTOS_SDK/lib\libfreertos.a(tasks.o)
                              c:/Espressif/ESP8266_RTOS_SDK/lib\libmain.a(os_cpu_a.o) (pxCurrentTCB)
c:/Espressif/ESP8266_RTOS_SDK/lib\libfreertos.a(timers.o)
                              c:/Espressif/ESP8266_RTOS_SDK/lib\libfreertos.a(tasks.o) (xTimerCreateTimerTask)
c:/Espressif/ESP8266_RTOS_SDK/lib\libfreertos.a(list.o)
                              c:/Espressif/ESP8266_RTOS_SDK/lib\libfreertos.a(queue.o) (vListInitialise)
c:/Espressif/ESP8266_RTOS_SDK/lib\liblwip.a(dhcp.o)
                              c:/Espressif/ESP8266_RTOS_SDK/lib\libmain.a(user_interface.o) (dhcp_cleanup)
c:/Espressif/ESP8266_RTOS_SDK/lib\liblwip.a(dhcpserver.o)
                              c:/Espressif/ESP8266_RTOS_SDK/lib\libmain.a(user_interface.o) (dhcps_start)
c:/Espressif/ESP8266_RTOS_SDK/lib\liblwip.a(dns.o)
                              c:/Espressif/ESP8266_RTOS_SDK/lib\liblwip.a(dhcp.o) (dns_setserver)
c:/Espressif/ESP8266_RTOS_SDK/lib\liblwip.a(etharp.o)
                              c:/Espressif/ESP8266_RTOS_SDK/lib\libmain.a(user_interface.o) (ethbroadcast)
c:/Espressif/ESP8266_RTOS_SDK/lib\liblwip.a(ip4_addr.o)
                              c:/Espressif/ESP8266_RTOS_SDK/lib\liblwip.a(dhcp.o) (ip_addr_any)
c:/Espressif/ESP8266_RTOS_SDK/lib\liblwip.a(ip4.o)
                              c:/Espressif/ESP8266_RTOS_SDK/lib\liblwip.a(etharp.o) (ip_input)
c:/Espressif/ESP8266_RTOS_SDK/lib\liblwip.a(ip6.o)
                              c:/Espressif/ESP8266_RTOS_SDK/lib\liblwip.a(etharp.o) (ip6_input)
c:/Espressif/ESP8266_RTOS_SDK/lib\liblwip.a(memp.o)
                              c:/Espressif/ESP8266_RTOS_SDK/lib\liblwip.a(etharp.o) (memp_sizes)
c:/Espressif/ESP8266_RTOS_SDK/lib\liblwip.a(mld6.o)
                              c:/Espressif/ESP8266_RTOS_SDK/lib\liblwip.a(ip6.o) (mld6_lookfor_group)
c:/Espressif/ESP8266_RTOS_SDK/lib\liblwip.a(nd6.o)
                              c:/Espressif/ESP8266_RTOS_SDK/lib\liblwip.a(ip6.o) (default_router_list)
c:/Espressif/ESP8266_RTOS_SDK/lib\liblwip.a(netif.o)
                              c:/Espressif/ESP8266_RTOS_SDK/lib\liblwip.a(dhcp.o) (netif_list)
c:/Espressif/ESP8266_RTOS_SDK/lib\liblwip.a(pbuf.o)
                              c:/Espressif/ESP8266_RTOS_SDK/lib\liblwip.a(dhcp.o) (pbuf_alloc)
c:/Espressif/ESP8266_RTOS_SDK/lib\liblwip.a(raw.o)
                              c:/Espressif/ESP8266_RTOS_SDK/lib\liblwip.a(ip4.o) (raw_input)
c:/Espressif/ESP8266_RTOS_SDK/lib\liblwip.a(sys_arch.o)
                              c:/Espressif/ESP8266_RTOS_SDK/lib\liblwip.a(pbuf.o) (sys_arch_protect)
c:/Espressif/ESP8266_RTOS_SDK/lib\liblwip.a(tcp_in.o)
                              c:/Espressif/ESP8266_RTOS_SDK/lib\liblwip.a(ip4.o) (tcp_input)
c:/Espressif/ESP8266_RTOS_SDK/lib\liblwip.a(tcpip.o)
[...]
Memory Configuration

Name             Origin             Length             Attributes
dport0_0_seg     0x3ff00000         0x00000010
dram0_0_seg      0x3ffe8000         0x00018000
iram1_0_seg      0x40100000         0x00009000
irom0_0_seg      0x4020a000         0x00052000
*default*        0x00000000         0xffffffff

Linker script and memory map

START GROUP
LOAD c:/Espressif/ESP8266_RTOS_SDK/lib\libmicroc.a
LOAD c:/Espressif/ESP8266_RTOS_SDK/lib\libmicrogcc.a
LOAD c:/Espressif/ESP8266_RTOS_SDK/lib\libgcc.a
LOAD c:/espressif/xtensa-lx106-elf/bin/../lib/gcc/xtensa-lx106-elf/5.1.0/../../../../xtensa-lx106-elf/lib\libhal.a
LOAD c:/Espressif/ESP8266_RTOS_SDK/lib\libphy.a
LOAD c:/Espressif/ESP8266_RTOS_SDK/lib\libpp.a
LOAD c:/Espressif/ESP8266_RTOS_SDK/lib\libnet80211.a
LOAD c:/Espressif/ESP8266_RTOS_SDK/lib\libwpa.a
LOAD c:/Espressif/ESP8266_RTOS_SDK/lib\libcrypto.a
LOAD c:/Espressif/ESP8266_RTOS_SDK/lib\libmain.a
LOAD c:/Espressif/ESP8266_RTOS_SDK/lib\libfreertos.a
LOAD c:/Espressif/ESP8266_RTOS_SDK/lib\liblwip.a
LOAD c:/Espressif/ESP8266_RTOS_SDK/lib\libminic.a
LOAD c:/Espressif/ESP8266_RTOS_SDK/lib\libpwm.a
LOAD build/app_app.a
END GROUP
                0x40000000                PROVIDE (_memmap_vecbase_reset, 0x40000000)
                0x00000110                _memmap_cacheattr_wb_base = 0x110
                0x00000110                _memmap_cacheattr_wt_base = 0x110
                0x00000220                _memmap_cacheattr_bp_base = 0x220
                0xfffff00f                _memmap_cacheattr_unused_mask = 0xfffff00f
                0x2222211f                _memmap_cacheattr_wb_trapnull = 0x2222211f
                0x2222211f                _memmap_cacheattr_wba_trapnull = 0x2222211f
                0x2222211f                _memmap_cacheattr_wbna_trapnull = 0x2222211f
                0x2222211f                _memmap_cacheattr_wt_trapnull = 0x2222211f
                0x2222222f                _memmap_cacheattr_bp_trapnull = 0x2222222f
                0xfffff11f                _memmap_cacheattr_wb_strict = 0xfffff11f
                0xfffff11f                _memmap_cacheattr_wt_strict = 0xfffff11f
                0xfffff22f                _memmap_cacheattr_bp_strict = 0xfffff22f
                0x22222112                _memmap_cacheattr_wb_allvalid = 0x22222112
                0x22222112                _memmap_cacheattr_wt_allvalid = 0x22222112
                0x22222222                _memmap_cacheattr_bp_allvalid = 0x22222222
                0x2222211f                PROVIDE (_memmap_cacheattr_reset, _memmap_cacheattr_wb_trapnull)

.dport0.rodata  0x3ff00000        0x0
                0x3ff00000                _dport0_rodata_start = ABSOLUTE (.)
 *(.dport0.rodata)
 *(.dport.rodata)
                0x3ff00000                _dport0_rodata_end = ABSOLUTE (.)

.dport0.literal
                0x3ff00000        0x0
                0x3ff00000                _dport0_literal_start = ABSOLUTE (.)
 *(.dport0.literal)
 *(.dport.literal)
                0x3ff00000                _dport0_literal_end = ABSOLUTE (.)

.dport0.data    0x3ff00000        0x0
                0x3ff00000                _dport0_data_start = ABSOLUTE (.)
 *(.dport0.data)
 *(.dport.data)
                0x3ff00000                _dport0_data_end = ABSOLUTE (.)

.data           0x3ffe8000      0x3b8
                0x3ffe8000                _data_start = ABSOLUTE (.)
 *(.data)
 .data          0x3ffe8000        0x8 c:/Espressif/ESP8266_RTOS_SDK/lib\libmain.a(xtensa_vectors.o)
                0x3ffe8000                _Pri_3_HandlerAddress
                0x3ffe8004                _Pri_3_NMICount
 .data          0x3ffe8008        0x2 c:/Espressif/ESP8266_RTOS_SDK/lib\libmain.a(app_main.o)
                0x3ffe8009                init_hw_wdt
 .data          0x3ffe800a        0x0 c:/Espressif/ESP8266_RTOS_SDK/lib\libmain.a(ets_timer.o)
 *fill*         0x3ffe800a        0x2 
 .data          0x3ffe800c        0x4 c:/Espressif/ESP8266_RTOS_SDK/lib\libmain.a(misc.o)
 .data          0x3ffe8010        0x0 c:/Espressif/ESP8266_RTOS_SDK/lib\libmain.a(printf-stdarg.o)
 .data          0x3ffe8010       0x18 c:/Espressif/ESP8266_RTOS_SDK/lib\libmain.a(spi_flash.o)
                0x3ffe8010                flashchip
 .data          0x3ffe8028        0x0 c:/Espressif/ESP8266_RTOS_SDK/lib\libmain.a(uart.o)
 .data          0x3ffe8028        0x3 c:/Espressif/ESP8266_RTOS_SDK/lib\libmain.a(user_interface.o)
                0x3ffe8028                dhcps_flag
                0x3ffe8029                dhcpc_flag
                0x3ffe802a                reconnect_internal
 .data          0x3ffe802b        0x0 c:/Espressif/ESP8266_RTOS_SDK/lib\libmain.a(os_cpu_a.o)
 .data          0x3ffe802b        0x0 c:/Espressif/ESP8266_RTOS_SDK/lib\libmain.a(xtensa_context.o)
 .data          0x3ffe802b        0x0 c:/Espressif/ESP8266_RTOS_SDK/lib\libfreertos.a(heap_4.o)
 .data          0x3ffe802b        0x0 c:/Espressif/ESP8266_RTOS_SDK/lib\libfreertos.a(port.o)
 .data          0x3ffe802b        0x0 c:/Espressif/ESP8266_RTOS_SDK/lib\libfreertos.a(queue.o)
 *fill*         0x3ffe802b        0x1 
 .data          0x3ffe802c        0x4 c:/Espressif/ESP8266_RTOS_SDK/lib\libfreertos.a(tasks.o)
 .data          0x3ffe8030        0x0 c:/Espressif/ESP8266_RTOS_SDK/lib\libfreertos.a(timers.o)
 .data          0x3ffe8030        0x0 c:/Espressif/ESP8266_RTOS_SDK/lib\libfreertos.a(list.o)
 .data          0x3ffe8030        0x0 c:/Espressif/ESP8266_RTOS_SDK/lib\liblwip.a(dhcp.o)
 .data          0x3ffe8030        0x5 c:/Espressif/ESP8266_RTOS_SDK/lib\liblwip.a(dhcpserver.o)
                0x3ffe8030                dhcps_lease_time
 .data          0x3ffe8035        0x0 c:/Espressif/ESP8266_RTOS_SDK/lib\liblwip.a(dns.o)
 .data          0x3ffe8035        0x0 c:/Espressif/ESP8266_RTOS_SDK/lib\liblwip.a(etharp.o)
 .data          0x3ffe8035        0x0 c:/Espressif/ESP8266_RTOS_SDK/lib\liblwip.a(ip4_addr.o)
 .data          0x3ffe8035        0x0 c:/Espressif/ESP8266_RTOS_SDK/lib\liblwip.a(ip4.o)
 .data          0x3ffe8035        0x0 c:/Espressif/ESP8266_RTOS_SDK/lib\liblwip.a(ip6.o)
 .data          0x3ffe8035        0x0 c:/Espressif/ESP8266_RTOS_SDK/lib\liblwip.a(memp.o)
 .data          0x3ffe8035        0x0 c:/Espressif/ESP8266_RTOS_SDK/lib\liblwip.a(mld6.o)
 *fill*         0x3ffe8035        0x3 
 .data          0x3ffe8038        0x8 c:/Espressif/ESP8266_RTOS_SDK/lib\liblwip.a(nd6.o)
                0x3ffe8038                reachable_time
                0x3ffe803c                retrans_timer
 .data          0x3ffe8040        0x0 c:/Espressif/ESP8266_RTOS_SDK/lib\liblwip.a(netif.o)
 .data          0x3ffe8040        0x0 c:/Espressif/ESP8266_RTOS_SDK/lib\liblwip.a(pbuf.o)
 .data          0x3ffe8040        0x0 c:/Espressif/ESP8266_RTOS_SDK/lib\liblwip.a(raw.o)
 .data          0x3ffe8040        0x0 c:/Espressif/ESP8266_RTOS_SDK/lib\liblwip.a(sys_arch.o)
 .data          0x3ffe8040        0x0 c:/Espressif/ESP8266_RTOS_SDK/lib\liblwip.a(tcp_in.o)
 .data          0x3ffe8040        0x0 c:/Espressif/ESP8266_RTOS_SDK/lib\liblwip.a(tcpip.o)
 .data          0x3ffe8040        0x8 c:/Espressif/ESP8266_RTOS_SDK/lib\liblwip.a(tcp.o)
 .data          0x3ffe8048        0x0 c:/Espressif/ESP8266_RTOS_SDK/lib\liblwip.a(tcp_out.o)
 .data          0x3ffe8048        0x0 c:/Espressif/ESP8266_RTOS_SDK/lib\liblwip.a(timers.o)
 .data          0x3ffe8048        0x2 c:/Espressif/ESP8266_RTOS_SDK/lib\liblwip.a(udp.o)
 .data          0x3ffe804a        0x0 c:/Espressif/ESP8266_RTOS_SDK/lib\liblwip.a(api_msg.o)
 .data          0x3ffe804a        0x0 c:/Espressif/ESP8266_RTOS_SDK/lib\liblwip.a(icmp6.o)
 .data          0x3ffe804a        0x0 c:/Espressif/ESP8266_RTOS_SDK/lib\liblwip.a(icmp.o)
 .data          0x3ffe804a        0x0 c:/Espressif/ESP8266_RTOS_SDK/lib\liblwip.a(inet_chksum.o)
 .data          0x3ffe804a        0x0 c:/Espressif/ESP8266_RTOS_SDK/lib\liblwip.a(init.o)
 .data          0x3ffe804a        0x0 c:/Espressif/ESP8266_RTOS_SDK/lib\liblwip.a(ip6_addr.o)
 .data          0x3ffe804a        0x0 c:/Espressif/ESP8266_RTOS_SDK/lib\liblwip.a(ip6_frag.o)
 .data          0x3ffe804a        0x0 c:/Espressif/ESP8266_RTOS_SDK/lib\liblwip.a(netbuf.o)
 .data          0x3ffe804a        0x0 c:/Espressif/ESP8266_RTOS_SDK/lib\liblwip.a(sockets.o)
 .data          0x3ffe804a        0x0 c:/Espressif/ESP8266_RTOS_SDK/lib\liblwip.a(api_lib.o)
 *fill*         0x3ffe804a        0x2 
 .data          0x3ffe804c        0x4 c:/Espressif/ESP8266_RTOS_SDK/lib\libminic.a(minic.o)
                0x3ffe804c                __ctype_ptr__
 .data          0x3ffe8050        0x0 build/app_app.a(user_main_httpajax.o)
 .data          0x3ffe8050        0x0 build/app_app.a(DataSourceStream.o)
 .data          0x3ffe8050        0x0 build/app_app.a(Digital.o)
 .data          0x3ffe8050        0x0 build/app_app.a(FileSystem.o)
 .data          0x3ffe8050        0x0 build/app_app.a(HardwarePWM.o)
 .data          0x3ffe8050        0x0 build/app_app.a(HardwareSerial.o)
 .data          0x3ffe8050        0x0 build/app_app.a(Timer.o)
 .data          0x3ffe8050        0x0 build/app_app.a(stringconversion.o)
 .data          0x3ffe8050        0x0 build/app_app.a(IPAddress.o)
 .data          0x3ffe8050        0x0 build/app_app.a(Print.o)
 .data          0x3ffe8050        0x0 build/app_app.a(WString.o)
 .data          0x3ffe8050        0x0 build/app_app.a(Station.o)
 .data          0x3ffe8050        0x0 build/app_app.a(System.o)
 .data          0x3ffe8050        0x0 build/app_app.a(FTPServer.o)
 .data          0x3ffe8050        0x0 build/app_app.a(FTPServerConnection.o)
 .data          0x3ffe8050        0x0 build/app_app.a(HttpRequest.o)
 .data          0x3ffe8050        0x0 build/app_app.a(HttpResponse.o)
 .data          0x3ffe8050        0x0 build/app_app.a(HttpServer.o)
 .data          0x3ffe8050        0x0 build/app_app.a(HttpServerConnection.o)
 .data          0x3ffe8050        0x0 build/app_app.a(NetUtils.o)
 .data          0x3ffe8050        0x0 build/app_app.a(TcpConnection.o)
 .data          0x3ffe8050        0x0 build/app_app.a(TcpServer.o)
 .data          0x3ffe8050        0x0 build/app_app.a(WebSocket.o)
 .data          0x3ffe8050        0x0 build/app_app.a(ArduinoJson.o)
 .data          0x3ffe8050        0x0 build/app_app.a(CommandExecutor.o)
 .data          0x3ffe8050        0x0 build/app_app.a(CommandHandler.o)
 .data          0x3ffe8050        0x0 build/app_app.a(CommandOutput.o)
 .data          0x3ffe8050        0x0 build/app_app.a(spiffs_hydrogen.o)
 .data          0x3ffe8050        0x0 build/app_app.a(spiffs_nucleus.o)
 .data          0x3ffe8050        0x0 build/app_app.a(spiffs_sming.o)
 .data          0x3ffe8050        0x0 build/app_app.a(base64.o)
 .data          0x3ffe8050        0x0 build/app_app.a(escape.o)
 .data          0x3ffe8050        0x0 build/app_app.a(websocket.o)
 .data          0x3ffe8050        0x0 build/app_app.a(flashmem.o)
 .data          0x3ffe8050        0x0 build/app_app.a(m_printf.o)
 .data          0x3ffe8050        0x0 build/app_app.a(uart.o)
 .data          0x3ffe8050        0x0 build/app_app.a(Clock.o)
 .data          0x3ffe8050        0x0 build/app_app.a(Interrupts.o)
 .data          0x3ffe8050        0x0 build/app_app.a(SystemClock.o)
 .data          0x3ffe8050        0x0 build/app_app.a(SplitString.o)
 .data          0x3ffe8050        0x0 build/app_app.a(RTC.o)
 .data          0x3ffe8050        0x0 build/app_app.a(TcpClient.o)
 .data          0x3ffe8050        0x0 build/app_app.a(CommandDelegate.o)
 .data          0x3ffe8050        0x0 build/app_app.a(DateTime.o)
 .data          0x3ffe8050        0x0 build/app_app.a(spiffs_cache.o)
 .data          0x3ffe8050        0x0 build/app_app.a(spiffs_check.o)
 .data          0x3ffe8050        0x0 build/app_app.a(spiffs_gc.o)
 .data          0x3ffe8050        0x0 c:/Espressif/ESP8266_RTOS_SDK/lib\libmicroc.a(isprint.o)
 .data          0x3ffe8050        0x0 c:/Espressif/ESP8266_RTOS_SDK/lib\libmicroc.a(isspace.o)
 .data          0x3ffe8050        0x0 c:/Espressif/ESP8266_RTOS_SDK/lib\libmicroc.a(tolower.o)
 .data          0x3ffe8050        0x0 c:/Espressif/ESP8266_RTOS_SDK/lib\libmicroc.a(toupper.o)
 .data          0x3ffe8050        0x0 c:/Espressif/ESP8266_RTOS_SDK/lib\libmicroc.a(isxdigit.o)
 .data          0x3ffe8050        0x0 c:/Espressif/ESP8266_RTOS_SDK/lib\libmicroc.a(atof.o)
 .data          0x3ffe8050        0x0 c:/Espressif/ESP8266_RTOS_SDK/lib\libmicroc.a(strtod.o)
 .data          0x3ffe8050        0x0 c:/Espressif/ESP8266_RTOS_SDK/lib\libmicroc.a(__fpclassify.o)
 .data          0x3ffe8050        0x0 c:/Espressif/ESP8266_RTOS_SDK/lib\libmicroc.a(memchr.o)
 .data          0x3ffe8050        0x0 c:/Espressif/ESP8266_RTOS_SDK/lib\libmicroc.a(__errno_location.o)
 .data          0x3ffe8050        0x0 c:/Espressif/ESP8266_RTOS_SDK/lib\libmicroc.a(floatscan.o)
 .data          0x3ffe8050        0x0 c:/Espressif/ESP8266_RTOS_SDK/lib\libmicroc.a(shgetc.o)
 .data          0x3ffe8050        0x0 c:/Espressif/ESP8266_RTOS_SDK/lib\libmicroc.a(__uflow.o)
 .data          0x3ffe8050        0x0 c:/Espressif/ESP8266_RTOS_SDK/lib\libmicroc.a(__toread.o)
 .data          0x3ffe8050        0x0 c:/Espressif/ESP8266_RTOS_SDK/lib\libmicroc.a(__stdio_exit.o)
 .data          0x3ffe8050        0x0 c:/Espressif/ESP8266_RTOS_SDK/lib\libmicroc.a(fmodl.o)
 .data          0x3ffe8050        0x0 c:/Espressif/ESP8266_RTOS_SDK/lib\libmicroc.a(scalbn.o)
 .data          0x3ffe8050        0x0 c:/Espressif/ESP8266_RTOS_SDK/lib\libmicroc.a(scalbnl.o)
 .data          0x3ffe8050        0x0 c:/Espressif/ESP8266_RTOS_SDK/lib\libmicroc.a(fmod.o)
 .data          0x3ffe8050        0x0 c:/Espressif/ESP8266_RTOS_SDK/lib\libmicrogcc.a(_ashldi3.o)
 .data          0x3ffe8050        0x0 c:/Espressif/ESP8266_RTOS_SDK/lib\libmicrogcc.a(_cmpdf2.o)
 .data          0x3ffe8050        0x0 c:/Espressif/ESP8266_RTOS_SDK/lib\libmicrogcc.a(_lshrdi3.o)
 .data          0x3ffe8050        0x0 c:/Espressif/ESP8266_RTOS_SDK/lib\libmicrogcc.a(_modsi3.o)
 .data          0x3ffe8050        0x0 c:/Espressif/ESP8266_RTOS_SDK/lib\libgcc.a(_mulsf3.o)
 .data          0x3ffe8050        0x0 c:/espressif/xtensa-lx106-elf/bin/../lib/gcc/xtensa-lx106-elf/5.1.0/../../../../xtensa-lx106-elf/lib\libhal.a(clock.o)
 .data          0x3ffe8050        0x0 c:/espressif/xtensa-lx106-elf/bin/../lib/gcc/xtensa-lx106-elf/5.1.0/../../../../xtensa-lx106-elf/lib\libhal.a(int_asm--set_intset.o)
 .data          0x3ffe8050        0x0 c:/Espressif/ESP8266_RTOS_SDK/lib\libphy.a(phy.o)
 .data          0x3ffe8050        0x0 c:/Espressif/ESP8266_RTOS_SDK/lib\libphy.a(phy_chip_v6_ana.o)
 .data          0x3ffe8050       0x53 c:/Espressif/ESP8266_RTOS_SDK/lib\libphy.a(phy_chip_v6.o)
                0x3ffe8052                tx_rf_ana_gain
                0x3ffe8080                rx_gain_swp
                0x3ffe80a0                test_rffreq_txcap
 .data          0x3ffe80a3        0x0 c:/Espressif/ESP8266_RTOS_SDK/lib\libphy.a(phy_chip_v6_cal.o)
 .data          0x3ffe80a3        0x0 c:/Espressif/ESP8266_RTOS_SDK/lib\libphy.a(phy_chip_v6_unused.o)
 *fill*         0x3ffe80a3        0x1 
 .data          0x3ffe80a4        0x4 c:/Espressif/ESP8266_RTOS_SDK/lib\libphy.a(phy_sleep.o)
                0x3ffe80a4                chip_version
 .data          0x3ffe80a8        0x4 c:/Espressif/ESP8266_RTOS_SDK/lib\libphy.a(phy_chip_v5_romfunc.o)
                0x3ffe80a8                g_phyFuns
 .data          0x3ffe80ac        0x0 c:/Espressif/ESP8266_RTOS_SDK/lib\libphy.a(phy_chip_v5_ana_romfunc.o)
 *fill*         0x3ffe80ac        0x4 
 .data          0x3ffe80b0        0x7 c:/Espressif/ESP8266_RTOS_SDK/lib\libphy.a(phy_chip_v5_cal_romfunc.o)
 .data          0x3ffe80b7        0x0 c:/Espressif/ESP8266_RTOS_SDK/lib\libpp.a(if_hwctrl.o)
 .data          0x3ffe80b7        0x0 c:/Espressif/ESP8266_RTOS_SDK/lib\libpp.a(lmac.o)
 *fill*         0x3ffe80b7        0x1 
 .data          0x3ffe80b8        0x1 c:/Espressif/ESP8266_RTOS_SDK/lib\libpp.a(pm.o)
 *fill*         0x3ffe80b9        0x3 
 .data          0x3ffe80bc        0x1 c:/Espressif/ESP8266_RTOS_SDK/lib\libpp.a(pm_for_bcn_only_mode.o)
 *fill*         0x3ffe80bd        0x3 
 .data          0x3ffe80c0       0x11 c:/Espressif/ESP8266_RTOS_SDK/lib\libpp.a(pp.o)
                0x3ffe80c0                NoiseTimerInterval
                0x3ffe80c8                sleep_start_wait_time
                0x3ffe80d0                CanDoFreqCal
 *fill*         0x3ffe80d1        0xf 
 .data          0x3ffe80e0       0x40 c:/Espressif/ESP8266_RTOS_SDK/lib\libpp.a(rate_control.o)
 .data          0x3ffe8120      0x24c c:/Espressif/ESP8266_RTOS_SDK/lib\libpp.a(trc.o)
 .data          0x3ffe836c        0xc c:/Espressif/ESP8266_RTOS_SDK/lib\libpp.a(wdev.o)
                0x3ffe8374                WDEV_INTEREST_EVENT
 .data          0x3ffe8378        0x0 c:/Espressif/ESP8266_RTOS_SDK/lib\libpp.a(esf_buf.o)
 .data          0x3ffe8378        0x0 c:/Espressif/ESP8266_RTOS_SDK/lib\libnet80211.a(ieee80211.o)
 .data          0x3ffe8378        0x0 c:/Espressif/ESP8266_RTOS_SDK/lib\libnet80211.a(ieee80211_crypto.o)
 .data          0x3ffe8378        0x0 c:/Espressif/ESP8266_RTOS_SDK/lib\libnet80211.a(ieee80211_ets.o)
 .data          0x3ffe8378        0x1 c:/Espressif/ESP8266_RTOS_SDK/lib\libnet80211.a(ieee80211_hostap.o)
                0x3ffe8378                TmpSTAAPCloseAP
 .data          0x3ffe8379        0x0 c:/Espressif/ESP8266_RTOS_SDK/lib\libnet80211.a(ieee80211_ht.o)
 .data          0x3ffe8379        0x0 c:/Espressif/ESP8266_RTOS_SDK/lib\libnet80211.a(ieee80211_input.o)
 .data          0x3ffe8379        0x0 c:/Espressif/ESP8266_RTOS_SDK/lib\libnet80211.a(ieee80211_mesh_quick.o)
 .data          0x3ffe8379        0x0 c:/Espressif/ESP8266_RTOS_SDK/lib\libnet80211.a(ieee80211_output.o)
 .data          0x3ffe8379        0x0 c:/Espressif/ESP8266_RTOS_SDK/lib\libnet80211.a(ieee80211_phy.o)
 .data          0x3ffe8379        0x0 c:/Espressif/ESP8266_RTOS_SDK/lib\libnet80211.a(ieee80211_power.o)
 .data          0x3ffe8379        0x0 c:/Espressif/ESP8266_RTOS_SDK/lib\libnet80211.a(ieee80211_proto.o)
 .data          0x3ffe8379        0x0 c:/Espressif/ESP8266_RTOS_SDK/lib\libnet80211.a(ieee80211_rfid.o)
 .data          0x3ffe8379        0x0 c:/Espressif/ESP8266_RTOS_SDK/lib\libnet80211.a(ieee80211_scan.o)
 .data          0x3ffe8379        0x0 c:/Espressif/ESP8266_RTOS_SDK/lib\libnet80211.a(ieee80211_sta.o)
 .data          0x3ffe8379        0x0 c:/Espressif/ESP8266_RTOS_SDK/lib\libnet80211.a(wl_chm.o)
 *fill*         0x3ffe8379        0x3 
 .data          0x3ffe837c        0x1 c:/Espressif/ESP8266_RTOS_SDK/lib\libnet80211.a(wl_cnx.o)
 *fill*         0x3ffe837d        0x3 
 .data          0x3ffe8380       0x1c c:/Espressif/ESP8266_RTOS_SDK/lib\libnet80211.a(ieee80211_action.o)
 .data          0x3ffe839c        0x0 c:/Espressif/ESP8266_RTOS_SDK/lib\libnet80211.a(ieee80211_action_vendor.o)
 .data          0x3ffe839c        0x0 c:/Espressif/ESP8266_RTOS_SDK/lib\libnet80211.a(ieee80211_crypto_ccmp.o)
 .data          0x3ffe839c        0x0 c:/Espressif/ESP8266_RTOS_SDK/lib\libnet80211.a(ieee80211_ie_vendor.o)
 .data          0x3ffe839c        0x0 c:/Espressif/ESP8266_RTOS_SDK/lib\libwpa.a(ap_config.o)
 .data          0x3ffe839c        0x0 c:/Espressif/ESP8266_RTOS_SDK/lib\libwpa.a(common.o)
 .data          0x3ffe839c        0x0 c:/Espressif/ESP8266_RTOS_SDK/lib\libwpa.a(os_xtensa.o)
 .data          0x3ffe839c        0x0 c:/Espressif/ESP8266_RTOS_SDK/lib\libwpa.a(wpa_auth.o)
 .data          0x3ffe839c        0x0 c:/Espressif/ESP8266_RTOS_SDK/lib\libwpa.a(wpa_auth_ie.o)
 .data          0x3ffe839c        0x0 c:/Espressif/ESP8266_RTOS_SDK/lib\libwpa.a(wpa.o)
 .data          0x3ffe839c        0x0 c:/Espressif/ESP8266_RTOS_SDK/lib\libwpa.a(wpa_common.o)
 .data          0x3ffe839c        0x0 c:/Espressif/ESP8266_RTOS_SDK/lib\libwpa.a(wpa_debug.o)
 .data          0x3ffe839c        0x0 c:/Espressif/ESP8266_RTOS_SDK/lib\libwpa.a(wpa_ie.o)
 .data          0x3ffe839c        0x0 c:/Espressif/ESP8266_RTOS_SDK/lib\libwpa.a(wpa_main.o)
 .data          0x3ffe839c        0x0 c:/Espressif/ESP8266_RTOS_SDK/lib\libwpa.a(wpas_glue.o)
 .data          0x3ffe839c        0x0 c:/Espressif/ESP8266_RTOS_SDK/lib\libcrypto.a(aes-unwrap.o)
 .data          0x3ffe839c        0x0 c:/Espressif/ESP8266_RTOS_SDK/lib\libcrypto.a(aes-wrap.o)
 .data          0x3ffe839c        0x0 c:/Espressif/ESP8266_RTOS_SDK/lib\libcrypto.a(md5.o)
 .data          0x3ffe839c        0x0 c:/Espressif/ESP8266_RTOS_SDK/lib\libcrypto.a(md5-internal.o)
 .data          0x3ffe839c        0x0 c:/Espressif/ESP8266_RTOS_SDK/lib\libcrypto.a(rc4.o)
 .data          0x3ffe839c        0x0 c:/Espressif/ESP8266_RTOS_SDK/lib\libcrypto.a(sha1.o)
 .data          0x3ffe839c        0x0 c:/Espressif/ESP8266_RTOS_SDK/lib\libcrypto.a(sha1-internal.o)
 .data          0x3ffe839c        0x0 c:/Espressif/ESP8266_RTOS_SDK/lib\libcrypto.a(sha1-pbkdf2.o)
 .data          0x3ffe839c        0x0 c:/Espressif/ESP8266_RTOS_SDK/lib\libcrypto.a(aes-internal-dec.o)
 .data          0x3ffe839c        0x0 c:/Espressif/ESP8266_RTOS_SDK/lib\libcrypto.a(aes-internal-enc.o)
 .data          0x3ffe839c        0x0 c:/Espressif/ESP8266_RTOS_SDK/lib\libcrypto.a(aes-internal.o)
 .data          0x3ffe839c        0x0 c:/Espressif/ESP8266_RTOS_SDK/lib\libmain.a(routines.o)
 .data          0x3ffe839c        0x0 c:/Espressif/ESP8266_RTOS_SDK/lib\liblwip.a(ethernetif.o)
 .data          0x3ffe839c        0x0 c:/Espressif/ESP8266_RTOS_SDK/lib\liblwip.a(ethip6.o)
 .data          0x3ffe839c        0x0 c:/Espressif/ESP8266_RTOS_SDK/lib\libpwm.a(pwm.o)
 .data          0x3ffe839c        0x0 c:/Espressif/ESP8266_RTOS_SDK/lib\libmicrogcc.a(_ashrdi3.o)
 .data          0x3ffe839c        0x0 c:/Espressif/ESP8266_RTOS_SDK/lib\libmicrogcc.a(_divsf3.o)
 .data          0x3ffe839c        0x0 c:/Espressif/ESP8266_RTOS_SDK/lib\libmicrogcc.a(_fixsfsi.o)
 .data          0x3ffe839c        0x0 c:/Espressif/ESP8266_RTOS_SDK/lib\libnet80211.a(ieee80211_crypto_tkip.o)
 .data          0x3ffe839c        0x0 c:/Espressif/ESP8266_RTOS_SDK/lib\libnet80211.a(ieee80211_crypto_wep.o)
 *(.data.*)
 .data.countUp  0x3ffe839c        0x1 build/app_app.a(user_main_httpajax.o)
                0x3ffe839c                countUp
 *fill*         0x3ffe839d        0x3 
 .data.inc      0x3ffe83a0        0x4 build/app_app.a(user_main_httpajax.o)
                0x3ffe83a0                inc
 .data.pins     0x3ffe83a4        0x8 build/app_app.a(user_main_httpajax.o)
                0x3ffe83a4                pins
 .data.inputs   0x3ffe83ac        0x8 build/app_app.a(user_main_httpajax.o)
                0x3ffe83ac                inputs
 .data.cbc_printchar
                0x3ffe83b4        0x4 build/app_app.a(m_printf.o)
                0x3ffe83b4                cbc_printchar
 *(.gnu.linkonce.d.*)
 *(.data1)
 *(.sdata)
 *(.sdata.*)
 *(.gnu.linkonce.s.*)
 *(.sdata2)
 *(.sdata2.*)
 *(.gnu.linkonce.s2.*)
 *(.jcr)
                0x3ffe83b8                _data_end = ABSOLUTE (.)

.rodata         0x3ffe83c0     0x23dc
                0x3ffe83c0                _rodata_start = ABSOLUTE (.)
 *(.rodata)
 .rodata        0x3ffe83c0       0x14 c:/Espressif/ESP8266_RTOS_SDK/lib\libfreertos.a(tasks.o)
 .rodata        0x3ffe83d4        0x6 c:/Espressif/ESP8266_RTOS_SDK/lib\liblwip.a(etharp.o)
                0x3ffe83d4                ethbroadcast
 *fill*         0x3ffe83da        0x6 
 .rodata        0x3ffe83e0      0x101 c:/Espressif/ESP8266_RTOS_SDK/lib\libminic.a(minic.o)
                0x3ffe83e0                _ctype_
 *fill*         0x3ffe84e1        0x3 
 .rodata        0x3ffe84e4       0x14 build/app_app.a(WebSocket.o)
 .rodata        0x3ffe84f8       0x20 c:/Espressif/ESP8266_RTOS_SDK/lib\libmicroc.a(floatscan.o)
 .rodata        0x3ffe8518        0x8 c:/Espressif/ESP8266_RTOS_SDK/lib\libphy.a(phy_chip_v6_ana.o)
 .rodata        0x3ffe8520        0x8 c:/Espressif/ESP8266_RTOS_SDK/lib\libphy.a(phy_chip_v6.o)
 *fill*         0x3ffe8528        0x8 
 .rodata        0x3ffe8530       0x10 c:/Espressif/ESP8266_RTOS_SDK/lib\libphy.a(phy_chip_v5_romfunc.o)
 .rodata        0x3ffe8540        0xc c:/Espressif/ESP8266_RTOS_SDK/lib\libphy.a(phy_chip_v5_ana_romfunc.o)
 .rodata        0x3ffe854c        0x4 c:/Espressif/ESP8266_RTOS_SDK/lib\libpp.a(pp.o)
 .rodata        0x3ffe8550        0x8 c:/Espressif/ESP8266_RTOS_SDK/lib\libnet80211.a(ieee80211_hostap.o)
 .rodata        0x3ffe8558        0x2 c:/Espressif/ESP8266_RTOS_SDK/lib\libcrypto.a(sha1-internal.o)
 *(.rodata.*)
 *fill*         0x3ffe855a        0x2 
 .rodata.str1.4
                0x3ffe855c       0x10 c:/Espressif/ESP8266_RTOS_SDK/lib\libmain.a(app_main.o)
 .rodata.str1.4
                0x3ffe856c        0x8 c:/Espressif/ESP8266_RTOS_SDK/lib\libmain.a(ets_timer.o)
                                 0x10 (size before relaxing)
 .rodata.str1.4
                0x3ffe8574        0xc c:/Espressif/ESP8266_RTOS_SDK/lib\libmain.a(printf-stdarg.o)
 .rodata.str1.4
                0x3ffe8580       0x1b c:/Espressif/ESP8266_RTOS_SDK/lib\libmain.a(user_interface.o)
 *fill*         0x3ffe859b        0x1 
 .rodata.str1.4
                0x3ffe859c        0x5 c:/Espressif/ESP8266_RTOS_SDK/lib\libfreertos.a(tasks.o)
 *fill*         0x3ffe85a1        0x3 
 .rodata.str1.4
                0x3ffe85a4        0x8 c:/Espressif/ESP8266_RTOS_SDK/lib\libfreertos.a(timers.o)
 .rodata.str1.4
                0x3ffe85ac        0x4 c:/Espressif/ESP8266_RTOS_SDK/lib\liblwip.a(tcpip.o)
 .rodata.str1.1
                0x3ffe85b0      0x23d build/app_app.a(user_main_httpajax.o)
                                0x23e (size before relaxing)
 *fill*         0x3ffe87ed        0x3 
 .rodata._ZTV6VectorI6StringE
                0x3ffe87f0       0x1c build/app_app.a(user_main_httpajax.o)
                0x3ffe87f0                vtable for Vector<String>
 .rodata._ZTV14FunctionCallerIPFvvEvJEE
                0x3ffe880c       0x14 build/app_app.a(user_main_httpajax.o)
                0x3ffe880c                vtable for FunctionCaller<void (*)(), void>
 .rodata._ZTV14FunctionCallerIPFvR11HttpRequestR12HttpResponseEvJS1_S3_EE
                0x3ffe8820       0x14 build/app_app.a(user_main_httpajax.o)
                0x3ffe8820                vtable for FunctionCaller<void (*)(HttpRequest&, HttpResponse&), void, HttpRequest&, HttpResponse&>
 .rodata.str1.1
                0x3ffe8834      0x123 build/app_app.a(DataSourceStream.o)
                                0x124 (size before relaxing)
 *fill*         0x3ffe8957        0x1 
 .rodata._ZTVN11ArduinoJson9Internals15BlockJsonBufferINS0_16DefaultAllocatorEEE
                0x3ffe8958        0xc build/app_app.a(DataSourceStream.o)
                0x3ffe8958                vtable for ArduinoJson::Internals::BlockJsonBuffer<ArduinoJson::Internals::DefaultAllocator>
 .rodata._ZTV16MemoryDataStream
                0x3ffe8964       0x48 build/app_app.a(DataSourceStream.o)
                0x3ffe8964                vtable for MemoryDataStream
 .rodata._ZTV10FileStream
                0x3ffe89ac       0x20 build/app_app.a(DataSourceStream.o)
                0x3ffe89ac                vtable for FileStream
 .rodata._ZTV18TemplateFileStream
                0x3ffe89cc       0x20 build/app_app.a(DataSourceStream.o)
                0x3ffe89cc                vtable for TemplateFileStream
 .rodata._ZTV16JsonObjectStream
                0x3ffe89ec       0x48 build/app_app.a(DataSourceStream.o)
                0x3ffe89ec                vtable for JsonObjectStream
 .rodata._ZL14EspDigitalPins
                0x3ffe8a34       0xc0 build/app_app.a(Digital.o)
 .rodata.str1.1
                0x3ffe8af4       0x34 build/app_app.a(FileSystem.o)
                                 0x37 (size before relaxing)
 .rodata.str1.1
                0x3ffe8b28       0x2f build/app_app.a(HardwarePWM.o)
 *fill*         0x3ffe8b57        0x1 
 .rodata._ZTV11HardwarePWM
                0x3ffe8b58       0x10 build/app_app.a(HardwarePWM.o)
                0x3ffe8b58                vtable for HardwarePWM
 .rodata._ZL14EspDigitalPins
                0x3ffe8b68       0xc0 build/app_app.a(HardwarePWM.o)
 .rodata._ZTV14HardwareSerial
                0x3ffe8c28       0x20 build/app_app.a(HardwareSerial.o)
                0x3ffe8c28                vtable for HardwareSerial
 .rodata.str1.1
                0x3ffe8c48       0x21 build/app_app.a(stringconversion.o)
 .rodata.str1.1
                0x3ffe8c69        0xf build/app_app.a(IPAddress.o)
                                 0x10 (size before relaxing)
 .rodata.str1.1
                0x3ffe8c78        0x8 build/app_app.a(Print.o)
                                  0xe (size before relaxing)
 .rodata._ZTV5Print
                0x3ffe8c80       0x10 build/app_app.a(Print.o)
                0x3ffe8c80                vtable for Print
 .rodata.str1.1
                0x00000000        0x1 build/app_app.a(WString.o)
 .rodata.str1.1
                0x3ffe8c90      0x242 build/app_app.a(Station.o)
                                0x24e (size before relaxing)
 *fill*         0x3ffe8ed2        0x2 
 .rodata._ZN12StationClass23getConnectionStatusNameEv
                0x3ffe8ed4       0x18 build/app_app.a(Station.o)
 .rodata._ZN12StationClass19internalSmartConfigE9sc_statusPv
                0x3ffe8eec       0x14 build/app_app.a(Station.o)
 .rodata._ZN7BssInfo26getAuthorizationMethodNameEv
                0x3ffe8f00       0x14 build/app_app.a(Station.o)
 .rodata._ZTV12StationClass
                0x3ffe8f14       0x14 build/app_app.a(Station.o)
                0x3ffe8f14                vtable for StationClass
 .rodata._ZTV6VectorI7BssInfoE
                0x3ffe8f28       0x1c build/app_app.a(Station.o)
                0x3ffe8f28                vtable for Vector<BssInfo>
 .rodata.str1.1
                0x3ffe8f44       0x4f build/app_app.a(FTPServer.o)
                                 0x50 (size before relaxing)
 *fill*         0x3ffe8f93        0x1 
 .rodata._ZTV9FTPServer
                0x3ffe8f94       0x54 build/app_app.a(FTPServer.o)
                0x3ffe8f94                vtable for FTPServer
 .rodata.str1.1
                0x3ffe8fe8      0x198 build/app_app.a(FTPServerConnection.o)
                                0x1af (size before relaxing)
 .rodata._ZTV13FTPDataStream
                0x3ffe9180       0x3c build/app_app.a(FTPServerConnection.o)
                0x3ffe9180                vtable for FTPDataStream
 .rodata._ZTV15FTPDataFileList
                0x3ffe91bc       0x3c build/app_app.a(FTPServerConnection.o)
                0x3ffe91bc                vtable for FTPDataFileList
 .rodata._ZTV15FTPDataRetrieve
                0x3ffe91f8       0x3c build/app_app.a(FTPServerConnection.o)
                0x3ffe91f8                vtable for FTPDataRetrieve
 .rodata._ZTV12FTPDataStore
                0x3ffe9234       0x3c build/app_app.a(FTPServerConnection.o)
                0x3ffe9234                vtable for FTPDataStore
 .rodata._ZTV19FTPServerConnection
                0x3ffe9270       0x40 build/app_app.a(FTPServerConnection.o)
                0x3ffe9270                vtable for FTPServerConnection
 .rodata.str1.1
                0x3ffe92b0       0xdf build/app_app.a(HttpRequest.o)
                                 0xf1 (size before relaxing)
 *fill*         0x3ffe938f        0x1 
 .rodata._ZTV11HttpRequest
                0x3ffe9390       0x10 build/app_app.a(HttpRequest.o)
                0x3ffe9390                vtable for HttpRequest
 .rodata.str1.1
                0x3ffe93a0      0x1eb build/app_app.a(HttpResponse.o)
                                0x215 (size before relaxing)
 *fill*         0x3ffe958b        0x1 
 .rodata._ZTV12HttpResponse
                0x3ffe958c       0x10 build/app_app.a(HttpResponse.o)
                0x3ffe958c                vtable for HttpResponse
 .rodata.str1.1
                0x3ffe959c      0x146 build/app_app.a(HttpServer.o)
                                0x174 (size before relaxing)
 *fill*         0x3ffe96e2        0x2 
 .rodata._ZTV6VectorI9WebSocketE
                0x3ffe96e4       0x1c build/app_app.a(HttpServer.o)
                0x3ffe96e4                vtable for Vector<WebSocket>
 .rodata._ZTV10HttpServer
                0x3ffe9700       0x5c build/app_app.a(HttpServer.o)
                0x3ffe9700                vtable for HttpServer
 .rodata._ZTV12MethodCallerIM10HttpServerFvR20HttpServerConnectionEE
                0x3ffe975c       0x14 build/app_app.a(HttpServer.o)
                0x3ffe975c                vtable for MethodCaller<void (HttpServer::*)(HttpServerConnection&)>
 .rodata.str1.1
                0x3ffe9770      0x105 build/app_app.a(HttpServerConnection.o)
                                0x10f (size before relaxing)
 *fill*         0x3ffe9875        0x3 
 .rodata._ZTV20HttpServerConnection
                0x3ffe9878       0x40 build/app_app.a(HttpServerConnection.o)
                0x3ffe9878                vtable for HttpServerConnection
 .rodata.str1.1
                0x3ffe98b8      0x282 build/app_app.a(TcpConnection.o)
                                0x29f (size before relaxing)
 *fill*         0x3ffe9b3a        0x2 
 .rodata._ZTV13TcpConnection
                0x3ffe9b3c       0x38 build/app_app.a(TcpConnection.o)
                0x3ffe9b3c                vtable for TcpConnection
 .rodata.str1.1
                0x3ffe9b74      0x13b build/app_app.a(TcpServer.o)
 *fill*         0x3ffe9caf        0x1 
 .rodata._ZTV9TcpServer
                0x3ffe9cb0       0x50 build/app_app.a(TcpServer.o)
                0x3ffe9cb0                vtable for TcpServer
 .rodata._ZTV12MethodCallerIM9TcpServerFbR9TcpClientPciEE
                0x3ffe9d00       0x14 build/app_app.a(TcpServer.o)
                0x3ffe9d00                vtable for MethodCaller<bool (TcpServer::*)(TcpClient&, char*, int)>
 .rodata._ZTV12MethodCallerIM9TcpServerFvR9TcpClientbEE
                0x3ffe9d14       0x14 build/app_app.a(TcpServer.o)
                0x3ffe9d14                vtable for MethodCaller<void (TcpServer::*)(TcpClient&, bool)>
 .rodata.str1.1
                0x3ffe9d28       0x15 build/app_app.a(WebSocket.o)
                                 0x5b (size before relaxing)
 *fill*         0x3ffe9d3d        0x3 
 .rodata._ZTV9WebSocket
                0x3ffe9d40        0xc build/app_app.a(WebSocket.o)
                0x3ffe9d40                vtable for WebSocket
 .rodata.str1.1
                0x3ffe9d4c        0xb build/app_app.a(ArduinoJson.o)
                                 0x11 (size before relaxing)
 *fill*         0x3ffe9d57        0x1 
 .rodata._ZTVN11ArduinoJson9Internals13IndentedPrintE
                0x3ffe9d58       0x10 build/app_app.a(ArduinoJson.o)
                0x3ffe9d58                vtable for ArduinoJson::Internals::IndentedPrint
 .rodata._ZTVN11ArduinoJson9Internals20DynamicStringBuilderE
                0x3ffe9d68       0x10 build/app_app.a(ArduinoJson.o)
                0x3ffe9d68                vtable for ArduinoJson::Internals::DynamicStringBuilder
 .rodata._ZTVN11ArduinoJson9Internals10PrettyfierE
                0x3ffe9d78       0x10 build/app_app.a(ArduinoJson.o)
                0x3ffe9d78                vtable for ArduinoJson::Internals::Prettyfier
 .rodata._ZTVN11ArduinoJson9Internals19StaticStringBuilderE
                0x3ffe9d88       0x10 build/app_app.a(ArduinoJson.o)
                0x3ffe9d88                vtable for ArduinoJson::Internals::StaticStringBuilder
 .rodata._ZN11ArduinoJson9Internals8Encoding12_escapeTableE
                0x3ffe9d98        0xf build/app_app.a(ArduinoJson.o)
                0x3ffe9d98                ArduinoJson::Internals::Encoding::_escapeTable
 .rodata.str1.1
                0x3ffe9da7       0xf3 build/app_app.a(CommandExecutor.o)
                                 0xf8 (size before relaxing)
 .rodata.str1.1
                0x3ffe9e9a      0x3aa build/app_app.a(CommandHandler.o)
                                0x3b9 (size before relaxing)
 .rodata._ZTV12MethodCallerIM14CommandHandlerFv6StringP13CommandOutputEE
                0x3ffea244       0x14 build/app_app.a(CommandHandler.o)
                0x3ffea244                vtable for MethodCaller<void (CommandHandler::*)(String, CommandOutput*)>
 .rodata.str1.1
                0x3ffea258        0xb build/app_app.a(CommandOutput.o)
                                  0xc (size before relaxing)
 *fill*         0x3ffea263        0x1 
 .rodata._ZTV13CommandOutput
                0x3ffea264       0x18 build/app_app.a(CommandOutput.o)
                0x3ffea264                vtable for CommandOutput
 .rodata.str1.1
                0x3ffea27c      0x153 build/app_app.a(spiffs_sming.o)
                                0x15f (size before relaxing)
 .rodata._ZL13base64dec_tab
                0x3ffea3cf      0x100 build/app_app.a(base64.o)
 .rodata._ZL13base64enc_tab
                0x3ffea4cf       0x41 build/app_app.a(base64.o)
 .rodata.str1.1
                0x3ffea510       0x1e build/app_app.a(escape.o)
 .rodata._ZL5tohex
                0x3ffea52e       0x11 build/app_app.a(escape.o)
 .rodata.str1.1
                0x3ffea53f       0x6f build/app_app.a(flashmem.o)
 *fill*         0x3ffea5ae        0x2 
 .rodata.CSWTCH$11
                0x3ffea5b0       0x14 build/app_app.a(flashmem.o)
 .rodata.CSWTCH$10
                0x3ffea5c4       0x21 build/app_app.a(Interrupts.o)
 .rodata.str1.1
                0x3ffea5e5       0x13 build/app_app.a(SystemClock.o)
 .rodata.str1.1
                0x3ffea5f8       0x1d build/app_app.a(TcpClient.o)
 *fill*         0x3ffea615        0x3 
 .rodata._ZTV9TcpClient
                0x3ffea618       0x3c build/app_app.a(TcpClient.o)
                0x3ffea618                vtable for TcpClient
 .rodata.str1.1
                0x00000000        0x1 build/app_app.a(CommandDelegate.o)
 .rodata.str1.1
                0x3ffea654       0x4c build/app_app.a(DateTime.o)
                                 0x58 (size before relaxing)
 .rodata._ZL9monthDays
                0x3ffea6a0        0xc build/app_app.a(DateTime.o)
 .rodata.str1.1
                0x3ffea6ac        0x9 c:/Espressif/ESP8266_RTOS_SDK/lib\libmicroc.a(floatscan.o)
                                  0xd (size before relaxing)
 *fill*         0x3ffea6b5        0x3 
 .rodata.str1.4
                0x3ffea6b8       0x27 c:/Espressif/ESP8266_RTOS_SDK/lib\libpp.a(lmac.o)
                                 0x2f (size before relaxing)
 *fill*         0x3ffea6df        0x1 
 .rodata.str1.4
                0x3ffea6e0       0x18 c:/Espressif/ESP8266_RTOS_SDK/lib\libpp.a(pm.o)
                                 0x20 (size before relaxing)
 .rodata.str1.4
                0x3ffea6f8        0x4 c:/Espressif/ESP8266_RTOS_SDK/lib\libpp.a(pm_for_bcn_only_mode.o)
                                  0xc (size before relaxing)
 .rodata.str1.4
                0x3ffea6fc        0xc c:/Espressif/ESP8266_RTOS_SDK/lib\libpp.a(pp.o)
                                 0x14 (size before relaxing)
 .rodata.str1.4
                0x3ffea708        0xf c:/Espressif/ESP8266_RTOS_SDK/lib\libpp.a(wdev.o)
                                 0x17 (size before relaxing)
 *fill*         0x3ffea717        0x1 
 .rodata.str1.4
                0x3ffea718        0x3 c:/Espressif/ESP8266_RTOS_SDK/lib\libnet80211.a(ieee80211_hostap.o)
                                  0x8 (size before relaxing)
 *fill*         0x3ffea71b        0x1 
 .rodata.str1.4
                0x3ffea71c        0x7 c:/Espressif/ESP8266_RTOS_SDK/lib\libnet80211.a(ieee80211_mesh_quick.o)
 .rodata.str1.4
                0x00000000        0x4 c:/Espressif/ESP8266_RTOS_SDK/lib\libnet80211.a(ieee80211_sta.o)
 .rodata.str1.4
                0x00000000        0x4 c:/Espressif/ESP8266_RTOS_SDK/lib\libnet80211.a(ieee80211_action_vendor.o)
 .rodata.str1.4
                0x00000000        0x4 c:/Espressif/ESP8266_RTOS_SDK/lib\libnet80211.a(ieee80211_ie_vendor.o)
 *fill*         0x3ffea723        0x1 
 .rodata.str1.4
                0x3ffea724        0x4 c:/Espressif/ESP8266_RTOS_SDK/lib\libcrypto.a(sha1-internal.o)
                                  0x2 (size before relaxing)
 *(.gnu.linkonce.r.*)
 *(.rodata1)
                0x3ffea728                __XT_EXCEPTION_TABLE__ = ABSOLUTE (.)
 *(.xt_except_table)
 *(.gcc_except_table)
 *(.gnu.linkonce.e.*)
 *(.gnu.version_r)
 *(.eh_frame)
                0x3ffea728                . = ((. + 0x3) & 0xfffffffc)
                0x3ffea728                __init_array_start = ABSOLUTE (.)
 *crtbegin.o(.ctors)
 *(EXCLUDE_FILE(*crtend.o) .ctors)
 .ctors         0x3ffea728        0x4 build/app_app.a(user_main_httpajax.o)
 .ctors         0x3ffea72c        0x4 build/app_app.a(DataSourceStream.o)
 .ctors         0x3ffea730        0x4 build/app_app.a(HardwareSerial.o)
 .ctors         0x3ffea734        0x4 build/app_app.a(Station.o)
 .ctors         0x3ffea738        0x4 build/app_app.a(FTPServer.o)
 .ctors         0x3ffea73c        0x4 build/app_app.a(FTPServerConnection.o)
 .ctors         0x3ffea740        0x4 build/app_app.a(HttpRequest.o)
 .ctors         0x3ffea744        0x4 build/app_app.a(HttpResponse.o)
 .ctors         0x3ffea748        0x4 build/app_app.a(HttpServer.o)
 .ctors         0x3ffea74c        0x4 build/app_app.a(HttpServerConnection.o)
 .ctors         0x3ffea750        0x4 build/app_app.a(TcpConnection.o)
 .ctors         0x3ffea754        0x4 build/app_app.a(TcpServer.o)
 .ctors         0x3ffea758        0x4 build/app_app.a(WebSocket.o)
 .ctors         0x3ffea75c        0x4 build/app_app.a(ArduinoJson.o)
 .ctors         0x3ffea760        0x4 build/app_app.a(CommandExecutor.o)
 .ctors         0x3ffea764        0x4 build/app_app.a(CommandHandler.o)
 .ctors         0x3ffea768        0x4 build/app_app.a(CommandOutput.o)
 .ctors         0x3ffea76c        0x4 build/app_app.a(Interrupts.o)
 .ctors         0x3ffea770        0x4 build/app_app.a(SystemClock.o)
 .ctors         0x3ffea774        0x4 build/app_app.a(RTC.o)
 .ctors         0x3ffea778        0x4 build/app_app.a(TcpClient.o)
 .ctors         0x3ffea77c        0x4 build/app_app.a(CommandDelegate.o)
 *(SORT(.ctors.*))
 *(.ctors)
                0x3ffea780                __init_array_end = ABSOLUTE (.)
 *crtbegin.o(.dtors)
 *(EXCLUDE_FILE(*crtend.o) .dtors)
 .dtors         0x3ffea780        0x4 build/app_app.a(user_main_httpajax.o)
 .dtors         0x3ffea784        0x4 build/app_app.a(HardwareSerial.o)
 .dtors         0x3ffea788        0x4 build/app_app.a(Station.o)
 .dtors         0x3ffea78c        0x4 build/app_app.a(CommandHandler.o)
 .dtors         0x3ffea790        0x4 build/app_app.a(Interrupts.o)
 *(SORT(.dtors.*))
 *(.dtors)
                0x3ffea794                __XT_EXCEPTION_DESCS__ = ABSOLUTE (.)
 *(.xt_except_desc)
 *(.gnu.linkonce.h.*)
                0x3ffea794                __XT_EXCEPTION_DESCS_END__ = ABSOLUTE (.)
 *(.xt_except_desc_end)
 *(.dynamic)
 *(.gnu.version_d)
                0x3ffea794                . = ALIGN (0x4)
                0x3ffea794                _bss_table_start = ABSOLUTE (.)
                0x3ffea794        0x4 LONG 0x3ffea7a0 _bss_start
                0x3ffea798        0x4 LONG 0x3fff1e00 _bss_end
                0x3ffea79c                _bss_table_end = ABSOLUTE (.)
                0x3ffea79c                _rodata_end = ABSOLUTE (.)

.UserExceptionVector.literal
                0x3ffea79c        0x0
                0x3ffea79c                _UserExceptionVector_literal_start = ABSOLUTE (.)
 *(.UserExceptionVector.literal)
 .UserExceptionVector.literal
                0x3ffea79c        0x0 c:/Espressif/ESP8266_RTOS_SDK/lib\libmain.a(xtensa_vectors.o)
                0x3ffea79c                _UserExceptionVector_literal_end = ABSOLUTE (.)

.bss            0x3ffea7a0     0x7660
                0x3ffea7a0                . = ALIGN (0x8)
                0x3ffea7a0                _bss_start = ABSOLUTE (.)
 *(.dynsbss)
 *(.sbss)
 *(.sbss.*)
 *(.gnu.linkonce.sb.*)
 *(.scommon)
 *(.sbss2)
 *(.sbss2.*)
 *(.gnu.linkonce.sb2.*)
 *(.dynbss)
 *(.bss)
 .bss           0x3ffea7a0      0x3f8 c:/Espressif/ESP8266_RTOS_SDK/lib\libmain.a(xtensa_vectors.o)
 .bss           0x3ffeab98       0x30 c:/Espressif/ESP8266_RTOS_SDK/lib\libmain.a(app_main.o)
                0x3ffeab98                user_init_flag
                0x3ffeab9c                info
                0x3ffeabc0                errno
                0x3ffeabc4                xWatchDogTaskHandle
 *fill*         0x3ffeabc8        0x8 
 .bss           0x3ffeabd0       0xc0 c:/Espressif/ESP8266_RTOS_SDK/lib\libmain.a(ets_timer.o)
                0x3ffeabd4                timer_list
                0x3ffeabd8                debug_timer
                0x3ffeabdc                debug_timerfn
 .bss           0x3ffeac90        0x4 c:/Espressif/ESP8266_RTOS_SDK/lib\libmain.a(misc.o)
                0x3ffeac90                _putc1
 *fill*         0x3ffeac94        0xc 
 .bss           0x3ffeaca0       0x40 c:/Espressif/ESP8266_RTOS_SDK/lib\libmain.a(printf-stdarg.o)
 .bss           0x3ffeace0        0x1 c:/Espressif/ESP8266_RTOS_SDK/lib\libmain.a(spi_flash.o)
                0x3ffeace0                FlashIsOnGoing
 .bss           0x3ffeace1        0x0 c:/Espressif/ESP8266_RTOS_SDK/lib\libmain.a(uart.o)
 *fill*         0x3ffeace1        0xf 
 .bss           0x3ffeacf0      0x192 c:/Espressif/ESP8266_RTOS_SDK/lib\libmain.a(user_interface.o)
                0x3ffeadef                deep_sleep_flag
                0x3ffeadf0                cpu_overclock
                0x3ffeadf4                event_cb
                0x3ffeadf8                xQueue_event
                0x3ffeadfc                rst_if
                0x3ffeae1c                OpmodChgIsOnGoing
                0x3ffeae20                promiscuous_cb
                0x3ffeae24                status_led_output_level
                0x3ffeae28                evt
 .bss           0x3ffeae82        0x0 c:/Espressif/ESP8266_RTOS_SDK/lib\libmain.a(os_cpu_a.o)
 .bss           0x3ffeae82        0x0 c:/Espressif/ESP8266_RTOS_SDK/lib\libmain.a(xtensa_context.o)
 *fill*         0x3ffeae82        0x2 
 .bss           0x3ffeae84       0x1c c:/Espressif/ESP8266_RTOS_SDK/lib\libfreertos.a(heap_4.o)
 .bss           0x3ffeaea0       0x90 c:/Espressif/ESP8266_RTOS_SDK/lib\libfreertos.a(port.o)
                0x3ffeaea4                cpu_sr
                0x3ffeaeac                _xt_isr_status
                0x3ffeaeb0                isr
 .bss           0x3ffeaf30        0x0 c:/Espressif/ESP8266_RTOS_SDK/lib\libfreertos.a(queue.o)
 .bss           0x3ffeaf30      0x1cc c:/Espressif/ESP8266_RTOS_SDK/lib\libfreertos.a(tasks.o)
                0x3ffeaf34                pxCurrentTCB
 .bss           0x3ffeb0fc       0x3c c:/Espressif/ESP8266_RTOS_SDK/lib\libfreertos.a(timers.o)
 .bss           0x3ffeb138        0x0 c:/Espressif/ESP8266_RTOS_SDK/lib\libfreertos.a(list.o)
 *fill*         0x3ffeb138        0x8 
 .bss           0x3ffeb140       0x44 c:/Espressif/ESP8266_RTOS_SDK/lib\liblwip.a(dhcp.o)
                0x3ffeb140                dhcp_rx_options_given
                0x3ffeb150                dhcp_rx_options_val
 .bss           0x3ffeb184       0x28 c:/Espressif/ESP8266_RTOS_SDK/lib\liblwip.a(dhcpserver.o)
 *fill*         0x3ffeb1ac        0x4 
 .bss           0x3ffeb1b0      0x480 c:/Espressif/ESP8266_RTOS_SDK/lib\liblwip.a(dns.o)
 .bss           0x3ffeb630       0xd8 c:/Espressif/ESP8266_RTOS_SDK/lib\liblwip.a(etharp.o)
                0x3ffeb634                ethzero
 *fill*         0x3ffeb708        0x8 
 .bss           0x3ffeb710       0x10 c:/Espressif/ESP8266_RTOS_SDK/lib\liblwip.a(ip4_addr.o)
 .bss           0x3ffeb720       0x32 c:/Espressif/ESP8266_RTOS_SDK/lib\liblwip.a(ip4.o)
                0x3ffeb720                ip_data
 .bss           0x3ffeb752        0x0 c:/Espressif/ESP8266_RTOS_SDK/lib\liblwip.a(ip6.o)
 .bss           0x3ffeb752        0x0 c:/Espressif/ESP8266_RTOS_SDK/lib\liblwip.a(memp.o)
 *fill*         0x3ffeb752        0x2 
 .bss           0x3ffeb754        0x4 c:/Espressif/ESP8266_RTOS_SDK/lib\liblwip.a(mld6.o)
 *fill*         0x3ffeb758        0x8 
 .bss           0x3ffeb760      0x421 c:/Espressif/ESP8266_RTOS_SDK/lib\liblwip.a(nd6.o)
                0x3ffeb780                prefix_list
                0x3ffeb810                neighbor_cache
                0x3ffeb9a0                default_router_list
                0x3ffeb9f0                destination_cache
 *fill*         0x3ffebb81        0x3 
 .bss           0x3ffebb84        0xc c:/Espressif/ESP8266_RTOS_SDK/lib\liblwip.a(netif.o)
                0x3ffebb88                netif_list
                0x3ffebb8c                netif_default
 .bss           0x3ffebb90        0x0 c:/Espressif/ESP8266_RTOS_SDK/lib\liblwip.a(pbuf.o)
 .bss           0x3ffebb90        0x4 c:/Espressif/ESP8266_RTOS_SDK/lib\liblwip.a(raw.o)
 .bss           0x3ffebb94        0x4 c:/Espressif/ESP8266_RTOS_SDK/lib\liblwip.a(sys_arch.o)
                0x3ffebb94                intlevel
 .bss           0x3ffebb98       0x2c c:/Espressif/ESP8266_RTOS_SDK/lib\liblwip.a(tcp_in.o)
                0x3ffebbc0                tcp_input_pcb
 .bss           0x3ffebbc4       0x10 c:/Espressif/ESP8266_RTOS_SDK/lib\liblwip.a(tcpip.o)
                0x3ffebbd0                xLwipTaskHandle
 .bss           0x3ffebbd4       0x21 c:/Espressif/ESP8266_RTOS_SDK/lib\liblwip.a(tcp.o)
                0x3ffebbd8                tcp_active_pcbs
                0x3ffebbdc                tcp_tmp_pcb
                0x3ffebbe0                tcp_active_pcbs_changed
                0x3ffebbe4                tcp_tw_pcbs
                0x3ffebbe8                tcp_bound_pcbs
                0x3ffebbec                tcp_listen_pcbs
                0x3ffebbf0                tcp_ticks
 .bss           0x3ffebbf5        0x0 c:/Espressif/ESP8266_RTOS_SDK/lib\liblwip.a(tcp_out.o)
 *fill*         0x3ffebbf5        0x3 
 .bss           0x3ffebbf8        0xc c:/Espressif/ESP8266_RTOS_SDK/lib\liblwip.a(timers.o)
                0x3ffebbfc                LwipTimOutLim
 .bss           0x3ffebc04        0x4 c:/Espressif/ESP8266_RTOS_SDK/lib\liblwip.a(udp.o)
                0x3ffebc04                udp_pcbs
 .bss           0x3ffebc08        0x0 c:/Espressif/ESP8266_RTOS_SDK/lib\liblwip.a(api_msg.o)
 .bss           0x3ffebc08        0x0 c:/Espressif/ESP8266_RTOS_SDK/lib\liblwip.a(icmp6.o)
 .bss           0x3ffebc08        0x0 c:/Espressif/ESP8266_RTOS_SDK/lib\liblwip.a(icmp.o)
 .bss           0x3ffebc08        0x0 c:/Espressif/ESP8266_RTOS_SDK/lib\liblwip.a(inet_chksum.o)
 .bss           0x3ffebc08        0x0 c:/Espressif/ESP8266_RTOS_SDK/lib\liblwip.a(init.o)
 *fill*         0x3ffebc08        0x8 
 .bss           0x3ffebc10       0x38 c:/Espressif/ESP8266_RTOS_SDK/lib\liblwip.a(ip6_addr.o)
                0x3ffebc10                ip6_addr_any
 .bss           0x3ffebc48        0x6 c:/Espressif/ESP8266_RTOS_SDK/lib\liblwip.a(ip6_frag.o)
 .bss           0x3ffebc4e        0x0 c:/Espressif/ESP8266_RTOS_SDK/lib\liblwip.a(netbuf.o)
 *fill*         0x3ffebc4e        0x2 
 .bss           0x3ffebc50      0x100 c:/Espressif/ESP8266_RTOS_SDK/lib\liblwip.a(sockets.o)
                0x3ffebc50                DefSocketCloseFlag
                0x3ffebc51                SocketCloseDoneFlag
 .bss           0x3ffebd50        0x0 c:/Espressif/ESP8266_RTOS_SDK/lib\liblwip.a(api_lib.o)
 .bss           0x3ffebd50        0x4 c:/Espressif/ESP8266_RTOS_SDK/lib\libminic.a(minic.o)
 .bss           0x3ffebd54        0x0 build/app_app.a(user_main_httpajax.o)
 .bss           0x3ffebd54        0x0 build/app_app.a(DataSourceStream.o)
 .bss           0x3ffebd54        0x0 build/app_app.a(Digital.o)
 .bss           0x3ffebd54        0x0 build/app_app.a(FileSystem.o)
 .bss           0x3ffebd54        0x0 build/app_app.a(HardwarePWM.o)
 .bss           0x3ffebd54        0x0 build/app_app.a(HardwareSerial.o)
 .bss           0x3ffebd54        0x0 build/app_app.a(Timer.o)
 .bss           0x3ffebd54        0x0 build/app_app.a(stringconversion.o)
 .bss           0x3ffebd54        0x0 build/app_app.a(IPAddress.o)
 .bss           0x3ffebd54        0x0 build/app_app.a(Print.o)
 .bss           0x3ffebd54        0x0 build/app_app.a(WString.o)
 .bss           0x3ffebd54        0x0 build/app_app.a(Station.o)
 .bss           0x3ffebd54        0x0 build/app_app.a(System.o)
 .bss           0x3ffebd54        0x0 build/app_app.a(FTPServer.o)
 .bss           0x3ffebd54        0x0 build/app_app.a(FTPServerConnection.o)
 .bss           0x3ffebd54        0x0 build/app_app.a(HttpRequest.o)
 .bss           0x3ffebd54        0x0 build/app_app.a(HttpResponse.o)
 .bss           0x3ffebd54        0x0 build/app_app.a(HttpServer.o)
 .bss           0x3ffebd54        0x0 build/app_app.a(HttpServerConnection.o)
 .bss           0x3ffebd54        0x0 build/app_app.a(NetUtils.o)
 .bss           0x3ffebd54        0x0 build/app_app.a(TcpConnection.o)
 .bss           0x3ffebd54        0x0 build/app_app.a(TcpServer.o)
 .bss           0x3ffebd54        0x0 build/app_app.a(WebSocket.o)
 .bss           0x3ffebd54        0x0 build/app_app.a(ArduinoJson.o)
 .bss           0x3ffebd54        0x0 build/app_app.a(CommandExecutor.o)
 .bss           0x3ffebd54        0x0 build/app_app.a(CommandHandler.o)
 .bss           0x3ffebd54        0x0 build/app_app.a(CommandOutput.o)
 .bss           0x3ffebd54        0x0 build/app_app.a(spiffs_hydrogen.o)
 .bss           0x3ffebd54        0x0 build/app_app.a(spiffs_nucleus.o)
 .bss           0x3ffebd54        0x0 build/app_app.a(spiffs_sming.o)
 .bss           0x3ffebd54        0x0 build/app_app.a(base64.o)
 .bss           0x3ffebd54        0x0 build/app_app.a(escape.o)
 .bss           0x3ffebd54        0x0 build/app_app.a(websocket.o)
 .bss           0x3ffebd54        0x0 build/app_app.a(flashmem.o)
 .bss           0x3ffebd54        0x0 build/app_app.a(m_printf.o)
 .bss           0x3ffebd54        0x0 build/app_app.a(uart.o)
 .bss           0x3ffebd54        0x0 build/app_app.a(Clock.o)
 .bss           0x3ffebd54        0x0 build/app_app.a(Interrupts.o)
 .bss           0x3ffebd54        0x0 build/app_app.a(SystemClock.o)
 .bss           0x3ffebd54        0x0 build/app_app.a(SplitString.o)
 .bss           0x3ffebd54        0x0 build/app_app.a(RTC.o)
 .bss           0x3ffebd54        0x0 build/app_app.a(TcpClient.o)
 .bss           0x3ffebd54        0x0 build/app_app.a(CommandDelegate.o)
 .bss           0x3ffebd54        0x0 build/app_app.a(DateTime.o)
 .bss           0x3ffebd54        0x0 build/app_app.a(spiffs_cache.o)
 .bss           0x3ffebd54        0x0 build/app_app.a(spiffs_check.o)
 .bss           0x3ffebd54        0x0 build/app_app.a(spiffs_gc.o)
 .bss           0x3ffebd54        0x0 c:/Espressif/ESP8266_RTOS_SDK/lib\libmicroc.a(isprint.o)
 .bss           0x3ffebd54        0x0 c:/Espressif/ESP8266_RTOS_SDK/lib\libmicroc.a(isspace.o)
 .bss           0x3ffebd54        0x0 c:/Espressif/ESP8266_RTOS_SDK/lib\libmicroc.a(tolower.o)
 .bss           0x3ffebd54        0x0 c:/Espressif/ESP8266_RTOS_SDK/lib\libmicroc.a(toupper.o)
 .bss           0x3ffebd54        0x0 c:/Espressif/ESP8266_RTOS_SDK/lib\libmicroc.a(isxdigit.o)
 .bss           0x3ffebd54        0x0 c:/Espressif/ESP8266_RTOS_SDK/lib\libmicroc.a(atof.o)
 .bss           0x3ffebd54        0x0 c:/Espressif/ESP8266_RTOS_SDK/lib\libmicroc.a(strtod.o)
 .bss           0x3ffebd54        0x0 c:/Espressif/ESP8266_RTOS_SDK/lib\libmicroc.a(__fpclassify.o)
 .bss           0x3ffebd54        0x0 c:/Espressif/ESP8266_RTOS_SDK/lib\libmicroc.a(memchr.o)
 .bss           0x3ffebd54        0x4 c:/Espressif/ESP8266_RTOS_SDK/lib\libmicroc.a(__errno_location.o)
 .bss           0x3ffebd58        0x0 c:/Espressif/ESP8266_RTOS_SDK/lib\libmicroc.a(floatscan.o)
 .bss           0x3ffebd58        0x0 c:/Espressif/ESP8266_RTOS_SDK/lib\libmicroc.a(shgetc.o)
 .bss           0x3ffebd58        0x0 c:/Espressif/ESP8266_RTOS_SDK/lib\libmicroc.a(__uflow.o)
 .bss           0x3ffebd58        0x0 c:/Espressif/ESP8266_RTOS_SDK/lib\libmicroc.a(__toread.o)
 .bss           0x3ffebd58        0x4 c:/Espressif/ESP8266_RTOS_SDK/lib\libmicroc.a(__stdio_exit.o)
 .bss           0x3ffebd5c        0x0 c:/Espressif/ESP8266_RTOS_SDK/lib\libmicroc.a(fmodl.o)
 .bss           0x3ffebd5c        0x0 c:/Espressif/ESP8266_RTOS_SDK/lib\libmicroc.a(scalbn.o)
 .bss           0x3ffebd5c        0x0 c:/Espressif/ESP8266_RTOS_SDK/lib\libmicroc.a(scalbnl.o)
 .bss           0x3ffebd5c        0x0 c:/Espressif/ESP8266_RTOS_SDK/lib\libmicroc.a(fmod.o)
 .bss           0x3ffebd5c        0x0 c:/Espressif/ESP8266_RTOS_SDK/lib\libmicrogcc.a(_ashldi3.o)
 .bss           0x3ffebd5c        0x0 c:/Espressif/ESP8266_RTOS_SDK/lib\libmicrogcc.a(_cmpdf2.o)
 .bss           0x3ffebd5c        0x0 c:/Espressif/ESP8266_RTOS_SDK/lib\libmicrogcc.a(_lshrdi3.o)
 .bss           0x3ffebd5c        0x0 c:/Espressif/ESP8266_RTOS_SDK/lib\libmicrogcc.a(_modsi3.o)
 .bss           0x3ffebd5c        0x0 c:/Espressif/ESP8266_RTOS_SDK/lib\libgcc.a(_mulsf3.o)
 .bss           0x3ffebd5c        0x0 c:/espressif/xtensa-lx106-elf/bin/../lib/gcc/xtensa-lx106-elf/5.1.0/../../../../xtensa-lx106-elf/lib\libhal.a(clock.o)
 .bss           0x3ffebd5c        0x0 c:/espressif/xtensa-lx106-elf/bin/../lib/gcc/xtensa-lx106-elf/5.1.0/../../../../xtensa-lx106-elf/lib\libhal.a(int_asm--set_intset.o)
 .bss           0x3ffebd5c        0x4 c:/Espressif/ESP8266_RTOS_SDK/lib\libphy.a(phy.o)
 .bss           0x3ffebd60        0x2 c:/Espressif/ESP8266_RTOS_SDK/lib\libphy.a(phy_chip_v6_ana.o)
                0x3ffebd60                tout_dis_txpwr_track
                0x3ffebd61                sleep_mode_flag
 *fill*         0x3ffebd62        0x6 
 .bss           0x3ffebd68      0x158 c:/Espressif/ESP8266_RTOS_SDK/lib\libphy.a(phy_chip_v6.o)
                0x3ffebd68                rxiq_compute_num
                0x3ffebd6c                rx_table_renew_en
                0x3ffebd70                check_result
                0x3ffebd74                chip6_sleep_params
                0x3ffebe08                chip6_phy_init_ctrl
                0x3ffebe7c                phy_freq_offset
                0x3ffebe7e                do_pwctrl_flag
                0x3ffebe7f                pwctrl_debug
                0x3ffebe80                txbk_dpdby_flag
                0x3ffebe82                sw_scan_mode
                0x3ffebe83                rxmax_ext_level
                0x3ffebe84                phy_rx_gain_dc_table
                0x3ffebe98                periodic_cal_dc_num
                0x3ffebe9c                periodic_cal_flag
                0x3ffebe9d                bbpll_cal_flag
                0x3ffebe9e                phy_in_most_power
                0x3ffebe9f                init_rf_no_cal
                0x3ffebea0                test_print_time
                0x3ffebea4                phy_rx_gain_dc_flag
                0x3ffebea5                phy_in_vdd33_offset
                0x3ffebea6                phy_set_most_tpw_disbg
                0x3ffebea7                phy_set_most_tpw_index
                0x3ffebea8                adc_rand_noise
                0x3ffebeac                dpd_bypass_original
                0x3ffebeb0                noise_array
 .bss           0x3ffebec0        0x8 c:/Espressif/ESP8266_RTOS_SDK/lib\libphy.a(phy_chip_v6_cal.o)
                0x3ffebec0                phy_tx_power_out
                0x3ffebec2                loop_pwctrl_pwdet_error_accum_high_power
                0x3ffebec4                tx_pwctrl_pk_num
                0x3ffebec5                tx_pwctrl_track_num
                0x3ffebec6                loop_pwctrl_correct_atten_high_power
                0x3ffebec7                rxiq_cover_fail_num
 .bss           0x3ffebec8        0x0 c:/Espressif/ESP8266_RTOS_SDK/lib\libphy.a(phy_chip_v6_unused.o)
 .bss           0x3ffebec8        0x7 c:/Espressif/ESP8266_RTOS_SDK/lib\libphy.a(phy_sleep.o)
                0x3ffebec8                periodic_cal_sat
                0x3ffebeca                lslp_mem_opt_8266
                0x3ffebecc                software_slp_reject
                0x3ffebecd                SDIO_slp_reject
                0x3ffebece                hardware_reject
 .bss           0x3ffebecf        0x0 c:/Espressif/ESP8266_RTOS_SDK/lib\libphy.a(phy_chip_v5_romfunc.o)
 .bss           0x3ffebecf        0x0 c:/Espressif/ESP8266_RTOS_SDK/lib\libphy.a(phy_chip_v5_ana_romfunc.o)
 .bss           0x3ffebecf        0x0 c:/Espressif/ESP8266_RTOS_SDK/lib\libphy.a(phy_chip_v5_cal_romfunc.o)
 *fill*         0x3ffebecf        0x1 
 .bss           0x3ffebed0       0x30 c:/Espressif/ESP8266_RTOS_SDK/lib\libpp.a(if_hwctrl.o)
                0x3ffebed0                interface_mask
                0x3ffebee0                if_ctrl
 .bss           0x3ffebf00      0x150 c:/Espressif/ESP8266_RTOS_SDK/lib\libpp.a(lmac.o)
                0x3ffebf04                lmacConfMib
 .bss           0x3ffec050      0x14a c:/Espressif/ESP8266_RTOS_SDK/lib\libpp.a(pm.o)
                0x3ffec14c                flash_tmp
                0x3ffec150                CCOMPARE_AddVal
 *fill*         0x3ffec19a        0x2 
 .bss           0x3ffec19c       0x48 c:/Espressif/ESP8266_RTOS_SDK/lib\libpp.a(pm_for_bcn_only_mode.o)
 *fill*         0x3ffec1e4        0xc 
 .bss           0x3ffec1f0      0x3c2 c:/Espressif/ESP8266_RTOS_SDK/lib\libpp.a(pp.o)
                0x3ffec1f0                wdt_ini_flag
                0x3ffec1f1                pp_soft_wdt_count
                0x3ffec218                pend_flag_noise_check
                0x3ffec220                pend_flag_periodic_cal
                0x3ffec240                idle_timer_reopen_flag
                0x3ffec249                dbg_stop_sw_wdt
                0x3ffec24a                dbg_stop_hw_wdt
                0x3ffec24c                HighestFreqOffsetInOneChk
                0x3ffec24e                LowestFreqOffsetInOneChk
                0x3ffec250                DefFreqCalTimer
                0x3ffec26c                PktNumInOneChk
 *fill*         0x3ffec5b2        0xe 
 .bss           0x3ffec5c0      0x100 c:/Espressif/ESP8266_RTOS_SDK/lib\libpp.a(rate_control.o)
 .bss           0x3ffec6c0      0x46c c:/Espressif/ESP8266_RTOS_SDK/lib\libpp.a(trc.o)
 *fill*         0x3ffecb2c        0x4 
 .bss           0x3ffecb30     0x2f68 c:/Espressif/ESP8266_RTOS_SDK/lib\libpp.a(wdev.o)
                0x3ffecb30                wDevCtrl
                0x3ffeccd8                NMIIrqIsOn
                0x3ffeccdc                WdevTimOffSet
 *fill*         0x3ffefa98        0x8 
 .bss           0x3ffefaa0      0x984 c:/Espressif/ESP8266_RTOS_SDK/lib\libpp.a(esf_buf.o)
 .bss           0x3fff0424      0x67c c:/Espressif/ESP8266_RTOS_SDK/lib\libnet80211.a(ieee80211.o)
                0x3fff0424                g_ic
                0x3fff0a9c                xieee80211Queue
 .bss           0x3fff0aa0        0x0 c:/Espressif/ESP8266_RTOS_SDK/lib\libnet80211.a(ieee80211_crypto.o)
 .bss           0x3fff0aa0        0x0 c:/Espressif/ESP8266_RTOS_SDK/lib\libnet80211.a(ieee80211_ets.o)
 .bss           0x3fff0aa0       0x52 c:/Espressif/ESP8266_RTOS_SDK/lib\libnet80211.a(ieee80211_hostap.o)
                0x3fff0aa0                BcnEb_update
                0x3fff0acc                PendFreeBcnEb
                0x3fff0ad0                ApFreqCalTimer
                0x3fff0aec                APRecvBcnStartTick
 .bss           0x3fff0af2        0x0 c:/Espressif/ESP8266_RTOS_SDK/lib\libnet80211.a(ieee80211_ht.o)
 .bss           0x3fff0af2        0x0 c:/Espressif/ESP8266_RTOS_SDK/lib\libnet80211.a(ieee80211_input.o)
 .bss           0x3fff0af2        0x0 c:/Espressif/ESP8266_RTOS_SDK/lib\libnet80211.a(ieee80211_mesh_quick.o)
 .bss           0x3fff0af2        0x0 c:/Espressif/ESP8266_RTOS_SDK/lib\libnet80211.a(ieee80211_output.o)
 .bss           0x3fff0af2        0x0 c:/Espressif/ESP8266_RTOS_SDK/lib\libnet80211.a(ieee80211_phy.o)
 .bss           0x3fff0af2        0x0 c:/Espressif/ESP8266_RTOS_SDK/lib\libnet80211.a(ieee80211_power.o)
 .bss           0x3fff0af2        0x0 c:/Espressif/ESP8266_RTOS_SDK/lib\libnet80211.a(ieee80211_proto.o)
 .bss           0x3fff0af2        0x0 c:/Espressif/ESP8266_RTOS_SDK/lib\libnet80211.a(ieee80211_rfid.o)
 *fill*         0x3fff0af2        0x2 
 .bss           0x3fff0af4       0xe0 c:/Espressif/ESP8266_RTOS_SDK/lib\libnet80211.a(ieee80211_scan.o)
                0x3fff0af4                gScanStruct
                0x3fff0bb0                connect_scan_flag
                0x3fff0bb1                FreqCalCntForScan
                0x3fff0bb2                TestStaFreqCalValInput
                0x3fff0bb4                auth_type
                0x3fff0bb6                scannum
 *fill*         0x3fff0bd4        0x4 
 .bss           0x3fff0bd8       0x10 c:/Espressif/ESP8266_RTOS_SDK/lib\libnet80211.a(ieee80211_sta.o)
 .bss           0x3fff0be8       0x44 c:/Espressif/ESP8266_RTOS_SDK/lib\libnet80211.a(wl_chm.o)
 *fill*         0x3fff0c2c        0x4 
 .bss           0x3fff0c30      0x399 c:/Espressif/ESP8266_RTOS_SDK/lib\libnet80211.a(wl_cnx.o)
                0x3fff0fa8                sta_con_timer
                0x3fff0fc4                g_cnx_probe_rc_list_cb
                0x3fff0fc8                reconnect_flag
 .bss           0x3fff0fc9        0x0 c:/Espressif/ESP8266_RTOS_SDK/lib\libnet80211.a(ieee80211_action.o)
 *fill*         0x3fff0fc9        0x3 
 .bss           0x3fff0fcc       0x10 c:/Espressif/ESP8266_RTOS_SDK/lib\libnet80211.a(ieee80211_action_vendor.o)
 .bss           0x3fff0fdc        0x0 c:/Espressif/ESP8266_RTOS_SDK/lib\libnet80211.a(ieee80211_crypto_ccmp.o)
 .bss           0x3fff0fdc        0x0 c:/Espressif/ESP8266_RTOS_SDK/lib\libnet80211.a(ieee80211_ie_vendor.o)
 .bss           0x3fff0fdc        0x0 c:/Espressif/ESP8266_RTOS_SDK/lib\libwpa.a(ap_config.o)
 .bss           0x3fff0fdc        0x0 c:/Espressif/ESP8266_RTOS_SDK/lib\libwpa.a(common.o)
 .bss           0x3fff0fdc        0x0 c:/Espressif/ESP8266_RTOS_SDK/lib\libwpa.a(os_xtensa.o)
 .bss           0x3fff0fdc        0x0 c:/Espressif/ESP8266_RTOS_SDK/lib\libwpa.a(wpa_auth.o)
 .bss           0x3fff0fdc        0x0 c:/Espressif/ESP8266_RTOS_SDK/lib\libwpa.a(wpa_auth_ie.o)
 *fill*         0x3fff0fdc        0x4 
 .bss           0x3fff0fe0      0x26a c:/Espressif/ESP8266_RTOS_SDK/lib\libwpa.a(wpa.o)
 .bss           0x3fff124a        0x0 c:/Espressif/ESP8266_RTOS_SDK/lib\libwpa.a(wpa_common.o)
 .bss           0x3fff124a        0x0 c:/Espressif/ESP8266_RTOS_SDK/lib\libwpa.a(wpa_debug.o)
 .bss           0x3fff124a        0x0 c:/Espressif/ESP8266_RTOS_SDK/lib\libwpa.a(wpa_ie.o)
 .bss           0x3fff124a        0x0 c:/Espressif/ESP8266_RTOS_SDK/lib\libwpa.a(wpa_main.o)
 .bss           0x3fff124a        0x0 c:/Espressif/ESP8266_RTOS_SDK/lib\libwpa.a(wpas_glue.o)
 .bss           0x3fff124a        0x0 c:/Espressif/ESP8266_RTOS_SDK/lib\libcrypto.a(aes-unwrap.o)
 .bss           0x3fff124a        0x0 c:/Espressif/ESP8266_RTOS_SDK/lib\libcrypto.a(aes-wrap.o)
 .bss           0x3fff124a        0x0 c:/Espressif/ESP8266_RTOS_SDK/lib\libcrypto.a(md5.o)
 .bss           0x3fff124a        0x0 c:/Espressif/ESP8266_RTOS_SDK/lib\libcrypto.a(md5-internal.o)
 .bss           0x3fff124a        0x0 c:/Espressif/ESP8266_RTOS_SDK/lib\libcrypto.a(rc4.o)
 .bss           0x3fff124a        0x0 c:/Espressif/ESP8266_RTOS_SDK/lib\libcrypto.a(sha1.o)
 .bss           0x3fff124a        0x0 c:/Espressif/ESP8266_RTOS_SDK/lib\libcrypto.a(sha1-internal.o)
 .bss           0x3fff124a        0x0 c:/Espressif/ESP8266_RTOS_SDK/lib\libcrypto.a(sha1-pbkdf2.o)
 .bss           0x3fff124a        0x0 c:/Espressif/ESP8266_RTOS_SDK/lib\libcrypto.a(aes-internal-dec.o)
 .bss           0x3fff124a        0x0 c:/Espressif/ESP8266_RTOS_SDK/lib\libcrypto.a(aes-internal-enc.o)
 .bss           0x3fff124a        0x0 c:/Espressif/ESP8266_RTOS_SDK/lib\libcrypto.a(aes-internal.o)
 .bss           0x3fff124a        0x0 c:/Espressif/ESP8266_RTOS_SDK/lib\libmain.a(routines.o)
 *fill*         0x3fff124a        0x6 
 .bss           0x3fff1250       0x10 c:/Espressif/ESP8266_RTOS_SDK/lib\liblwip.a(ethernetif.o)
 .bss           0x3fff1260        0x0 c:/Espressif/ESP8266_RTOS_SDK/lib\liblwip.a(ethip6.o)
 .bss           0x3fff1260      0x132 c:/Espressif/ESP8266_RTOS_SDK/lib\libpwm.a(pwm.o)
                0x3fff1260                pwm
 .bss           0x3fff1392        0x0 c:/Espressif/ESP8266_RTOS_SDK/lib\libmicrogcc.a(_ashrdi3.o)
 .bss           0x3fff1392        0x0 c:/Espressif/ESP8266_RTOS_SDK/lib\libmicrogcc.a(_divsf3.o)
 .bss           0x3fff1392        0x0 c:/Espressif/ESP8266_RTOS_SDK/lib\libmicrogcc.a(_fixsfsi.o)
 *fill*         0x3fff1392        0x6 
 .bss           0x3fff1398        0x8 c:/Espressif/ESP8266_RTOS_SDK/lib\libnet80211.a(ieee80211_crypto_tkip.o)
 .bss           0x3fff13a0        0x0 c:/Espressif/ESP8266_RTOS_SDK/lib\libnet80211.a(ieee80211_crypto_wep.o)
 *(.bss.*)
 .bss.i         0x3fff13a0        0x4 build/app_app.a(user_main_httpajax.o)
                0x3fff13a0                i
 *fill*         0x3fff13a4        0x4 
 .bss.procTimer
                0x3fff13a8       0x38 build/app_app.a(user_main_httpajax.o)
                0x3fff13a8                procTimer
 .bss.HW_pwm    0x3fff13e0       0x14 build/app_app.a(user_main_httpajax.o)
                0x3fff13e0                HW_pwm
 .bss.namesInput
                0x3fff13f4       0x14 build/app_app.a(user_main_httpajax.o)
                0x3fff13f4                namesInput
 .bss.ftp       0x3fff1408       0x38 build/app_app.a(user_main_httpajax.o)
                0x3fff1408                ftp
 .bss.server    0x3fff1440       0x80 build/app_app.a(user_main_httpajax.o)
                0x3fff1440                server
 .bss._ZL11INADDR_NONE
                0x3fff14c0        0x4 build/app_app.a(user_main_httpajax.o)
 .bss._ZL11INADDR_NONE
                0x3fff14c4        0x4 build/app_app.a(DataSourceStream.o)
 .bss.Serial    0x3fff14c8       0x14 build/app_app.a(HardwareSerial.o)
                0x3fff14c8                Serial
 .bss._ZN14HardwareSerial10memberDataE
                0x3fff14dc       0x10 build/app_app.a(HardwareSerial.o)
                0x3fff14dc                HardwareSerial::memberData
 .bss._ZZN6StringixEjE19dummy_writable_char
                0x3fff14ec        0x1 build/app_app.a(WString.o)
 *fill*         0x3fff14ed        0x3 
 .bss.WifiStation
                0x3fff14f0       0x24 build/app_app.a(Station.o)
                0x3fff14f0                WifiStation
 .bss._ZL11INADDR_NONE
                0x3fff1514        0x4 build/app_app.a(Station.o)
 .bss.System    0x3fff1518        0x1 build/app_app.a(System.o)
                0x3fff1518                System
 .bss._ZL11INADDR_NONE
                0x3fff1519        0x4 build/app_app.a(FTPServer.o)
 .bss._ZL11INADDR_NONE
                0x3fff151d        0x4 build/app_app.a(FTPServerConnection.o)
 .bss._ZL11INADDR_NONE
                0x3fff1521        0x4 build/app_app.a(HttpRequest.o)
 .bss._ZL11INADDR_NONE
                0x3fff1525        0x4 build/app_app.a(HttpResponse.o)
 .bss._ZL11INADDR_NONE
                0x3fff1529        0x4 build/app_app.a(HttpServer.o)
 .bss._ZL11INADDR_NONE
                0x3fff152d        0x4 build/app_app.a(HttpServerConnection.o)
 .bss._ZN8NetUtils20ipClientRoutingFixedE
                0x3fff1531        0x1 build/app_app.a(NetUtils.o)
                0x3fff1531                NetUtils::ipClientRoutingFixed
 .bss._ZL11INADDR_NONE
                0x3fff1532        0x4 build/app_app.a(TcpConnection.o)
 .bss._ZN9TcpServer16totalConnectionsE
                0x3fff1536        0x2 build/app_app.a(TcpServer.o)
                0x3fff1536                TcpServer::totalConnections
 .bss._ZL11INADDR_NONE
                0x3fff1538        0x4 build/app_app.a(TcpServer.o)
 .bss._ZL11INADDR_NONE
                0x3fff153c        0x4 build/app_app.a(WebSocket.o)
 .bss._ZN11ArduinoJson10JsonObject8_invalidE
                0x3fff1540        0x8 build/app_app.a(ArduinoJson.o)
                0x3fff1540                ArduinoJson::JsonObject::_invalid
 .bss._ZN11ArduinoJson9JsonArray8_invalidE
                0x3fff1548        0x8 build/app_app.a(ArduinoJson.o)
                0x3fff1548                ArduinoJson::JsonArray::_invalid
 .bss._ZL11INADDR_NONE
                0x3fff1550        0x4 build/app_app.a(CommandExecutor.o)
 .bss.commandHandler
                0x3fff1554       0x1c build/app_app.a(CommandHandler.o)
                0x3fff1554                commandHandler
 .bss._ZL11INADDR_NONE
                0x3fff1570        0x4 build/app_app.a(CommandHandler.o)
 .bss._ZL11INADDR_NONE
                0x3fff1574        0x4 build/app_app.a(CommandOutput.o)
 .bss.spiffs_cache
                0x3fff1578      0x480 build/app_app.a(spiffs_sming.o)
 .bss.spiffs_fds
                0x3fff19f8       0xe0 build/app_app.a(spiffs_sming.o)
 .bss.spiffs_work_buf
                0x3fff1ad8      0x200 build/app_app.a(spiffs_sming.o)
 .bss._gpioInterruptsInitialied
                0x3fff1cd8        0x1 build/app_app.a(Interrupts.o)
                0x3fff1cd8                _gpioInterruptsInitialied
 *fill*         0x3fff1cd9        0x3 
 .bss._delegateFunctionList
                0x3fff1cdc       0x40 build/app_app.a(Interrupts.o)
                0x3fff1cdc                _delegateFunctionList
 .bss._gpioInterruptsList
                0x3fff1d1c       0x40 build/app_app.a(Interrupts.o)
                0x3fff1d1c                _gpioInterruptsList
 *fill*         0x3fff1d5c        0x4 
 .bss.SystemClock
                0x3fff1d60       0x18 build/app_app.a(SystemClock.o)
                0x3fff1d60                SystemClock
 .bss._ZL11INADDR_NONE
                0x3fff1d78        0x4 build/app_app.a(SystemClock.o)
 .bss.RTC       0x3fff1d7c        0x1 build/app_app.a(RTC.o)
                0x3fff1d7c                RTC
 .bss._ZL11INADDR_NONE
                0x3fff1d7d        0x4 build/app_app.a(TcpClient.o)
 .bss._ZL11INADDR_NONE
                0x3fff1d81        0x4 build/app_app.a(CommandDelegate.o)
 *(.gnu.linkonce.b.*)
 *(COMMON)
 *fill*         0x3fff1d85        0x3 
 COMMON         0x3fff1d88       0x70 build/app_app.a(spiffs_sming.o)
                0x3fff1d88                _filesystemStorageHandle
 COMMON         0x3fff1df8        0x8 build/app_app.a(uart.o)
                0x3fff1df8                xUartTaskHandle
                0x3fff1dfc                xQueueUart
                0x3fff1e00                . = ALIGN (0x8)
                0x3fff1e00                _bss_end = ABSOLUTE (.)
                0x3fff1e00                _heap_start = ABSOLUTE (.)

.text           0x40100000     0x6b3c
                0x40100000                _stext = .
                0x40100000                _text_start = ABSOLUTE (.)
 *(.UserEnter.text)
 .UserEnter.text
                0x40100000        0xd c:/Espressif/ESP8266_RTOS_SDK/lib\libmain.a(xtensa_vectors.o)
                                 0x14 (size before relaxing)
                0x40100004                call_user_start
                0x40100010                . = ALIGN (0x10)
 *fill*         0x4010000d        0x3 
 *(.DebugExceptionVector.text)
 .DebugExceptionVector.text
                0x40100010        0x9 c:/Espressif/ESP8266_RTOS_SDK/lib\libmain.a(xtensa_vectors.o)
                                 0x10 (size before relaxing)
                0x40100010                _DebugExceptionVector
                0x40100020                . = ALIGN (0x10)
 *fill*         0x40100019        0x7 
 *(.NMIExceptionVector.text)
 .NMIExceptionVector.text
                0x40100020        0x6 c:/Espressif/ESP8266_RTOS_SDK/lib\libmain.a(xtensa_vectors.o)
                                  0xd (size before relaxing)
                0x40100020                _NMIExceptionVector
                0x40100030                . = ALIGN (0x10)
 *fill*         0x40100026        0xa 
 *(.KernelExceptionVector.text)
 .KernelExceptionVector.text
                0x40100030        0x6 c:/Espressif/ESP8266_RTOS_SDK/lib\libmain.a(xtensa_vectors.o)
                                  0xd (size before relaxing)
                0x40100030                _KernelExceptionVector
                0x40100036        0x4 LONG 0x0
                0x4010003a        0x4 LONG 0x0
                0x4010003e        0x4 LONG 0x0
                0x40100042        0x4 LONG 0x0
                0x40100050                . = ALIGN (0x10)
 *fill*         0x40100046        0xa 
 *(.UserExceptionVector.text)
 .UserExceptionVector.text
                0x40100050        0x6 c:/Espressif/ESP8266_RTOS_SDK/lib\libmain.a(xtensa_vectors.o)
                                  0xd (size before relaxing)
                0x40100050                _UserExceptionVector
                0x40100056        0x4 LONG 0x0
                0x4010005a        0x4 LONG 0x0
                0x4010005e        0x4 LONG 0x0
                0x40100062        0x4 LONG 0x0
                0x40100070                . = ALIGN (0x10)
 *fill*         0x40100066        0xa 
 *(.DoubleExceptionVector.text)
 .DoubleExceptionVector.text
                0x40100070        0x9 c:/Espressif/ESP8266_RTOS_SDK/lib\libmain.a(xtensa_vectors.o)
                                 0x10 (size before relaxing)
                0x40100070                _DoubleExceptionVector
                0x40100079        0x4 LONG 0x0
                0x4010007d        0x4 LONG 0x0
                0x40100081        0x4 LONG 0x0
                0x40100085        0x4 LONG 0x0
                0x40100090                . = ALIGN (0x10)
 *fill*         0x40100089        0x7 
 *(.entry.text)
 *(.init.literal)
 *(.init)
 *(.literal .text .stub .gnu.warning .gnu.linkonce.literal.* .gnu.linkonce.t.*.literal .gnu.linkonce.t.*)
 .text          0x40100090      0x1da c:/Espressif/ESP8266_RTOS_SDK/lib\libmain.a(xtensa_vectors.o)
                                0x212 (size before relaxing)
                0x40100138                _xt_user_exit
 *fill*         0x4010026a        0x2 
 .text          0x4010026c      0x41e c:/Espressif/ESP8266_RTOS_SDK/lib\libmain.a(app_main.o)
                                0x456 (size before relaxing)
                0x40100274                Cache_Read_Enable_New
                0x401003f4                user_fatal_exception_handler
                0x401004cc                do_global_ctors
                0x40100534                user_start
 *fill*         0x4010068a        0x2 
 .text          0x4010068c      0x516 c:/Espressif/ESP8266_RTOS_SDK/lib\libmain.a(printf-stdarg.o)
                                0x536 (size before relaxing)
                0x4010068c                putchar
                0x40100844                print
                0x40100ab8                ets_printf
                0x40100ab8                printf
                0x40100b8c                puts
 *fill*         0x40100ba2        0x2 
 .text          0x40100ba4      0x3f8 c:/Espressif/ESP8266_RTOS_SDK/lib\libmain.a(spi_flash.o)
                                0x4e4 (size before relaxing)
                0x40100ba8                SPIWrite
                0x40100c84                SPIRead
                0x40100cb4                SPIEraseSector
                0x40100cfc                Cache_Read_Disable_2
                0x40100d3c                Cache_Read_Enable_2
                0x40100d78                spi_flash_get_id
                0x40100de8                spi_flash_read_status
                0x40100e28                spi_flash_write_status
                0x40100ea8                spi_flash_erase_sector
                0x40100eec                spi_flash_write
                0x40100f54                spi_flash_read
 .text          0x40100f9c      0x312 c:/Espressif/ESP8266_RTOS_SDK/lib\libmain.a(user_interface.o)
                                0x37e (size before relaxing)
                0x40100fd0                system_restart_in_nmi
                0x401011bc                wifi_set_user_rate_limit
                0x40101200                system_rtc_mem_write
                0x40101258                system_rtc_mem_read
 *fill*         0x401012ae        0x2 
 .text          0x401012b0      0x187 c:/Espressif/ESP8266_RTOS_SDK/lib\libmain.a(os_cpu_a.o)
                                0x1bf (size before relaxing)
                0x401012b0                vPortYield
                0x401012ec                _xt_int_enter
                0x40101304                _xt_int_exit
                0x4010132c                _xt_timer_int
                0x40101360                _xt_timer_int1
                0x4010137c                _xt_tick_timer_init
                0x401013a0                _xt_update_xt_ccompare
                0x401013bc                _xt_set_xt_ccompare_val
                0x401013d4                _xt_isr_unmask
                0x401013f4                _xt_isr_mask
                0x40101418                _xt_read_ints
                0x40101428                _xt_clear_ints
 *fill*         0x40101437        0x1 
 .text          0x40101438      0x28b c:/Espressif/ESP8266_RTOS_SDK/lib\libfreertos.a(heap_4.o)
                                0x2e3 (size before relaxing)
                0x40101438                xPortWantedSizeAlign
                0x40101454                malloc
                0x40101454                pvPortMalloc
                0x40101534                vPortFree
                0x40101534                free
                0x401015c4                calloc
                0x401015c4                pvPortCalloc
                0x401015ec                pvPortZalloc
                0x401015ec                zalloc
                0x40101600                realloc
                0x40101600                pvPortRealloc
 *fill*         0x401016c3        0x1 
 .text          0x401016c4      0x1c9 c:/Espressif/ESP8266_RTOS_SDK/lib\libfreertos.a(port.o)
                                0x225 (size before relaxing)
                0x401016c8                PendSV
                0x4010171c                SoftIsrHdl
                0x4010175c                xPortSysTickHandle
                0x40101774                vPortEnterCritical
                0x40101798                vPortExitCritical
                0x401017c0                PortDisableInt_NoNest
                0x401017e0                PortEnableInt_NoNest
                0x40101800                _xt_isr_handler
 *fill*         0x4010188d        0x3 
 .text          0x40101890       0xc7 c:/Espressif/ESP8266_RTOS_SDK/lib\libfreertos.a(queue.o)
                                 0xd7 (size before relaxing)
                0x40101890                uxQueueMessagesWaitingFromISR
 *fill*         0x40101957        0x1 
 .text          0x40101958      0x2a1 c:/Espressif/ESP8266_RTOS_SDK/lib\libfreertos.a(tasks.o)
                                0x2ed (size before relaxing)
                0x40101968                xTaskIncrementTick
                0x40101ad8                vTaskSwitchContext
                0x40101ba8                vTaskPriorityDisinherit
 *fill*         0x40101bf9        0x3 
 .text          0x40101bfc      0x346 build/app_app.a(Timer.o)
                                0x36a (size before relaxing)
                0x40101c00                Timer::stop()
                0x40101c44                Timer::start(bool)
                0x40101cc4                Timer::processing(void*)
                0x40101d18                Timer::restart()
                0x40101d3c                Timer::setIntervalUs(unsigned long long)
                0x40101dac                Timer::setIntervalMs(unsigned int)
                0x40101dd8                Timer::setCallback(void (*)())
                0x40101e1c                Timer::initializeMs(unsigned int, void (*)())
                0x40101e44                Timer::initializeUs(unsigned int, void (*)())
                0x40101e74                Timer::setCallback(Delegate<void ()>)
                0x40101ea4                Timer::initializeMs(unsigned int, Delegate<void ()>)
                0x40101ef4                Timer::initializeUs(unsigned int, Delegate<void ()>)
 *fill*         0x40101f42        0x2 
 .text          0x40101f44      0x318 build/app_app.a(WString.o)
                                0x340 (size before relaxing)
                0x40101f48                String::compareTo(String const&) const
                0x40101f90                String::equals(String const&) const
                0x40101fb8                String::equals(char const*) const
                0x40102000                String::setCharAt(unsigned int, char)
                0x40102014                String::operator[](unsigned int) const
                0x4010202c                String::charAt(unsigned int) const
                0x40102040                String::operator[](unsigned int)
                0x40102058                String::invalidate()
                0x40102080                String::changeBuffer(unsigned int)
                0x401020b8                String::concat(char const*, unsigned int)
                0x40102114                String::operator=(String const&)
                0x40102144                String::String(String const&)
                0x40102144                String::String(String const&)
                0x40102160                String::operator=(char const*)
                0x40102194                String::String(char const*)
                0x40102194                String::String(char const*)
                0x401021cc                String::String(char const*, unsigned int)
                0x401021cc                String::String(char const*, unsigned int)
                0x401021f0                String::String(String&&)
                0x401021f0                String::String(String&&)
                0x4010220c                String::String(StringSumHelper&&)
                0x4010220c                String::String(StringSumHelper&&)
                0x4010222c                String::indexOf(char) const
                0x40102248                String::indexOf(String const&) const
 .literal       0x4010225c        0x4 c:/Espressif/ESP8266_RTOS_SDK/lib\libmicrogcc.a(_cmpdf2.o)
                                 0x18 (size before relaxing)
 .literal       0x40102260        0x4 c:/Espressif/ESP8266_RTOS_SDK/lib\libgcc.a(_mulsf3.o)
                                 0x10 (size before relaxing)
 .literal       0x40102264        0x0 c:/Espressif/ESP8266_RTOS_SDK/lib\libmicrogcc.a(_fixsfsi.o)
                                  0x4 (size before relaxing)
 .text          0x40102264      0x169 c:/Espressif/ESP8266_RTOS_SDK/lib\libmicrogcc.a(_cmpdf2.o)
                0x40102264                __nedf2
                0x40102264                __eqdf2
                0x40102294                __gtdf2
                0x401022b8                __ledf2
                0x4010231c                __gedf2
                0x40102340                __ltdf2
                0x401023a4                __unorddf2
 *fill*         0x401023cd        0x3 
 .text          0x401023d0      0x15d c:/Espressif/ESP8266_RTOS_SDK/lib\libgcc.a(_mulsf3.o)
                0x40102448                __mulsf3
 *fill*         0x4010252d        0x3 
 .text          0x40102530       0x53 c:/Espressif/ESP8266_RTOS_SDK/lib\libphy.a(phy.o)
                                 0x5f (size before relaxing)
                0x40102538                register_phy_ops
                0x40102558                register_get_phy_addr
                0x40102560                phy_change_channel
                0x40102578                phy_get_mactime
 *fill*         0x40102583        0x1 
 .text          0x40102584       0xaa c:/Espressif/ESP8266_RTOS_SDK/lib\libphy.a(phy_chip_v6_cal.o)
                                 0xb2 (size before relaxing)
                0x40102584                unsign_to_sign
                0x401025bc                phy_get_bb_freqoffset
                0x40102620                phy_get_bb_evm
 *fill*         0x4010262e        0x2 
 .text          0x40102630       0xf3 c:/Espressif/ESP8266_RTOS_SDK/lib\libphy.a(phy_sleep.o)
                                0x103 (size before relaxing)
                0x40102640                pm_rtc_clock_cali
                0x401026f8                clockgate_watchdog
 *fill*         0x40102723        0x1 
 .text          0x40102724        0xb c:/Espressif/ESP8266_RTOS_SDK/lib\libphy.a(phy_chip_v5_romfunc.o)
                0x40102728                phy_get_romfuncs
 *fill*         0x4010272f        0x1 
 .text          0x40102730     0x1694 c:/Espressif/ESP8266_RTOS_SDK/lib\libpp.a(lmac.o)
                               0x1a50 (size before relaxing)
                0x40102734                lmacIsActive
                0x40102748                lmacIsIdle
                0x40102bc8                lmacSetAcParam
                0x40102c4c                lmacProcessTXStartData
                0x40102df0                lmacProcessTxSuccess
                0x40102f2c                GetAccess
                0x40102f38                lmacDiscardAgedMSDU
                0x40102f4c                lmacRecycleMPDU
                0x40103558                lmacProcessTxTimeout
                0x401035c0                lmacProcessAllTxTimeout
                0x401035d8                lmacProcessCollisions
                0x40103638                lmacProcessCollision
                0x401036bc                lmacMSDUAged
                0x40103a48                lmacProcessCtsTimeout
                0x40103a90                lmacProcessAckTimeout
                0x40103ae4                lmacProcessRtsStart
                0x40103af0                lmacProcessTxRtsError
                0x40103b8c                lmacProcessTxError
                0x40103c10                lmacTxFrame
                0x40103dac                lmacRxDone
 .text          0x40103dc4      0xcbd c:/Espressif/ESP8266_RTOS_SDK/lib\libpp.a(pp.o)
                                0xf51 (size before relaxing)
                0x40103f48                ppProcessTxQ
                0x40104008                ppFetchTxQFirstAvail
                0x4010406c                ppDequeueTxQ
                0x401040b8                ppRollBackTxQ
                0x401040fc                ppRecordBarRRC
                0x4010410c                ppTxqUpdateBitmap
                0x40104134                ppEnqueueTxDone
                0x40104178                ppEnqueueRxq
                0x40104714                ppDiscardMPDU
                0x40104744                MacIsrSigPostDefHdl
                0x40104824                pp_post
                0x40104950                ppCalTxop
                0x40104a14                ppCalFrameTimes
 *fill*         0x40104a81        0x3 
 .text          0x40104a84       0xf5 c:/Espressif/ESP8266_RTOS_SDK/lib\libpp.a(rate_control.o)
                                0x109 (size before relaxing)
                0x40104aa4                RC_GetAckRate
                0x40104ab0                RC_GetRtsRate
                0x40104ac0                RC_GetAckTime
                0x40104ad4                RC_GetCtsTime
                0x40104b0c                RC_GetBlockAckTime
 *fill*         0x40104b79        0x3 
 .text          0x40104b7c      0x99d c:/Espressif/ESP8266_RTOS_SDK/lib\libpp.a(trc.o)
                                0xa05 (size before relaxing)
                0x40104d4c                rcUpdateTxDone
                0x40104de0                rcUpdateRxDone
                0x40104e3c                rcUpdateDataRxDone
                0x40104e58                rcGetSched
                0x40104f3c                rcGetRate
                0x4010544c                rcReachRetryLimit
                0x40105464                trc_NeedRTS
 *fill*         0x40105519        0x3 
 .text          0x4010551c     0x1230 c:/Espressif/ESP8266_RTOS_SDK/lib\libpp.a(wdev.o)
                               0x158c (size before relaxing)
                0x40105944                wDev_MacTimSetFunc
                0x40105968                wDev_MacTimArm
                0x401059f8                wDev_MacTim1Arm
                0x40105ab8                wDev_ProcessFiq
                0x40105e34                wDev_EnableTransmit
                0x40105e6c                wDev_DisableTransmit
                0x40105e8c                Tx_Copy2Queue
                0x40105ed4                wDev_ProcessCollision
                0x40105ef8                wDev_GetTxqCollisions
                0x40105f08                wDev_ClearTxqCollisions
                0x40105f24                wDev_SetWaitingQueue
                0x40105f6c                wDev_ClearWaitingQueue
                0x40105f90                wDev_SetFrameAckType
                0x40105ff8                wDev_AppendRxBlocks
                0x4010617c                wDev_AppendRxAmpduLensBlocks
                0x40106280                wDev_GetBAInfo
 .text          0x4010674c       0x7c c:/Espressif/ESP8266_RTOS_SDK/lib\libpp.a(esf_buf.o)
                                 0xa8 (size before relaxing)
                0x40106750                esf_rx_buf_alloc
 .text          0x401067c8        0xb c:/Espressif/ESP8266_RTOS_SDK/lib\libnet80211.a(wl_chm.o)
                0x401067cc                chm_get_current_channel
 *fill*         0x401067d3        0x1 
 .text          0x401067d4       0x17 c:/Espressif/ESP8266_RTOS_SDK/lib\libwpa.a(os_xtensa.o)
                                 0x1b (size before relaxing)
                0x401067d8                r_rand
                0x401067d8                os_random
 *fill*         0x401067eb        0x1 
 .text          0x401067ec       0x63 c:/Espressif/ESP8266_RTOS_SDK/lib\libmain.a(routines.o)
                                 0x73 (size before relaxing)
                0x401067ec                __cxa_deleted_virtual
                0x401067f4                __cxa_pure_virtual
                0x401067fc                operator delete[](void*)
                0x40106810                operator delete(void*)
                0x40106824                operator new[](unsigned int)
                0x40106838                operator new(unsigned int)
                0x4010684c                abort
 *fill*         0x4010684f        0x1 
 .text          0x40106850      0x135 c:/Espressif/ESP8266_RTOS_SDK/lib\libpwm.a(pwm.o)
                                0x141 (size before relaxing)
                0x4010685c                pwm_tim1_intr_handler
 *fill*         0x40106985        0x3 
 .text          0x40106988       0x40 c:/Espressif/ESP8266_RTOS_SDK/lib\libmicrogcc.a(_fixsfsi.o)
                0x40106988                __fixsfsi